Archive member included to satisfy reference by file (symbol)

/home/abiel/.eclipse/com.st.stm32cube.ide.mcu.rcp.product_1.5.0_361741941_linux_gtk_x86_64/plugins/com.st.stm32cube.ide.mcu.externaltools.gnu-tools-for-stm32.9-2020-q2-update.linux64_1.5.0.202011040924/tools/bin/../lib/gcc/arm-none-eabi/9.3.1/../../../../arm-none-eabi/lib/thumb/v7e-m+fp/hard/libstdc++_nano.a(pure.o)
                              Core/Src/main_task.o (__cxa_pure_virtual)
/home/abiel/.eclipse/com.st.stm32cube.ide.mcu.rcp.product_1.5.0_361741941_linux_gtk_x86_64/plugins/com.st.stm32cube.ide.mcu.externaltools.gnu-tools-for-stm32.9-2020-q2-update.linux64_1.5.0.202011040924/tools/bin/../lib/gcc/arm-none-eabi/9.3.1/../../../../arm-none-eabi/lib/thumb/v7e-m+fp/hard/libstdc++_nano.a(eh_terminate.o)
                              /home/abiel/.eclipse/com.st.stm32cube.ide.mcu.rcp.product_1.5.0_361741941_linux_gtk_x86_64/plugins/com.st.stm32cube.ide.mcu.externaltools.gnu-tools-for-stm32.9-2020-q2-update.linux64_1.5.0.202011040924/tools/bin/../lib/gcc/arm-none-eabi/9.3.1/../../../../arm-none-eabi/lib/thumb/v7e-m+fp/hard/libstdc++_nano.a(pure.o) (std::terminate())
/home/abiel/.eclipse/com.st.stm32cube.ide.mcu.rcp.product_1.5.0_361741941_linux_gtk_x86_64/plugins/com.st.stm32cube.ide.mcu.externaltools.gnu-tools-for-stm32.9-2020-q2-update.linux64_1.5.0.202011040924/tools/bin/../lib/gcc/arm-none-eabi/9.3.1/../../../../arm-none-eabi/lib/thumb/v7e-m+fp/hard/libstdc++_nano.a(eh_unex_handler.o)
                              /home/abiel/.eclipse/com.st.stm32cube.ide.mcu.rcp.product_1.5.0_361741941_linux_gtk_x86_64/plugins/com.st.stm32cube.ide.mcu.externaltools.gnu-tools-for-stm32.9-2020-q2-update.linux64_1.5.0.202011040924/tools/bin/../lib/gcc/arm-none-eabi/9.3.1/../../../../arm-none-eabi/lib/thumb/v7e-m+fp/hard/libstdc++_nano.a(eh_terminate.o) (__cxxabiv1::__unexpected_handler)
/home/abiel/.eclipse/com.st.stm32cube.ide.mcu.rcp.product_1.5.0_361741941_linux_gtk_x86_64/plugins/com.st.stm32cube.ide.mcu.externaltools.gnu-tools-for-stm32.9-2020-q2-update.linux64_1.5.0.202011040924/tools/bin/../lib/gcc/arm-none-eabi/9.3.1/../../../../arm-none-eabi/lib/thumb/v7e-m+fp/hard/libstdc++_nano.a(eh_term_handler.o)
                              /home/abiel/.eclipse/com.st.stm32cube.ide.mcu.rcp.product_1.5.0_361741941_linux_gtk_x86_64/plugins/com.st.stm32cube.ide.mcu.externaltools.gnu-tools-for-stm32.9-2020-q2-update.linux64_1.5.0.202011040924/tools/bin/../lib/gcc/arm-none-eabi/9.3.1/../../../../arm-none-eabi/lib/thumb/v7e-m+fp/hard/libstdc++_nano.a(eh_terminate.o) (__cxxabiv1::__terminate_handler)
/home/abiel/.eclipse/com.st.stm32cube.ide.mcu.rcp.product_1.5.0_361741941_linux_gtk_x86_64/plugins/com.st.stm32cube.ide.mcu.externaltools.gnu-tools-for-stm32.9-2020-q2-update.linux64_1.5.0.202011040924/tools/bin/../lib/gcc/arm-none-eabi/9.3.1/../../../../arm-none-eabi/lib/thumb/v7e-m+fp/hard/libc_nano.a(lib_a-abort.o)
                              /home/abiel/.eclipse/com.st.stm32cube.ide.mcu.rcp.product_1.5.0_361741941_linux_gtk_x86_64/plugins/com.st.stm32cube.ide.mcu.externaltools.gnu-tools-for-stm32.9-2020-q2-update.linux64_1.5.0.202011040924/tools/bin/../lib/gcc/arm-none-eabi/9.3.1/../../../../arm-none-eabi/lib/thumb/v7e-m+fp/hard/libstdc++_nano.a(eh_terminate.o) (abort)
/home/abiel/.eclipse/com.st.stm32cube.ide.mcu.rcp.product_1.5.0_361741941_linux_gtk_x86_64/plugins/com.st.stm32cube.ide.mcu.externaltools.gnu-tools-for-stm32.9-2020-q2-update.linux64_1.5.0.202011040924/tools/bin/../lib/gcc/arm-none-eabi/9.3.1/../../../../arm-none-eabi/lib/thumb/v7e-m+fp/hard/libc_nano.a(lib_a-errno.o)
                              Core/Src/syscalls.o (__errno)
/home/abiel/.eclipse/com.st.stm32cube.ide.mcu.rcp.product_1.5.0_361741941_linux_gtk_x86_64/plugins/com.st.stm32cube.ide.mcu.externaltools.gnu-tools-for-stm32.9-2020-q2-update.linux64_1.5.0.202011040924/tools/bin/../lib/gcc/arm-none-eabi/9.3.1/../../../../arm-none-eabi/lib/thumb/v7e-m+fp/hard/libc_nano.a(lib_a-exit.o)
                              /home/abiel/.eclipse/com.st.stm32cube.ide.mcu.rcp.product_1.5.0_361741941_linux_gtk_x86_64/plugins/com.st.stm32cube.ide.mcu.externaltools.gnu-tools-for-stm32.9-2020-q2-update.linux64_1.5.0.202011040924/tools/bin/../lib/gcc/arm-none-eabi/9.3.1/../../../../arm-none-eabi/lib/thumb/v7e-m+fp/hard/crt0.o (exit)
/home/abiel/.eclipse/com.st.stm32cube.ide.mcu.rcp.product_1.5.0_361741941_linux_gtk_x86_64/plugins/com.st.stm32cube.ide.mcu.externaltools.gnu-tools-for-stm32.9-2020-q2-update.linux64_1.5.0.202011040924/tools/bin/../lib/gcc/arm-none-eabi/9.3.1/../../../../arm-none-eabi/lib/thumb/v7e-m+fp/hard/libc_nano.a(lib_a-impure.o)
                              /home/abiel/.eclipse/com.st.stm32cube.ide.mcu.rcp.product_1.5.0_361741941_linux_gtk_x86_64/plugins/com.st.stm32cube.ide.mcu.externaltools.gnu-tools-for-stm32.9-2020-q2-update.linux64_1.5.0.202011040924/tools/bin/../lib/gcc/arm-none-eabi/9.3.1/../../../../arm-none-eabi/lib/thumb/v7e-m+fp/hard/libc_nano.a(lib_a-exit.o) (_global_impure_ptr)
[...]
Memory Configuration

Name             Origin             Length             Attributes
RAM              0x0000000020000000 0x0000000000008000 xrw
FLASH            0x0000000008000000 0x0000000000020000 xr
*default*        0x0000000000000000 0xffffffffffffffff

Linker script and memory map

LOAD /home/abiel/.eclipse/com.st.stm32cube.ide.mcu.rcp.product_1.5.0_361741941_linux_gtk_x86_64/plugins/com.st.stm32cube.ide.mcu.externaltools.gnu-tools-for-stm32.9-2020-q2-update.linux64_1.5.0.202011040924/tools/bin/../lib/gcc/arm-none-eabi/9.3.1/thumb/v7e-m+fp/hard/crti.o
LOAD /home/abiel/.eclipse/com.st.stm32cube.ide.mcu.rcp.product_1.5.0_361741941_linux_gtk_x86_64/plugins/com.st.stm32cube.ide.mcu.externaltools.gnu-tools-for-stm32.9-2020-q2-update.linux64_1.5.0.202011040924/tools/bin/../lib/gcc/arm-none-eabi/9.3.1/thumb/v7e-m+fp/hard/crtbegin.o
LOAD /home/abiel/.eclipse/com.st.stm32cube.ide.mcu.rcp.product_1.5.0_361741941_linux_gtk_x86_64/plugins/com.st.stm32cube.ide.mcu.externaltools.gnu-tools-for-stm32.9-2020-q2-update.linux64_1.5.0.202011040924/tools/bin/../lib/gcc/arm-none-eabi/9.3.1/../../../../arm-none-eabi/lib/thumb/v7e-m+fp/hard/crt0.o
LOAD Core/Src/app_freertos.o
LOAD Core/Src/functions.o
LOAD Core/Src/main.o
LOAD Core/Src/main_task.o
LOAD Core/Src/stm32g4xx_hal_msp.o
LOAD Core/Src/stm32g4xx_hal_timebase_tim.o
LOAD Core/Src/stm32g4xx_it.o
LOAD Core/Src/syscalls.o
LOAD Core/Src/sysmem.o
LOAD Core/Src/system_stm32g4xx.o
LOAD Core/Startup/startup_stm32g431kbtx.o
LOAD Drivers/STM32G4xx_HAL_Driver/Src/stm32g4xx_hal.o
LOAD Drivers/STM32G4xx_HAL_Driver/Src/stm32g4xx_hal_cortex.o
LOAD Drivers/STM32G4xx_HAL_Driver/Src/stm32g4xx_hal_dma.o
LOAD Drivers/STM32G4xx_HAL_Driver/Src/stm32g4xx_hal_dma_ex.o
LOAD Drivers/STM32G4xx_HAL_Driver/Src/stm32g4xx_hal_exti.o
LOAD Drivers/STM32G4xx_HAL_Driver/Src/stm32g4xx_hal_flash.o
LOAD Drivers/STM32G4xx_HAL_Driver/Src/stm32g4xx_hal_flash_ex.o
LOAD Drivers/STM32G4xx_HAL_Driver/Src/stm32g4xx_hal_flash_ramfunc.o
LOAD Drivers/STM32G4xx_HAL_Driver/Src/stm32g4xx_hal_gpio.o
LOAD Drivers/STM32G4xx_HAL_Driver/Src/stm32g4xx_hal_pwr.o
LOAD Drivers/STM32G4xx_HAL_Driver/Src/stm32g4xx_hal_pwr_ex.o
LOAD Drivers/STM32G4xx_HAL_Driver/Src/stm32g4xx_hal_rcc.o
LOAD Drivers/STM32G4xx_HAL_Driver/Src/stm32g4xx_hal_rcc_ex.o
LOAD Drivers/STM32G4xx_HAL_Driver/Src/stm32g4xx_hal_tim.o
LOAD Drivers/STM32G4xx_HAL_Driver/Src/stm32g4xx_hal_tim_ex.o
LOAD Drivers/STM32G4xx_HAL_Driver/Src/stm32g4xx_hal_uart.o
LOAD Drivers/STM32G4xx_HAL_Driver/Src/stm32g4xx_hal_uart_ex.o
LOAD Middlewares/Third_Party/FreeRTOS/Source/CMSIS_RTOS_V2/cmsis_os2.o
LOAD Middlewares/Third_Party/FreeRTOS/Source/croutine.o
LOAD Middlewares/Third_Party/FreeRTOS/Source/event_groups.o
LOAD Middlewares/Third_Party/FreeRTOS/Source/list.o
LOAD Middlewares/Third_Party/FreeRTOS/Source/queue.o
LOAD Middlewares/Third_Party/FreeRTOS/Source/stream_buffer.o
LOAD Middlewares/Third_Party/FreeRTOS/Source/tasks.o
LOAD Middlewares/Third_Party/FreeRTOS/Source/timers.o
LOAD Middlewares/Third_Party/FreeRTOS/Source/portable/GCC/ARM_CM4F/port.o
LOAD Middlewares/Third_Party/FreeRTOS/Source/portable/MemMang/heap_4.o
LOAD ros_lib/duration.o
LOAD ros_lib/time.o
START GROUP
LOAD /home/abiel/.eclipse/com.st.stm32cube.ide.mcu.rcp.product_1.5.0_361741941_linux_gtk_x86_64/plugins/com.st.stm32cube.ide.mcu.externaltools.gnu-tools-for-stm32.9-2020-q2-update.linux64_1.5.0.202011040924/tools/bin/../lib/gcc/arm-none-eabi/9.3.1/../../../../arm-none-eabi/lib/thumb/v7e-m+fp/hard/libstdc++_nano.a
LOAD /home/abiel/.eclipse/com.st.stm32cube.ide.mcu.rcp.product_1.5.0_361741941_linux_gtk_x86_64/plugins/com.st.stm32cube.ide.mcu.externaltools.gnu-tools-for-stm32.9-2020-q2-update.linux64_1.5.0.202011040924/tools/bin/../lib/gcc/arm-none-eabi/9.3.1/../../../../arm-none-eabi/lib/thumb/v7e-m+fp/hard/libsupc++_nano.a
END GROUP
LOAD /home/abiel/.eclipse/com.st.stm32cube.ide.mcu.rcp.product_1.5.0_361741941_linux_gtk_x86_64/plugins/com.st.stm32cube.ide.mcu.externaltools.gnu-tools-for-stm32.9-2020-q2-update.linux64_1.5.0.202011040924/tools/bin/../lib/gcc/arm-none-eabi/9.3.1/../../../../arm-none-eabi/lib/thumb/v7e-m+fp/hard/libstdc++_nano.a
LOAD /home/abiel/.eclipse/com.st.stm32cube.ide.mcu.rcp.product_1.5.0_361741941_linux_gtk_x86_64/plugins/com.st.stm32cube.ide.mcu.externaltools.gnu-tools-for-stm32.9-2020-q2-update.linux64_1.5.0.202011040924/tools/bin/../lib/gcc/arm-none-eabi/9.3.1/../../../../arm-none-eabi/lib/thumb/v7e-m+fp/hard/libm.a
LOAD /home/abiel/.eclipse/com.st.stm32cube.ide.mcu.rcp.product_1.5.0_361741941_linux_gtk_x86_64/plugins/com.st.stm32cube.ide.mcu.externaltools.gnu-tools-for-stm32.9-2020-q2-update.linux64_1.5.0.202011040924/tools/bin/../lib/gcc/arm-none-eabi/9.3.1/../../../../arm-none-eabi/lib/thumb/v7e-m+fp/hard/libc_nano.a
START GROUP
LOAD /home/abiel/.eclipse/com.st.stm32cube.ide.mcu.rcp.product_1.5.0_361741941_linux_gtk_x86_64/plugins/com.st.stm32cube.ide.mcu.externaltools.gnu-tools-for-stm32.9-2020-q2-update.linux64_1.5.0.202011040924/tools/bin/../lib/gcc/arm-none-eabi/9.3.1/thumb/v7e-m+fp/hard/libgcc.a
LOAD /home/abiel/.eclipse/com.st.stm32cube.ide.mcu.rcp.product_1.5.0_361741941_linux_gtk_x86_64/plugins/com.st.stm32cube.ide.mcu.externaltools.gnu-tools-for-stm32.9-2020-q2-update.linux64_1.5.0.202011040924/tools/bin/../lib/gcc/arm-none-eabi/9.3.1/../../../../arm-none-eabi/lib/thumb/v7e-m+fp/hard/libc_nano.a
END GROUP
START GROUP
LOAD /home/abiel/.eclipse/com.st.stm32cube.ide.mcu.rcp.product_1.5.0_361741941_linux_gtk_x86_64/plugins/com.st.stm32cube.ide.mcu.externaltools.gnu-tools-for-stm32.9-2020-q2-update.linux64_1.5.0.202011040924/tools/bin/../lib/gcc/arm-none-eabi/9.3.1/thumb/v7e-m+fp/hard/libgcc.a
LOAD /home/abiel/.eclipse/com.st.stm32cube.ide.mcu.rcp.product_1.5.0_361741941_linux_gtk_x86_64/plugins/com.st.stm32cube.ide.mcu.externaltools.gnu-tools-for-stm32.9-2020-q2-update.linux64_1.5.0.202011040924/tools/bin/../lib/gcc/arm-none-eabi/9.3.1/../../../../arm-none-eabi/lib/thumb/v7e-m+fp/hard/libc_nano.a
LOAD /home/abiel/.eclipse/com.st.stm32cube.ide.mcu.rcp.product_1.5.0_361741941_linux_gtk_x86_64/plugins/com.st.stm32cube.ide.mcu.externaltools.gnu-tools-for-stm32.9-2020-q2-update.linux64_1.5.0.202011040924/tools/bin/../lib/gcc/arm-none-eabi/9.3.1/../../../../arm-none-eabi/lib/thumb/v7e-m+fp/hard/libnosys.a
END GROUP
START GROUP
LOAD /home/abiel/.eclipse/com.st.stm32cube.ide.mcu.rcp.product_1.5.0_361741941_linux_gtk_x86_64/plugins/com.st.stm32cube.ide.mcu.externaltools.gnu-tools-for-stm32.9-2020-q2-update.linux64_1.5.0.202011040924/tools/bin/../lib/gcc/arm-none-eabi/9.3.1/thumb/v7e-m+fp/hard/libgcc.a
LOAD /home/abiel/.eclipse/com.st.stm32cube.ide.mcu.rcp.product_1.5.0_361741941_linux_gtk_x86_64/plugins/com.st.stm32cube.ide.mcu.externaltools.gnu-tools-for-stm32.9-2020-q2-update.linux64_1.5.0.202011040924/tools/bin/../lib/gcc/arm-none-eabi/9.3.1/../../../../arm-none-eabi/lib/thumb/v7e-m+fp/hard/libc_nano.a
LOAD /home/abiel/.eclipse/com.st.stm32cube.ide.mcu.rcp.product_1.5.0_361741941_linux_gtk_x86_64/plugins/com.st.stm32cube.ide.mcu.externaltools.gnu-tools-for-stm32.9-2020-q2-update.linux64_1.5.0.202011040924/tools/bin/../lib/gcc/arm-none-eabi/9.3.1/../../../../arm-none-eabi/lib/thumb/v7e-m+fp/hard/libnosys.a
END GROUP
LOAD /home/abiel/.eclipse/com.st.stm32cube.ide.mcu.rcp.product_1.5.0_361741941_linux_gtk_x86_64/plugins/com.st.stm32cube.ide.mcu.externaltools.gnu-tools-for-stm32.9-2020-q2-update.linux64_1.5.0.202011040924/tools/bin/../lib/gcc/arm-none-eabi/9.3.1/thumb/v7e-m+fp/hard/crtend.o
LOAD /home/abiel/.eclipse/com.st.stm32cube.ide.mcu.rcp.product_1.5.0_361741941_linux_gtk_x86_64/plugins/com.st.stm32cube.ide.mcu.externaltools.gnu-tools-for-stm32.9-2020-q2-update.linux64_1.5.0.202011040924/tools/bin/../lib/gcc/arm-none-eabi/9.3.1/thumb/v7e-m+fp/hard/crtn.o
                0x0000000020008000                _estack = (ORIGIN (RAM) + LENGTH (RAM))
                0x0000000000000200                _Min_Heap_Size = 0x200
                0x0000000000000400                _Min_Stack_Size = 0x400

.isr_vector     0x0000000008000000      0x1d8
                0x0000000008000000                . = ALIGN (0x4)
 *(.isr_vector)
 .isr_vector    0x0000000008000000      0x1d8 Core/Startup/startup_stm32g431kbtx.o
                0x0000000008000000                g_pfnVectors
                0x00000000080001d8                . = ALIGN (0x4)

.text           0x00000000080001e0     0xad08
                0x00000000080001e0                . = ALIGN (0x4)
 *(.text)
 .text          0x00000000080001e0       0x40 /home/abiel/.eclipse/com.st.stm32cube.ide.mcu.rcp.product_1.5.0_361741941_linux_gtk_x86_64/plugins/com.st.stm32cube.ide.mcu.externaltools.gnu-tools-for-stm32.9-2020-q2-update.linux64_1.5.0.202011040924/tools/bin/../lib/gcc/arm-none-eabi/9.3.1/thumb/v7e-m+fp/hard/crtbegin.o
 .text          0x0000000008000220       0x10 /home/abiel/.eclipse/com.st.stm32cube.ide.mcu.rcp.product_1.5.0_361741941_linux_gtk_x86_64/plugins/com.st.stm32cube.ide.mcu.externaltools.gnu-tools-for-stm32.9-2020-q2-update.linux64_1.5.0.202011040924/tools/bin/../lib/gcc/arm-none-eabi/9.3.1/../../../../arm-none-eabi/lib/thumb/v7e-m+fp/hard/libc_nano.a(lib_a-strlen.o)
                0x0000000008000220                strlen
 .text          0x0000000008000230      0x378 /home/abiel/.eclipse/com.st.stm32cube.ide.mcu.rcp.product_1.5.0_361741941_linux_gtk_x86_64/plugins/com.st.stm32cube.ide.mcu.externaltools.gnu-tools-for-stm32.9-2020-q2-update.linux64_1.5.0.202011040924/tools/bin/../lib/gcc/arm-none-eabi/9.3.1/thumb/v7e-m+fp/hard/libgcc.a(_arm_addsubdf3.o)
                0x0000000008000230                __aeabi_drsub
                0x0000000008000238                __aeabi_dsub
                0x0000000008000238                __subdf3
                0x000000000800023c                __adddf3
                0x000000000800023c                __aeabi_dadd
                0x00000000080004b4                __aeabi_ui2d
                0x00000000080004b4                __floatunsidf
                0x00000000080004d4                __floatsidf
                0x00000000080004d4                __aeabi_i2d
                0x00000000080004f8                __extendsfdf2
                0x00000000080004f8                __aeabi_f2d
                0x000000000800053c                __aeabi_ul2d
                0x000000000800053c                __floatundidf
                0x000000000800054c                __floatdidf
                0x000000000800054c                __aeabi_l2d
 .text          0x00000000080005a8      0x424 /home/abiel/.eclipse/com.st.stm32cube.ide.mcu.rcp.product_1.5.0_361741941_linux_gtk_x86_64/plugins/com.st.stm32cube.ide.mcu.externaltools.gnu-tools-for-stm32.9-2020-q2-update.linux64_1.5.0.202011040924/tools/bin/../lib/gcc/arm-none-eabi/9.3.1/thumb/v7e-m+fp/hard/libgcc.a(_arm_muldivdf3.o)
                0x00000000080005a8                __aeabi_dmul
                0x00000000080005a8                __muldf3
                0x00000000080007fc                __aeabi_ddiv
                0x00000000080007fc                __divdf3
 .text          0x00000000080009cc       0xa0 /home/abiel/.eclipse/com.st.stm32cube.ide.mcu.rcp.product_1.5.0_361741941_linux_gtk_x86_64/plugins/com.st.stm32cube.ide.mcu.externaltools.gnu-tools-for-stm32.9-2020-q2-update.linux64_1.5.0.202011040924/tools/bin/../lib/gcc/arm-none-eabi/9.3.1/thumb/v7e-m+fp/hard/libgcc.a(_arm_truncdfsf2.o)
                0x00000000080009cc                __aeabi_d2f
                0x00000000080009cc                __truncdfsf2
 .text          0x0000000008000a6c       0x30 /home/abiel/.eclipse/com.st.stm32cube.ide.mcu.rcp.product_1.5.0_361741941_linux_gtk_x86_64/plugins/com.st.stm32cube.ide.mcu.externaltools.gnu-tools-for-stm32.9-2020-q2-update.linux64_1.5.0.202011040924/tools/bin/../lib/gcc/arm-none-eabi/9.3.1/thumb/v7e-m+fp/hard/libgcc.a(_aeabi_uldivmod.o)
                0x0000000008000a6c                __aeabi_uldivmod
 .text          0x0000000008000a9c      0x2c4 /home/abiel/.eclipse/com.st.stm32cube.ide.mcu.rcp.product_1.5.0_361741941_linux_gtk_x86_64/plugins/com.st.stm32cube.ide.mcu.externaltools.gnu-tools-for-stm32.9-2020-q2-update.linux64_1.5.0.202011040924/tools/bin/../lib/gcc/arm-none-eabi/9.3.1/thumb/v7e-m+fp/hard/libgcc.a(_udivmoddi4.o)
                0x0000000008000a9c                __udivmoddi4
 .text          0x0000000008000d60        0x4 /home/abiel/.eclipse/com.st.stm32cube.ide.mcu.rcp.product_1.5.0_361741941_linux_gtk_x86_64/plugins/com.st.stm32cube.ide.mcu.externaltools.gnu-tools-for-stm32.9-2020-q2-update.linux64_1.5.0.202011040924/tools/bin/../lib/gcc/arm-none-eabi/9.3.1/thumb/v7e-m+fp/hard/libgcc.a(_dvmd_tls.o)
                0x0000000008000d60                __aeabi_ldiv0
                0x0000000008000d60                __aeabi_idiv0
 *(.text*)
 .text.vApplicationStackOverflowHook
                0x0000000008000d64       0x16 Core/Src/app_freertos.o
                0x0000000008000d64                vApplicationStackOverflowHook
 *fill*         0x0000000008000d7a        0x2 
 .text.SERVO_RawMove
                0x0000000008000d7c       0x68 Core/Src/functions.o
                0x0000000008000d7c                SERVO_RawMove
 .text.autonomous_Mode
                0x0000000008000de4       0x46 Core/Src/functions.o
                0x0000000008000de4                autonomous_Mode
 .text.map      0x0000000008000e2a       0x5c Core/Src/functions.o
                0x0000000008000e2a                map
 .text.RGB_color
                0x0000000008000e86       0x4a Core/Src/functions.o
                0x0000000008000e86                RGB_color
 .text.power_Difference
                0x0000000008000ed0      0x2a4 Core/Src/functions.o
                0x0000000008000ed0                power_Difference
 .text.select   0x0000000008001174       0xc4 Core/Src/functions.o
                0x0000000008001174                select
 .text.main     0x0000000008001238       0x88 Core/Src/main.o
                0x0000000008001238                main
 .text.SystemClock_Config
                0x00000000080012c0       0xce Core/Src/main.o
                0x00000000080012c0                SystemClock_Config
 *fill*         0x000000000800138e        0x2 
 .text.MX_TIM2_Init
                0x0000000008001390      0x108 Core/Src/main.o
 .text.MX_TIM8_Init
                0x0000000008001498       0xe0 Core/Src/main.o
 .text.MX_USART1_UART_Init
                0x0000000008001578       0x98 Core/Src/main.o
 .text.MX_USART2_UART_Init
                0x0000000008001610       0x98 Core/Src/main.o
 .text.MX_DMA_Init
                0x00000000080016a8       0x64 Core/Src/main.o
 .text.MX_GPIO_Init
                0x000000000800170c       0x80 Core/Src/main.o
 .text.idle_task_update
                0x000000000800178c       0x12 Core/Src/main.o
                0x000000000800178c                idle_task_update
 .text.main_task_thread
                0x000000000800179e       0x16 Core/Src/main.o
                0x000000000800179e                main_task_thread
 .text.HAL_TIM_PeriodElapsedCallback
                0x00000000080017b4       0x24 Core/Src/main.o
                0x00000000080017b4                HAL_TIM_PeriodElapsedCallback
 .text.Error_Handler
                0x00000000080017d8        0xa Core/Src/main.o
                0x00000000080017d8                Error_Handler
 .text._ZN3ros4TimeC2Ev
                0x00000000080017e2       0x22 Core/Src/main_task.o
                0x00000000080017e2                ros::Time::Time()
                0x00000000080017e2                ros::Time::Time()
 .text._ZN3ros3MsgC2Ev
                0x0000000008001804       0x20 Core/Src/main_task.o
                0x0000000008001804                ros::Msg::Msg()
                0x0000000008001804                ros::Msg::Msg()
 .text._ZN8std_msgs4TimeC2Ev
                0x0000000008001824       0x30 Core/Src/main_task.o
                0x0000000008001824                std_msgs::Time::Time()
                0x0000000008001824                std_msgs::Time::Time()
 .text._ZNK8std_msgs4Time9serializeEPh
                0x0000000008001854       0xb0 Core/Src/main_task.o
                0x0000000008001854                std_msgs::Time::serialize(unsigned char*) const
 .text._ZN8std_msgs4Time11deserializeEPh
                0x0000000008001904       0xc8 Core/Src/main_task.o
                0x0000000008001904                std_msgs::Time::deserialize(unsigned char*)
 .text._ZN8std_msgs4Time7getTypeEv
                0x00000000080019cc       0x1c Core/Src/main_task.o
                0x00000000080019cc                std_msgs::Time::getType()
 .text._ZN8std_msgs4Time6getMD5Ev
                0x00000000080019e8       0x1c Core/Src/main_task.o
                0x00000000080019e8                std_msgs::Time::getMD5()
 .text._ZN14rosserial_msgs9TopicInfoC2Ev
                0x0000000008001a04       0x48 Core/Src/main_task.o
                0x0000000008001a04                rosserial_msgs::TopicInfo::TopicInfo()
                0x0000000008001a04                rosserial_msgs::TopicInfo::TopicInfo()
 .text._ZNK14rosserial_msgs9TopicInfo9serializeEPh
                0x0000000008001a4c      0x136 Core/Src/main_task.o
                0x0000000008001a4c                rosserial_msgs::TopicInfo::serialize(unsigned char*) const
 .text._ZN14rosserial_msgs9TopicInfo11deserializeEPh
                0x0000000008001b82      0x1d0 Core/Src/main_task.o
                0x0000000008001b82                rosserial_msgs::TopicInfo::deserialize(unsigned char*)
 *fill*         0x0000000008001d52        0x2 
 .text._ZN14rosserial_msgs9TopicInfo7getTypeEv
                0x0000000008001d54       0x1c Core/Src/main_task.o
                0x0000000008001d54                rosserial_msgs::TopicInfo::getType()
 .text._ZN14rosserial_msgs9TopicInfo6getMD5Ev
                0x0000000008001d70       0x1c Core/Src/main_task.o
                0x0000000008001d70                rosserial_msgs::TopicInfo::getMD5()
 .text._ZN14rosserial_msgs3LogC2Ev
                0x0000000008001d8c       0x34 Core/Src/main_task.o
                0x0000000008001d8c                rosserial_msgs::Log::Log()
                0x0000000008001d8c                rosserial_msgs::Log::Log()
 .text._ZNK14rosserial_msgs3Log9serializeEPh
                0x0000000008001dc0       0x64 Core/Src/main_task.o
                0x0000000008001dc0                rosserial_msgs::Log::serialize(unsigned char*) const
 .text._ZN14rosserial_msgs3Log11deserializeEPh
                0x0000000008001e24       0x90 Core/Src/main_task.o
                0x0000000008001e24                rosserial_msgs::Log::deserialize(unsigned char*)
 .text._ZN14rosserial_msgs3Log7getTypeEv
                0x0000000008001eb4       0x1c Core/Src/main_task.o
                0x0000000008001eb4                rosserial_msgs::Log::getType()
 .text._ZN14rosserial_msgs3Log6getMD5Ev
                0x0000000008001ed0       0x1c Core/Src/main_task.o
                0x0000000008001ed0                rosserial_msgs::Log::getMD5()
 .text._ZN14rosserial_msgs20RequestParamResponseC2Ev
                0x0000000008001eec       0x5c Core/Src/main_task.o
                0x0000000008001eec                rosserial_msgs::RequestParamResponse::RequestParamResponse()
                0x0000000008001eec                rosserial_msgs::RequestParamResponse::RequestParamResponse()
 .text._ZNK14rosserial_msgs20RequestParamResponse9serializeEPh
                0x0000000008001f48      0x222 Core/Src/main_task.o
                0x0000000008001f48                rosserial_msgs::RequestParamResponse::serialize(unsigned char*) const
 .text._ZN14rosserial_msgs20RequestParamResponse11deserializeEPh
                0x000000000800216a      0x2e2 Core/Src/main_task.o
                0x000000000800216a                rosserial_msgs::RequestParamResponse::deserialize(unsigned char*)
 .text._ZN14rosserial_msgs20RequestParamResponse7getTypeEv
                0x000000000800244c       0x1c Core/Src/main_task.o
                0x000000000800244c                rosserial_msgs::RequestParamResponse::getType()
 .text._ZN14rosserial_msgs20RequestParamResponse6getMD5Ev
                0x0000000008002468       0x1c Core/Src/main_task.o
                0x0000000008002468                rosserial_msgs::RequestParamResponse::getMD5()
 .text._ZN3ros9PublisherC2EPKcPNS_3MsgEi
                0x0000000008002484       0x2e Core/Src/main_task.o
                0x0000000008002484                ros::Publisher::Publisher(char const*, ros::Msg*, int)
                0x0000000008002484                ros::Publisher::Publisher(char const*, ros::Msg*, int)
 .text._ZN3ros9Publisher7publishEPKNS_3MsgE
                0x00000000080024b2       0x28 Core/Src/main_task.o
                0x00000000080024b2                ros::Publisher::publish(ros::Msg const*)
 .text._ZN3ros9Publisher15getEndpointTypeEv
                0x00000000080024da       0x18 Core/Src/main_task.o
                0x00000000080024da                ros::Publisher::getEndpointType()
 .text._ZN13STM32Hardware10getRdmaIndEv
                0x00000000080024f2       0x26 Core/Src/main_task.o
                0x00000000080024f2                STM32Hardware::getRdmaInd()
 .text._ZN13STM32HardwareC2Ev
                0x0000000008002518       0x38 Core/Src/main_task.o
                0x0000000008002518                STM32Hardware::STM32Hardware()
                0x0000000008002518                STM32Hardware::STM32Hardware()
 .text._ZN13STM32Hardware4initEv
                0x0000000008002550       0x16 Core/Src/main_task.o
                0x0000000008002550                STM32Hardware::init()
 .text._ZN13STM32Hardware10reset_rbufEv
                0x0000000008002566       0x22 Core/Src/main_task.o
                0x0000000008002566                STM32Hardware::reset_rbuf()
 .text._ZN13STM32Hardware4readEv
                0x0000000008002588       0x5a Core/Src/main_task.o
                0x0000000008002588                STM32Hardware::read()
 *fill*         0x00000000080025e2        0x2 
 .text._ZN13STM32Hardware5flushEv
                0x00000000080025e4       0xb8 Core/Src/main_task.o
                0x00000000080025e4                STM32Hardware::flush()
 .text._ZN13STM32Hardware5writeEPhi
                0x000000000800269c       0x8c Core/Src/main_task.o
                0x000000000800269c                STM32Hardware::write(unsigned char*, int)
 .text._ZN13STM32Hardware4timeEv
                0x0000000008002728       0x16 Core/Src/main_task.o
                0x0000000008002728                STM32Hardware::time()
 *fill*         0x000000000800273e        0x2 
 .text._ZN8std_msgs6UInt16C2Ev
                0x0000000008002740       0x2c Core/Src/main_task.o
                0x0000000008002740                std_msgs::UInt16::UInt16()
                0x0000000008002740                std_msgs::UInt16::UInt16()
 .text._ZNK8std_msgs6UInt169serializeEPh
                0x000000000800276c       0x44 Core/Src/main_task.o
                0x000000000800276c                std_msgs::UInt16::serialize(unsigned char*) const
 .text._ZN8std_msgs6UInt1611deserializeEPh
                0x00000000080027b0       0x4e Core/Src/main_task.o
                0x00000000080027b0                std_msgs::UInt16::deserialize(unsigned char*)
 *fill*         0x00000000080027fe        0x2 
 .text._ZN8std_msgs6UInt167getTypeEv
                0x0000000008002800       0x1c Core/Src/main_task.o
                0x0000000008002800                std_msgs::UInt16::getType()
 .text._ZN8std_msgs6UInt166getMD5Ev
                0x000000000800281c       0x1c Core/Src/main_task.o
                0x000000000800281c                std_msgs::UInt16::getMD5()
 .text._ZN8std_msgs5UInt8C2Ev
                0x0000000008002838       0x2c Core/Src/main_task.o
                0x0000000008002838                std_msgs::UInt8::UInt8()
                0x0000000008002838                std_msgs::UInt8::UInt8()
 .text._ZNK8std_msgs5UInt89serializeEPh
                0x0000000008002864       0x2e Core/Src/main_task.o
                0x0000000008002864                std_msgs::UInt8::serialize(unsigned char*) const
 .text._ZN8std_msgs5UInt811deserializeEPh
                0x0000000008002892       0x2e Core/Src/main_task.o
                0x0000000008002892                std_msgs::UInt8::deserialize(unsigned char*)
 .text._ZN8std_msgs5UInt87getTypeEv
                0x00000000080028c0       0x1c Core/Src/main_task.o
                0x00000000080028c0                std_msgs::UInt8::getType()
 .text._ZN8std_msgs5UInt86getMD5Ev
                0x00000000080028dc       0x1c Core/Src/main_task.o
                0x00000000080028dc                std_msgs::UInt8::getMD5()
 .text._Z8right_cbRKN8std_msgs6UInt16E
                0x00000000080028f8       0x24 Core/Src/main_task.o
                0x00000000080028f8                right_cb(std_msgs::UInt16 const&)
 .text._Z7left_cbRKN8std_msgs6UInt16E
                0x000000000800291c       0x24 Core/Src/main_task.o
                0x000000000800291c                left_cb(std_msgs::UInt16 const&)
 .text._ZN3ros15NodeHandleBase_C2Ev
                0x0000000008002940       0x20 Core/Src/main_task.o
                0x0000000008002940                ros::NodeHandleBase_::NodeHandleBase_()
                0x0000000008002940                ros::NodeHandleBase_::NodeHandleBase_()
 .text._ZN3ros11NodeHandle_I13STM32HardwareLi25ELi25ELi512ELi512EEC2Ev
                0x0000000008002960       0xf0 Core/Src/main_task.o
                0x0000000008002960                ros::NodeHandle_<STM32Hardware, 25, 25, 512, 512>::NodeHandle_()
                0x0000000008002960                ros::NodeHandle_<STM32Hardware, 25, 25, 512, 512>::NodeHandle_()
 .text.main_task_update
                0x0000000008002a50      0x18c Core/Src/main_task.o
                0x0000000008002a50                main_task_update
 .text._ZN3ros3Msg8varToArrIPhmEEvT_T0_
                0x0000000008002bdc       0x3c Core/Src/main_task.o
                0x0000000008002bdc                void ros::Msg::varToArr<unsigned char*, unsigned long>(unsigned char*, unsigned long)
 .text._ZN3ros3Msg8arrToVarImPhEEvRT_T0_
                0x0000000008002c18       0x4a Core/Src/main_task.o
                0x0000000008002c18                void ros::Msg::arrToVar<unsigned long, unsigned char*>(unsigned long&, unsigned char*)
 *fill*         0x0000000008002c62        0x2 
 .text._ZN3ros11Subscriber_C2Ev
                0x0000000008002c64       0x20 Core/Src/main_task.o
                0x0000000008002c64                ros::Subscriber_::Subscriber_()
                0x0000000008002c64                ros::Subscriber_::Subscriber_()
 .text._ZN3ros10SubscriberIN8std_msgs6UInt16EvEC2EPKcPFvRKS2_Ei
                0x0000000008002c84       0x48 Core/Src/main_task.o
                0x0000000008002c84                ros::Subscriber<std_msgs::UInt16, void>::Subscriber(char const*, void (*)(std_msgs::UInt16 const&), int)
                0x0000000008002c84                ros::Subscriber<std_msgs::UInt16, void>::Subscriber(char const*, void (*)(std_msgs::UInt16 const&), int)
 .text._ZN3ros11NodeHandle_I13STM32HardwareLi25ELi25ELi512ELi512EE8initNodeEv
                0x0000000008002ccc       0x3a Core/Src/main_task.o
                0x0000000008002ccc                ros::NodeHandle_<STM32Hardware, 25, 25, 512, 512>::initNode()
 .text._ZN3ros11NodeHandle_I13STM32HardwareLi25ELi25ELi512ELi512EE9advertiseERNS_9PublisherE
                0x0000000008002d06       0x60 Core/Src/main_task.o
                0x0000000008002d06                ros::NodeHandle_<STM32Hardware, 25, 25, 512, 512>::advertise(ros::Publisher&)
 .text._ZN3ros11NodeHandle_I13STM32HardwareLi25ELi25ELi512ELi512EE9subscribeERNS_11Subscriber_E
                0x0000000008002d66       0x56 Core/Src/main_task.o
                0x0000000008002d66                ros::NodeHandle_<STM32Hardware, 25, 25, 512, 512>::subscribe(ros::Subscriber_&)
 .text._ZN3ros11NodeHandle_I13STM32HardwareLi25ELi25ELi512ELi512EE8spinOnceEv
                0x0000000008002dbc      0x3b2 Core/Src/main_task.o
                0x0000000008002dbc                ros::NodeHandle_<STM32Hardware, 25, 25, 512, 512>::spinOnce()
 .text._ZN3ros11NodeHandle_I13STM32HardwareLi25ELi25ELi512ELi512EE15requestSyncTimeEv
                0x000000000800316e       0x3c Core/Src/main_task.o
                0x000000000800316e                ros::NodeHandle_<STM32Hardware, 25, 25, 512, 512>::requestSyncTime()
 .text._ZN3ros11NodeHandle_I13STM32HardwareLi25ELi25ELi512ELi512EE15negotiateTopicsEv
                0x00000000080031aa      0x1be Core/Src/main_task.o
                0x00000000080031aa                ros::NodeHandle_<STM32Hardware, 25, 25, 512, 512>::negotiateTopics()
 .text._ZN3ros11NodeHandle_I13STM32HardwareLi25ELi25ELi512ELi512EE8syncTimeEPh
                0x0000000008003368       0x98 Core/Src/main_task.o
                0x0000000008003368                ros::NodeHandle_<STM32Hardware, 25, 25, 512, 512>::syncTime(unsigned char*)
 .text._ZN3ros11NodeHandle_I13STM32HardwareLi25ELi25ELi512ELi512EE7publishEiPKNS_3MsgE
                0x0000000008003400      0x124 Core/Src/main_task.o
                0x0000000008003400                ros::NodeHandle_<STM32Hardware, 25, 25, 512, 512>::publish(int, ros::Msg const*)
 .text._ZN3ros11NodeHandle_I13STM32HardwareLi25ELi25ELi512ELi512EE6setNowERKNS_4TimeE
                0x0000000008003524       0x80 Core/Src/main_task.o
                0x0000000008003524                ros::NodeHandle_<STM32Hardware, 25, 25, 512, 512>::setNow(ros::Time const&)
 .text._ZN3ros11NodeHandle_I13STM32HardwareLi25ELi25ELi512ELi512EE8logerrorEPKc
                0x00000000080035a4       0x1c Core/Src/main_task.o
                0x00000000080035a4                ros::NodeHandle_<STM32Hardware, 25, 25, 512, 512>::logerror(char const*)
 .text._ZN3ros11NodeHandle_I13STM32HardwareLi25ELi25ELi512ELi512EE3logEcPKc
                0x00000000080035c0       0x38 Core/Src/main_task.o
                0x00000000080035c0                ros::NodeHandle_<STM32Hardware, 25, 25, 512, 512>::log(char, char const*)
 .text._ZN3ros10SubscriberIN8std_msgs6UInt16EvE8callbackEPh
                0x00000000080035f8       0x2a Core/Src/main_task.o
                0x00000000080035f8                ros::Subscriber<std_msgs::UInt16, void>::callback(unsigned char*)
 .text._ZN3ros10SubscriberIN8std_msgs6UInt16EvE15getEndpointTypeEv
                0x0000000008003622       0x18 Core/Src/main_task.o
                0x0000000008003622                ros::Subscriber<std_msgs::UInt16, void>::getEndpointType()
 .text._ZN3ros10SubscriberIN8std_msgs6UInt16EvE10getMsgTypeEv
                0x000000000800363a       0x1c Core/Src/main_task.o
                0x000000000800363a                ros::Subscriber<std_msgs::UInt16, void>::getMsgType()
 .text._ZN3ros10SubscriberIN8std_msgs6UInt16EvE9getMsgMD5Ev
                0x0000000008003656       0x1c Core/Src/main_task.o
                0x0000000008003656                ros::Subscriber<std_msgs::UInt16, void>::getMsgMD5()
 .text._ZN3ros11NodeHandle_I13STM32HardwareLi25ELi25ELi512ELi512EE9connectedEv
                0x0000000008003672       0x1a Core/Src/main_task.o
                0x0000000008003672                ros::NodeHandle_<STM32Hardware, 25, 25, 512, 512>::connected()
 .text.HAL_MspInit
                0x000000000800368c       0x54 Core/Src/stm32g4xx_hal_msp.o
                0x000000000800368c                HAL_MspInit
 .text.HAL_TIM_Base_MspInit
                0x00000000080036e0       0x3c Core/Src/stm32g4xx_hal_msp.o
                0x00000000080036e0                HAL_TIM_Base_MspInit
 .text.HAL_TIM_IC_MspInit
                0x000000000800371c       0x88 Core/Src/stm32g4xx_hal_msp.o
                0x000000000800371c                HAL_TIM_IC_MspInit
 .text.HAL_TIM_MspPostInit
                0x00000000080037a4       0x68 Core/Src/stm32g4xx_hal_msp.o
                0x00000000080037a4                HAL_TIM_MspPostInit
 .text.HAL_UART_MspInit
                0x000000000800380c      0x19c Core/Src/stm32g4xx_hal_msp.o
                0x000000000800380c                HAL_UART_MspInit
 .text.HAL_InitTick
                0x00000000080039a8       0xe0 Core/Src/stm32g4xx_hal_timebase_tim.o
                0x00000000080039a8                HAL_InitTick
 .text.NMI_Handler
                0x0000000008003a88        0xe Core/Src/stm32g4xx_it.o
                0x0000000008003a88                NMI_Handler
 .text.HardFault_Handler
                0x0000000008003a96        0x6 Core/Src/stm32g4xx_it.o
                0x0000000008003a96                HardFault_Handler
 .text.MemManage_Handler
                0x0000000008003a9c        0x6 Core/Src/stm32g4xx_it.o
                0x0000000008003a9c                MemManage_Handler
 .text.BusFault_Handler
                0x0000000008003aa2        0x6 Core/Src/stm32g4xx_it.o
                0x0000000008003aa2                BusFault_Handler
 .text.UsageFault_Handler
                0x0000000008003aa8        0x6 Core/Src/stm32g4xx_it.o
                0x0000000008003aa8                UsageFault_Handler
 .text.DebugMon_Handler
                0x0000000008003aae        0xe Core/Src/stm32g4xx_it.o
                0x0000000008003aae                DebugMon_Handler
 .text.DMA1_Channel1_IRQHandler
                0x0000000008003abc       0x14 Core/Src/stm32g4xx_it.o
                0x0000000008003abc                DMA1_Channel1_IRQHandler
 .text.DMA1_Channel2_IRQHandler
                0x0000000008003ad0       0x14 Core/Src/stm32g4xx_it.o
                0x0000000008003ad0                DMA1_Channel2_IRQHandler
 .text.TIM1_TRG_COM_TIM17_IRQHandler
                0x0000000008003ae4       0x14 Core/Src/stm32g4xx_it.o
                0x0000000008003ae4                TIM1_TRG_COM_TIM17_IRQHandler
 .text._getpid  0x0000000008003af8       0x10 Core/Src/syscalls.o
                0x0000000008003af8                _getpid
 .text._kill    0x0000000008003b08       0x20 Core/Src/syscalls.o
                0x0000000008003b08                _kill
 .text._exit    0x0000000008003b28       0x14 Core/Src/syscalls.o
                0x0000000008003b28                _exit
 .text._sbrk    0x0000000008003b3c       0x6c Core/Src/sysmem.o
                0x0000000008003b3c                _sbrk
 .text.SystemInit
                0x0000000008003ba8       0x2c Core/Src/system_stm32g4xx.o
                0x0000000008003ba8                SystemInit
 .text.Reset_Handler
                0x0000000008003bd4       0x50 Core/Startup/startup_stm32g431kbtx.o
                0x0000000008003bd4                Reset_Handler
 .text.Default_Handler
                0x0000000008003c24        0x2 Core/Startup/startup_stm32g431kbtx.o
                0x0000000008003c24                RTC_Alarm_IRQHandler
                0x0000000008003c24                EXTI2_IRQHandler
                0x0000000008003c24                TIM8_TRG_COM_IRQHandler
                0x0000000008003c24                TIM8_CC_IRQHandler
                0x0000000008003c24                TIM1_CC_IRQHandler
                0x0000000008003c24                USB_HP_IRQHandler
                0x0000000008003c24                CORDIC_IRQHandler
                0x0000000008003c24                EXTI3_IRQHandler
                0x0000000008003c24                I2C3_ER_IRQHandler
                0x0000000008003c24                EXTI0_IRQHandler
                0x0000000008003c24                I2C2_EV_IRQHandler
                0x0000000008003c24                FPU_IRQHandler
                0x0000000008003c24                FDCAN1_IT1_IRQHandler
                0x0000000008003c24                TIM1_UP_TIM16_IRQHandler
                0x0000000008003c24                ADC1_2_IRQHandler
                0x0000000008003c24                SPI1_IRQHandler
                0x0000000008003c24                TIM6_DAC_IRQHandler
                0x0000000008003c24                TIM8_UP_IRQHandler
                0x0000000008003c24                DMA2_Channel2_IRQHandler
                0x0000000008003c24                DMA1_Channel4_IRQHandler
                0x0000000008003c24                USART3_IRQHandler
                0x0000000008003c24                TIM4_IRQHandler
                0x0000000008003c24                DMA2_Channel1_IRQHandler
                0x0000000008003c24                I2C1_EV_IRQHandler
                0x0000000008003c24                DMA1_Channel6_IRQHandler
                0x0000000008003c24                UART4_IRQHandler
                0x0000000008003c24                DMA2_Channel4_IRQHandler
                0x0000000008003c24                TIM3_IRQHandler
                0x0000000008003c24                RCC_IRQHandler
                0x0000000008003c24                Default_Handler
                0x0000000008003c24                RTC_TAMP_LSECSS_IRQHandler
                0x0000000008003c24                FMAC_IRQHandler
                0x0000000008003c24                EXTI15_10_IRQHandler
                0x0000000008003c24                TIM7_IRQHandler
                0x0000000008003c24                UCPD1_IRQHandler
                0x0000000008003c24                I2C3_EV_IRQHandler
                0x0000000008003c24                EXTI9_5_IRQHandler
                0x0000000008003c24                RTC_WKUP_IRQHandler
                0x0000000008003c24                PVD_PVM_IRQHandler
                0x0000000008003c24                SPI2_IRQHandler
                0x0000000008003c24                DMA2_Channel5_IRQHandler
                0x0000000008003c24                CRS_IRQHandler
                0x0000000008003c24                DMA1_Channel5_IRQHandler
                0x0000000008003c24                USB_LP_IRQHandler
                0x0000000008003c24                EXTI4_IRQHandler
                0x0000000008003c24                RNG_IRQHandler
                0x0000000008003c24                DMA1_Channel3_IRQHandler
                0x0000000008003c24                WWDG_IRQHandler
                0x0000000008003c24                LPUART1_IRQHandler
                0x0000000008003c24                DMA2_Channel6_IRQHandler
                0x0000000008003c24                FDCAN1_IT0_IRQHandler
                0x0000000008003c24                TIM2_IRQHandler
                0x0000000008003c24                COMP1_2_3_IRQHandler
                0x0000000008003c24                EXTI1_IRQHandler
                0x0000000008003c24                USART2_IRQHandler
                0x0000000008003c24                I2C2_ER_IRQHandler
                0x0000000008003c24                TIM8_BRK_IRQHandler
                0x0000000008003c24                FLASH_IRQHandler
                0x0000000008003c24                USART1_IRQHandler
                0x0000000008003c24                SPI3_IRQHandler
                0x0000000008003c24                I2C1_ER_IRQHandler
                0x0000000008003c24                LPTIM1_IRQHandler
                0x0000000008003c24                DMAMUX_OVR_IRQHandler
                0x0000000008003c24                USBWakeUp_IRQHandler
                0x0000000008003c24                SAI1_IRQHandler
                0x0000000008003c24                DMA2_Channel3_IRQHandler
                0x0000000008003c24                COMP4_IRQHandler
                0x0000000008003c24                TIM1_BRK_TIM15_IRQHandler
 .text.HAL_Init
                0x0000000008003c26       0x30 Drivers/STM32G4xx_HAL_Driver/Src/stm32g4xx_hal.o
                0x0000000008003c26                HAL_Init
 *fill*         0x0000000008003c56        0x2 
 .text.HAL_IncTick
                0x0000000008003c58       0x24 Drivers/STM32G4xx_HAL_Driver/Src/stm32g4xx_hal.o
                0x0000000008003c58                HAL_IncTick
 .text.HAL_GetTick
                0x0000000008003c7c       0x18 Drivers/STM32G4xx_HAL_Driver/Src/stm32g4xx_hal.o
                0x0000000008003c7c                HAL_GetTick
 .text.__NVIC_SetPriorityGrouping
                0x0000000008003c94       0x48 Drivers/STM32G4xx_HAL_Driver/Src/stm32g4xx_hal_cortex.o
 .text.__NVIC_GetPriorityGrouping
                0x0000000008003cdc       0x1c Drivers/STM32G4xx_HAL_Driver/Src/stm32g4xx_hal_cortex.o
 .text.__NVIC_EnableIRQ
                0x0000000008003cf8       0x3c Drivers/STM32G4xx_HAL_Driver/Src/stm32g4xx_hal_cortex.o
 .text.__NVIC_SetPriority
                0x0000000008003d34       0x54 Drivers/STM32G4xx_HAL_Driver/Src/stm32g4xx_hal_cortex.o
 .text.NVIC_EncodePriority
                0x0000000008003d88       0x66 Drivers/STM32G4xx_HAL_Driver/Src/stm32g4xx_hal_cortex.o
 .text.HAL_NVIC_SetPriorityGrouping
                0x0000000008003dee       0x16 Drivers/STM32G4xx_HAL_Driver/Src/stm32g4xx_hal_cortex.o
                0x0000000008003dee                HAL_NVIC_SetPriorityGrouping
 .text.HAL_NVIC_SetPriority
                0x0000000008003e04       0x34 Drivers/STM32G4xx_HAL_Driver/Src/stm32g4xx_hal_cortex.o
                0x0000000008003e04                HAL_NVIC_SetPriority
 .text.HAL_NVIC_EnableIRQ
                0x0000000008003e38       0x1c Drivers/STM32G4xx_HAL_Driver/Src/stm32g4xx_hal_cortex.o
                0x0000000008003e38                HAL_NVIC_EnableIRQ
 .text.HAL_DMA_Init
                0x0000000008003e54      0x150 Drivers/STM32G4xx_HAL_Driver/Src/stm32g4xx_hal_dma.o
                0x0000000008003e54                HAL_DMA_Init
 .text.HAL_DMA_Start_IT
                0x0000000008003fa4       0xf6 Drivers/STM32G4xx_HAL_Driver/Src/stm32g4xx_hal_dma.o
                0x0000000008003fa4                HAL_DMA_Start_IT
 .text.HAL_DMA_IRQHandler
                0x000000000800409a      0x15e Drivers/STM32G4xx_HAL_Driver/Src/stm32g4xx_hal_dma.o
                0x000000000800409a                HAL_DMA_IRQHandler
 .text.DMA_SetConfig
                0x00000000080041f8       0x7c Drivers/STM32G4xx_HAL_Driver/Src/stm32g4xx_hal_dma.o
 .text.DMA_CalcDMAMUXChannelBaseAndMask
                0x0000000008004274       0x7c Drivers/STM32G4xx_HAL_Driver/Src/stm32g4xx_hal_dma.o
 .text.DMA_CalcDMAMUXRequestGenBaseAndMask
                0x00000000080042f0       0x48 Drivers/STM32G4xx_HAL_Driver/Src/stm32g4xx_hal_dma.o
 .text.HAL_GPIO_Init
                0x0000000008004338      0x304 Drivers/STM32G4xx_HAL_Driver/Src/stm32g4xx_hal_gpio.o
                0x0000000008004338                HAL_GPIO_Init
 .text.HAL_GPIO_WritePin
                0x000000000800463c       0x30 Drivers/STM32G4xx_HAL_Driver/Src/stm32g4xx_hal_gpio.o
                0x000000000800463c                HAL_GPIO_WritePin
 .text.HAL_PWREx_ControlVoltageScaling
                0x000000000800466c      0x148 Drivers/STM32G4xx_HAL_Driver/Src/stm32g4xx_hal_pwr_ex.o
                0x000000000800466c                HAL_PWREx_ControlVoltageScaling
 .text.HAL_PWREx_DisableUCPDDeadBattery
                0x00000000080047b4       0x20 Drivers/STM32G4xx_HAL_Driver/Src/stm32g4xx_hal_pwr_ex.o
                0x00000000080047b4                HAL_PWREx_DisableUCPDDeadBattery
 .text.HAL_RCC_OscConfig
                0x00000000080047d4      0x630 Drivers/STM32G4xx_HAL_Driver/Src/stm32g4xx_hal_rcc.o
                0x00000000080047d4                HAL_RCC_OscConfig
 .text.HAL_RCC_ClockConfig
                0x0000000008004e04      0x278 Drivers/STM32G4xx_HAL_Driver/Src/stm32g4xx_hal_rcc.o
                0x0000000008004e04                HAL_RCC_ClockConfig
 .text.HAL_RCC_GetSysClockFreq
                0x000000000800507c       0xc4 Drivers/STM32G4xx_HAL_Driver/Src/stm32g4xx_hal_rcc.o
                0x000000000800507c                HAL_RCC_GetSysClockFreq
 .text.HAL_RCC_GetHCLKFreq
                0x0000000008005140       0x18 Drivers/STM32G4xx_HAL_Driver/Src/stm32g4xx_hal_rcc.o
                0x0000000008005140                HAL_RCC_GetHCLKFreq
 .text.HAL_RCC_GetPCLK1Freq
                0x0000000008005158       0x2c Drivers/STM32G4xx_HAL_Driver/Src/stm32g4xx_hal_rcc.o
                0x0000000008005158                HAL_RCC_GetPCLK1Freq
 .text.HAL_RCC_GetPCLK2Freq
                0x0000000008005184       0x2c Drivers/STM32G4xx_HAL_Driver/Src/stm32g4xx_hal_rcc.o
                0x0000000008005184                HAL_RCC_GetPCLK2Freq
 .text.HAL_RCC_GetClockConfig
                0x00000000080051b0       0x64 Drivers/STM32G4xx_HAL_Driver/Src/stm32g4xx_hal_rcc.o
                0x00000000080051b0                HAL_RCC_GetClockConfig
 .text.RCC_GetSysClockFreqFromPLLSource
                0x0000000008005214       0x8c Drivers/STM32G4xx_HAL_Driver/Src/stm32g4xx_hal_rcc.o
 .text.HAL_RCCEx_PeriphCLKConfig
                0x00000000080052a0      0x3e0 Drivers/STM32G4xx_HAL_Driver/Src/stm32g4xx_hal_rcc_ex.o
                0x00000000080052a0                HAL_RCCEx_PeriphCLKConfig
 .text.HAL_TIM_Base_Init
                0x0000000008005680       0xae Drivers/STM32G4xx_HAL_Driver/Src/stm32g4xx_hal_tim.o
                0x0000000008005680                HAL_TIM_Base_Init
 *fill*         0x000000000800572e        0x2 
 .text.HAL_TIM_Base_Start_IT
                0x0000000008005730       0xd4 Drivers/STM32G4xx_HAL_Driver/Src/stm32g4xx_hal_tim.o
                0x0000000008005730                HAL_TIM_Base_Start_IT
 .text.HAL_TIM_PWM_Init
                0x0000000008005804       0xae Drivers/STM32G4xx_HAL_Driver/Src/stm32g4xx_hal_tim.o
                0x0000000008005804                HAL_TIM_PWM_Init
 .text.HAL_TIM_PWM_MspInit
                0x00000000080058b2       0x14 Drivers/STM32G4xx_HAL_Driver/Src/stm32g4xx_hal_tim.o
                0x00000000080058b2                HAL_TIM_PWM_MspInit
 *fill*         0x00000000080058c6        0x2 
 .text.HAL_TIM_PWM_Start
                0x00000000080058c8      0x200 Drivers/STM32G4xx_HAL_Driver/Src/stm32g4xx_hal_tim.o
                0x00000000080058c8                HAL_TIM_PWM_Start
 .text.HAL_TIM_IC_Init
                0x0000000008005ac8       0xae Drivers/STM32G4xx_HAL_Driver/Src/stm32g4xx_hal_tim.o
                0x0000000008005ac8                HAL_TIM_IC_Init
 .text.HAL_TIM_IRQHandler
                0x0000000008005b76      0x2fe Drivers/STM32G4xx_HAL_Driver/Src/stm32g4xx_hal_tim.o
                0x0000000008005b76                HAL_TIM_IRQHandler
 .text.HAL_TIM_IC_ConfigChannel
                0x0000000008005e74      0x128 Drivers/STM32G4xx_HAL_Driver/Src/stm32g4xx_hal_tim.o
                0x0000000008005e74                HAL_TIM_IC_ConfigChannel
 .text.HAL_TIM_PWM_ConfigChannel
                0x0000000008005f9c      0x220 Drivers/STM32G4xx_HAL_Driver/Src/stm32g4xx_hal_tim.o
                0x0000000008005f9c                HAL_TIM_PWM_ConfigChannel
 .text.HAL_TIM_ConfigClockSource
                0x00000000080061bc      0x1ec Drivers/STM32G4xx_HAL_Driver/Src/stm32g4xx_hal_tim.o
                0x00000000080061bc                HAL_TIM_ConfigClockSource
 .text.HAL_TIM_OC_DelayElapsedCallback
                0x00000000080063a8       0x14 Drivers/STM32G4xx_HAL_Driver/Src/stm32g4xx_hal_tim.o
                0x00000000080063a8                HAL_TIM_OC_DelayElapsedCallback
 .text.HAL_TIM_IC_CaptureCallback
                0x00000000080063bc       0x14 Drivers/STM32G4xx_HAL_Driver/Src/stm32g4xx_hal_tim.o
                0x00000000080063bc                HAL_TIM_IC_CaptureCallback
 .text.HAL_TIM_PWM_PulseFinishedCallback
                0x00000000080063d0       0x14 Drivers/STM32G4xx_HAL_Driver/Src/stm32g4xx_hal_tim.o
                0x00000000080063d0                HAL_TIM_PWM_PulseFinishedCallback
 .text.HAL_TIM_TriggerCallback
                0x00000000080063e4       0x14 Drivers/STM32G4xx_HAL_Driver/Src/stm32g4xx_hal_tim.o
                0x00000000080063e4                HAL_TIM_TriggerCallback
 .text.TIM_Base_SetConfig
                0x00000000080063f8      0x120 Drivers/STM32G4xx_HAL_Driver/Src/stm32g4xx_hal_tim.o
                0x00000000080063f8                TIM_Base_SetConfig
 .text.TIM_OC1_SetConfig
                0x0000000008006518      0x120 Drivers/STM32G4xx_HAL_Driver/Src/stm32g4xx_hal_tim.o
 .text.TIM_OC2_SetConfig
                0x0000000008006638      0x114 Drivers/STM32G4xx_HAL_Driver/Src/stm32g4xx_hal_tim.o
                0x0000000008006638                TIM_OC2_SetConfig
 .text.TIM_OC3_SetConfig
                0x000000000800674c      0x110 Drivers/STM32G4xx_HAL_Driver/Src/stm32g4xx_hal_tim.o
 .text.TIM_OC4_SetConfig
                0x000000000800685c      0x114 Drivers/STM32G4xx_HAL_Driver/Src/stm32g4xx_hal_tim.o
 .text.TIM_OC5_SetConfig
                0x0000000008006970       0xc8 Drivers/STM32G4xx_HAL_Driver/Src/stm32g4xx_hal_tim.o
 .text.TIM_OC6_SetConfig
                0x0000000008006a38       0xcc Drivers/STM32G4xx_HAL_Driver/Src/stm32g4xx_hal_tim.o
 .text.TIM_TI1_SetConfig
                0x0000000008006b04       0xd0 Drivers/STM32G4xx_HAL_Driver/Src/stm32g4xx_hal_tim.o
                0x0000000008006b04                TIM_TI1_SetConfig
 .text.TIM_TI1_ConfigInputStage
                0x0000000008006bd4       0x5e Drivers/STM32G4xx_HAL_Driver/Src/stm32g4xx_hal_tim.o
 .text.TIM_TI2_SetConfig
                0x0000000008006c32       0x7a Drivers/STM32G4xx_HAL_Driver/Src/stm32g4xx_hal_tim.o
 .text.TIM_TI2_ConfigInputStage
                0x0000000008006cac       0x60 Drivers/STM32G4xx_HAL_Driver/Src/stm32g4xx_hal_tim.o
 .text.TIM_TI3_SetConfig
                0x0000000008006d0c       0x78 Drivers/STM32G4xx_HAL_Driver/Src/stm32g4xx_hal_tim.o
 .text.TIM_TI4_SetConfig
                0x0000000008006d84       0x7a Drivers/STM32G4xx_HAL_Driver/Src/stm32g4xx_hal_tim.o
 .text.TIM_ITRx_SetConfig
                0x0000000008006dfe       0x3a Drivers/STM32G4xx_HAL_Driver/Src/stm32g4xx_hal_tim.o
 .text.TIM_ETR_SetConfig
                0x0000000008006e38       0x40 Drivers/STM32G4xx_HAL_Driver/Src/stm32g4xx_hal_tim.o
                0x0000000008006e38                TIM_ETR_SetConfig
 .text.TIM_CCxChannelCmd
                0x0000000008006e78       0x4a Drivers/STM32G4xx_HAL_Driver/Src/stm32g4xx_hal_tim.o
                0x0000000008006e78                TIM_CCxChannelCmd
 *fill*         0x0000000008006ec2        0x2 
 .text.HAL_TIMEx_MasterConfigSynchronization
                0x0000000008006ec4      0x104 Drivers/STM32G4xx_HAL_Driver/Src/stm32g4xx_hal_tim_ex.o
                0x0000000008006ec4                HAL_TIMEx_MasterConfigSynchronization
 .text.HAL_TIMEx_ConfigBreakDeadTime
                0x0000000008006fc8      0x140 Drivers/STM32G4xx_HAL_Driver/Src/stm32g4xx_hal_tim_ex.o
                0x0000000008006fc8                HAL_TIMEx_ConfigBreakDeadTime
 .text.HAL_TIMEx_CommutCallback
                0x0000000008007108       0x14 Drivers/STM32G4xx_HAL_Driver/Src/stm32g4xx_hal_tim_ex.o
                0x0000000008007108                HAL_TIMEx_CommutCallback
 .text.HAL_TIMEx_BreakCallback
                0x000000000800711c       0x14 Drivers/STM32G4xx_HAL_Driver/Src/stm32g4xx_hal_tim_ex.o
                0x000000000800711c                HAL_TIMEx_BreakCallback
 .text.HAL_TIMEx_Break2Callback
                0x0000000008007130       0x14 Drivers/STM32G4xx_HAL_Driver/Src/stm32g4xx_hal_tim_ex.o
                0x0000000008007130                HAL_TIMEx_Break2Callback
 .text.HAL_TIMEx_EncoderIndexCallback
                0x0000000008007144       0x14 Drivers/STM32G4xx_HAL_Driver/Src/stm32g4xx_hal_tim_ex.o
                0x0000000008007144                HAL_TIMEx_EncoderIndexCallback
 .text.HAL_TIMEx_DirectionChangeCallback
                0x0000000008007158       0x14 Drivers/STM32G4xx_HAL_Driver/Src/stm32g4xx_hal_tim_ex.o
                0x0000000008007158                HAL_TIMEx_DirectionChangeCallback
 .text.HAL_TIMEx_IndexErrorCallback
                0x000000000800716c       0x14 Drivers/STM32G4xx_HAL_Driver/Src/stm32g4xx_hal_tim_ex.o
                0x000000000800716c                HAL_TIMEx_IndexErrorCallback
 .text.HAL_TIMEx_TransitionErrorCallback
                0x0000000008007180       0x14 Drivers/STM32G4xx_HAL_Driver/Src/stm32g4xx_hal_tim_ex.o
                0x0000000008007180                HAL_TIMEx_TransitionErrorCallback
 .text.HAL_UART_Init
                0x0000000008007194       0xa0 Drivers/STM32G4xx_HAL_Driver/Src/stm32g4xx_hal_uart.o
                0x0000000008007194                HAL_UART_Init
 .text.HAL_UART_Transmit_DMA
                0x0000000008007234      0x100 Drivers/STM32G4xx_HAL_Driver/Src/stm32g4xx_hal_uart.o
                0x0000000008007234                HAL_UART_Transmit_DMA
 .text.HAL_UART_Receive_DMA
                0x0000000008007334      0x110 Drivers/STM32G4xx_HAL_Driver/Src/stm32g4xx_hal_uart.o
                0x0000000008007334                HAL_UART_Receive_DMA
 .text.HAL_UART_TxCpltCallback
                0x0000000008007444       0x14 Drivers/STM32G4xx_HAL_Driver/Src/stm32g4xx_hal_uart.o
                0x0000000008007444                HAL_UART_TxCpltCallback
 .text.HAL_UART_TxHalfCpltCallback
                0x0000000008007458       0x14 Drivers/STM32G4xx_HAL_Driver/Src/stm32g4xx_hal_uart.o
                0x0000000008007458                HAL_UART_TxHalfCpltCallback
 .text.HAL_UART_RxCpltCallback
                0x000000000800746c       0x14 Drivers/STM32G4xx_HAL_Driver/Src/stm32g4xx_hal_uart.o
                0x000000000800746c                HAL_UART_RxCpltCallback
 .text.HAL_UART_RxHalfCpltCallback
                0x0000000008007480       0x14 Drivers/STM32G4xx_HAL_Driver/Src/stm32g4xx_hal_uart.o
                0x0000000008007480                HAL_UART_RxHalfCpltCallback
 .text.HAL_UART_ErrorCallback
                0x0000000008007494       0x14 Drivers/STM32G4xx_HAL_Driver/Src/stm32g4xx_hal_uart.o
                0x0000000008007494                HAL_UART_ErrorCallback
 .text.UART_SetConfig
                0x00000000080074a8      0x548 Drivers/STM32G4xx_HAL_Driver/Src/stm32g4xx_hal_uart.o
                0x00000000080074a8                UART_SetConfig
 .text.UART_AdvFeatureConfig
                0x00000000080079f0      0x144 Drivers/STM32G4xx_HAL_Driver/Src/stm32g4xx_hal_uart.o
                0x00000000080079f0                UART_AdvFeatureConfig
 .text.UART_CheckIdleState
                0x0000000008007b34       0x90 Drivers/STM32G4xx_HAL_Driver/Src/stm32g4xx_hal_uart.o
                0x0000000008007b34                UART_CheckIdleState
 .text.UART_WaitOnFlagUntilTimeout
                0x0000000008007bc4      0x100 Drivers/STM32G4xx_HAL_Driver/Src/stm32g4xx_hal_uart.o
                0x0000000008007bc4                UART_WaitOnFlagUntilTimeout
 .text.UART_EndTxTransfer
                0x0000000008007cc4       0x3c Drivers/STM32G4xx_HAL_Driver/Src/stm32g4xx_hal_uart.o
 .text.UART_EndRxTransfer
                0x0000000008007d00       0x46 Drivers/STM32G4xx_HAL_Driver/Src/stm32g4xx_hal_uart.o
 .text.UART_DMATransmitCplt
                0x0000000008007d46       0x54 Drivers/STM32G4xx_HAL_Driver/Src/stm32g4xx_hal_uart.o
 .text.UART_DMATxHalfCplt
                0x0000000008007d9a       0x1c Drivers/STM32G4xx_HAL_Driver/Src/stm32g4xx_hal_uart.o
 .text.UART_DMAReceiveCplt
                0x0000000008007db6       0x6a Drivers/STM32G4xx_HAL_Driver/Src/stm32g4xx_hal_uart.o
 .text.UART_DMARxHalfCplt
                0x0000000008007e20       0x1c Drivers/STM32G4xx_HAL_Driver/Src/stm32g4xx_hal_uart.o
 .text.UART_DMAError
                0x0000000008007e3c       0x80 Drivers/STM32G4xx_HAL_Driver/Src/stm32g4xx_hal_uart.o
 .text.HAL_UARTEx_DisableFifoMode
                0x0000000008007ebc       0x72 Drivers/STM32G4xx_HAL_Driver/Src/stm32g4xx_hal_uart_ex.o
                0x0000000008007ebc                HAL_UARTEx_DisableFifoMode
 .text.HAL_UARTEx_SetTxFifoThreshold
                0x0000000008007f2e       0x7c Drivers/STM32G4xx_HAL_Driver/Src/stm32g4xx_hal_uart_ex.o
                0x0000000008007f2e                HAL_UARTEx_SetTxFifoThreshold
 .text.HAL_UARTEx_SetRxFifoThreshold
                0x0000000008007faa       0x7c Drivers/STM32G4xx_HAL_Driver/Src/stm32g4xx_hal_uart_ex.o
                0x0000000008007faa                HAL_UARTEx_SetRxFifoThreshold
 *fill*         0x0000000008008026        0x2 
 .text.UARTEx_SetNbDataToProcess
                0x0000000008008028       0xd0 Drivers/STM32G4xx_HAL_Driver/Src/stm32g4xx_hal_uart_ex.o
 .text.SVC_Setup
                0x00000000080080f8        0xe Middlewares/Third_Party/FreeRTOS/Source/CMSIS_RTOS_V2/cmsis_os2.o
 *fill*         0x0000000008008106        0x2 
 .text.osKernelInitialize
                0x0000000008008108       0x68 Middlewares/Third_Party/FreeRTOS/Source/CMSIS_RTOS_V2/cmsis_os2.o
                0x0000000008008108                osKernelInitialize
 .text.osKernelStart
                0x0000000008008170       0x6c Middlewares/Third_Party/FreeRTOS/Source/CMSIS_RTOS_V2/cmsis_os2.o
                0x0000000008008170                osKernelStart
 .text.osThreadNew
                0x00000000080081dc      0x14c Middlewares/Third_Party/FreeRTOS/Source/CMSIS_RTOS_V2/cmsis_os2.o
                0x00000000080081dc                osThreadNew
 .text.osDelay  0x0000000008008328       0x5c Middlewares/Third_Party/FreeRTOS/Source/CMSIS_RTOS_V2/cmsis_os2.o
                0x0000000008008328                osDelay
 .text.vApplicationGetIdleTaskMemory
                0x0000000008008384       0x34 Middlewares/Third_Party/FreeRTOS/Source/CMSIS_RTOS_V2/cmsis_os2.o
                0x0000000008008384                vApplicationGetIdleTaskMemory
 .text.vApplicationGetTimerTaskMemory
                0x00000000080083b8       0x34 Middlewares/Third_Party/FreeRTOS/Source/CMSIS_RTOS_V2/cmsis_os2.o
                0x00000000080083b8                vApplicationGetTimerTaskMemory
 .text.vListInitialise
                0x00000000080083ec       0x40 Middlewares/Third_Party/FreeRTOS/Source/list.o
                0x00000000080083ec                vListInitialise
 .text.vListInitialiseItem
                0x000000000800842c       0x1a Middlewares/Third_Party/FreeRTOS/Source/list.o
                0x000000000800842c                vListInitialiseItem
 .text.vListInsertEnd
                0x0000000008008446       0x48 Middlewares/Third_Party/FreeRTOS/Source/list.o
                0x0000000008008446                vListInsertEnd
 .text.vListInsert
                0x000000000800848e       0x72 Middlewares/Third_Party/FreeRTOS/Source/list.o
                0x000000000800848e                vListInsert
 .text.uxListRemove
                0x0000000008008500       0x54 Middlewares/Third_Party/FreeRTOS/Source/list.o
                0x0000000008008500                uxListRemove
 .text.xQueueGenericReset
                0x0000000008008554       0xb6 Middlewares/Third_Party/FreeRTOS/Source/queue.o
                0x0000000008008554                xQueueGenericReset
 .text.xQueueGenericCreateStatic
                0x000000000800860a       0xf0 Middlewares/Third_Party/FreeRTOS/Source/queue.o
                0x000000000800860a                xQueueGenericCreateStatic
 .text.prvInitialiseNewQueue
                0x00000000080086fa       0x46 Middlewares/Third_Party/FreeRTOS/Source/queue.o
 .text.xQueueGenericSend
                0x0000000008008740      0x1cc Middlewares/Third_Party/FreeRTOS/Source/queue.o
                0x0000000008008740                xQueueGenericSend
 .text.xQueueGenericSendFromISR
                0x000000000800890c      0x130 Middlewares/Third_Party/FreeRTOS/Source/queue.o
                0x000000000800890c                xQueueGenericSendFromISR
 .text.xQueueReceive
                0x0000000008008a3c      0x1a8 Middlewares/Third_Party/FreeRTOS/Source/queue.o
                0x0000000008008a3c                xQueueReceive
 .text.prvCopyDataToQueue
                0x0000000008008be4       0xd4 Middlewares/Third_Party/FreeRTOS/Source/queue.o
 .text.prvCopyDataFromQueue
                0x0000000008008cb8       0x4c Middlewares/Third_Party/FreeRTOS/Source/queue.o
 .text.prvUnlockQueue
                0x0000000008008d04       0xa4 Middlewares/Third_Party/FreeRTOS/Source/queue.o
 .text.prvIsQueueEmpty
                0x0000000008008da8       0x2c Middlewares/Third_Party/FreeRTOS/Source/queue.o
 .text.prvIsQueueFull
                0x0000000008008dd4       0x30 Middlewares/Third_Party/FreeRTOS/Source/queue.o
 .text.vQueueAddToRegistry
                0x0000000008008e04       0x54 Middlewares/Third_Party/FreeRTOS/Source/queue.o
                0x0000000008008e04                vQueueAddToRegistry
 .text.vQueueWaitForMessageRestricted
                0x0000000008008e58       0x68 Middlewares/Third_Party/FreeRTOS/Source/queue.o
                0x0000000008008e58                vQueueWaitForMessageRestricted
 .text.xTaskCreateStatic
                0x0000000008008ec0       0xba Middlewares/Third_Party/FreeRTOS/Source/tasks.o
                0x0000000008008ec0                xTaskCreateStatic
 .text.xTaskCreate
                0x0000000008008f7a       0x8a Middlewares/Third_Party/FreeRTOS/Source/tasks.o
                0x0000000008008f7a                xTaskCreate
 .text.prvInitialiseNewTask
                0x0000000008009004      0x11e Middlewares/Third_Party/FreeRTOS/Source/tasks.o
 *fill*         0x0000000008009122        0x2 
 .text.prvAddNewTaskToReadyList
                0x0000000008009124       0xc0 Middlewares/Third_Party/FreeRTOS/Source/tasks.o
 .text.vTaskDelay
                0x00000000080091e4       0x68 Middlewares/Third_Party/FreeRTOS/Source/tasks.o
                0x00000000080091e4                vTaskDelay
 .text.vTaskStartScheduler
                0x000000000800924c       0xcc Middlewares/Third_Party/FreeRTOS/Source/tasks.o
                0x000000000800924c                vTaskStartScheduler
 .text.vTaskSuspendAll
                0x0000000008009318       0x1c Middlewares/Third_Party/FreeRTOS/Source/tasks.o
                0x0000000008009318                vTaskSuspendAll
 .text.xTaskResumeAll
                0x0000000008009334      0x120 Middlewares/Third_Party/FreeRTOS/Source/tasks.o
                0x0000000008009334                xTaskResumeAll
 .text.xTaskGetTickCount
                0x0000000008009454       0x20 Middlewares/Third_Party/FreeRTOS/Source/tasks.o
                0x0000000008009454                xTaskGetTickCount
 .text.xTaskIncrementTick
                0x0000000008009474      0x12c Middlewares/Third_Party/FreeRTOS/Source/tasks.o
                0x0000000008009474                xTaskIncrementTick
 .text.vTaskSwitchContext
                0x00000000080095a0       0xd8 Middlewares/Third_Party/FreeRTOS/Source/tasks.o
                0x00000000080095a0                vTaskSwitchContext
 .text.vTaskPlaceOnEventList
                0x0000000008009678       0x48 Middlewares/Third_Party/FreeRTOS/Source/tasks.o
                0x0000000008009678                vTaskPlaceOnEventList
 .text.vTaskPlaceOnEventListRestricted
                0x00000000080096c0       0x58 Middlewares/Third_Party/FreeRTOS/Source/tasks.o
                0x00000000080096c0                vTaskPlaceOnEventListRestricted
 .text.xTaskRemoveFromEventList
                0x0000000008009718       0xc8 Middlewares/Third_Party/FreeRTOS/Source/tasks.o
                0x0000000008009718                xTaskRemoveFromEventList
 .text.vTaskInternalSetTimeOutState
                0x00000000080097e0       0x2c Middlewares/Third_Party/FreeRTOS/Source/tasks.o
                0x00000000080097e0                vTaskInternalSetTimeOutState
 .text.xTaskCheckForTimeOut
                0x000000000800980c       0xc4 Middlewares/Third_Party/FreeRTOS/Source/tasks.o
                0x000000000800980c                xTaskCheckForTimeOut
 .text.vTaskMissedYield
                0x00000000080098d0       0x18 Middlewares/Third_Party/FreeRTOS/Source/tasks.o
                0x00000000080098d0                vTaskMissedYield
 .text.prvIdleTask
                0x00000000080098e8       0x24 Middlewares/Third_Party/FreeRTOS/Source/tasks.o
 .text.prvInitialiseTaskLists
                0x000000000800990c       0x80 Middlewares/Third_Party/FreeRTOS/Source/tasks.o
 .text.prvCheckTasksWaitingTermination
                0x000000000800998c       0x5c Middlewares/Third_Party/FreeRTOS/Source/tasks.o
 .text.prvDeleteTCB
                0x00000000080099e8       0x5e Middlewares/Third_Party/FreeRTOS/Source/tasks.o
 *fill*         0x0000000008009a46        0x2 
 .text.prvResetNextTaskUnblockTime
                0x0000000008009a48       0x40 Middlewares/Third_Party/FreeRTOS/Source/tasks.o
 .text.xTaskGetSchedulerState
                0x0000000008009a88       0x3c Middlewares/Third_Party/FreeRTOS/Source/tasks.o
                0x0000000008009a88                xTaskGetSchedulerState
 .text.xTaskPriorityDisinherit
                0x0000000008009ac4       0xdc Middlewares/Third_Party/FreeRTOS/Source/tasks.o
                0x0000000008009ac4                xTaskPriorityDisinherit
 .text.prvAddCurrentTaskToDelayedList
                0x0000000008009ba0       0xa8 Middlewares/Third_Party/FreeRTOS/Source/tasks.o
 .text.xTimerCreateTimerTask
                0x0000000008009c48       0x90 Middlewares/Third_Party/FreeRTOS/Source/timers.o
                0x0000000008009c48                xTimerCreateTimerTask
 .text.xTimerGenericCommand
                0x0000000008009cd8       0x9c Middlewares/Third_Party/FreeRTOS/Source/timers.o
                0x0000000008009cd8                xTimerGenericCommand
 .text.prvProcessExpiredTimer
                0x0000000008009d74       0x98 Middlewares/Third_Party/FreeRTOS/Source/timers.o
 .text.prvTimerTask
                0x0000000008009e0c       0x24 Middlewares/Third_Party/FreeRTOS/Source/timers.o
 .text.prvProcessTimerOrBlockTask
                0x0000000008009e30       0x9c Middlewares/Third_Party/FreeRTOS/Source/timers.o
 .text.prvGetNextExpireTime
                0x0000000008009ecc       0x48 Middlewares/Third_Party/FreeRTOS/Source/timers.o
 .text.prvSampleTimeNow
                0x0000000008009f14       0x40 Middlewares/Third_Party/FreeRTOS/Source/timers.o
 .text.prvInsertTimerInActiveList
                0x0000000008009f54       0x84 Middlewares/Third_Party/FreeRTOS/Source/timers.o
 .text.prvProcessReceivedCommands
                0x0000000008009fd8      0x1c4 Middlewares/Third_Party/FreeRTOS/Source/timers.o
 .text.prvSwitchTimerLists
                0x000000000800a19c       0xc8 Middlewares/Third_Party/FreeRTOS/Source/timers.o
 .text.prvCheckForValidListAndQueue
                0x000000000800a264       0x80 Middlewares/Third_Party/FreeRTOS/Source/timers.o
 .text.pxPortInitialiseStack
                0x000000000800a2e4       0x68 Middlewares/Third_Party/FreeRTOS/Source/portable/GCC/ARM_CM4F/port.o
                0x000000000800a2e4                pxPortInitialiseStack
 .text.prvTaskExitError
                0x000000000800a34c       0x58 Middlewares/Third_Party/FreeRTOS/Source/portable/GCC/ARM_CM4F/port.o
 *fill*         0x000000000800a3a4        0xc 
 .text.SVC_Handler
                0x000000000800a3b0       0x28 Middlewares/Third_Party/FreeRTOS/Source/portable/GCC/ARM_CM4F/port.o
                0x000000000800a3b0                SVC_Handler
 .text.prvPortStartFirstTask
                0x000000000800a3d8       0x28 Middlewares/Third_Party/FreeRTOS/Source/portable/GCC/ARM_CM4F/port.o
 .text.xPortStartScheduler
                0x000000000800a400      0x144 Middlewares/Third_Party/FreeRTOS/Source/portable/GCC/ARM_CM4F/port.o
                0x000000000800a400                xPortStartScheduler
 .text.vPortEnterCritical
                0x000000000800a544       0x60 Middlewares/Third_Party/FreeRTOS/Source/portable/GCC/ARM_CM4F/port.o
                0x000000000800a544                vPortEnterCritical
 .text.vPortExitCritical
                0x000000000800a5a4       0x54 Middlewares/Third_Party/FreeRTOS/Source/portable/GCC/ARM_CM4F/port.o
                0x000000000800a5a4                vPortExitCritical
 *fill*         0x000000000800a5f8        0x8 
 .text.PendSV_Handler
                0x000000000800a600       0x68 Middlewares/Third_Party/FreeRTOS/Source/portable/GCC/ARM_CM4F/port.o
                0x000000000800a600                PendSV_Handler
 .text.SysTick_Handler
                0x000000000800a668       0x44 Middlewares/Third_Party/FreeRTOS/Source/portable/GCC/ARM_CM4F/port.o
                0x000000000800a668                SysTick_Handler
 .text.vPortSetupTimerInterrupt
                0x000000000800a6ac       0x48 Middlewares/Third_Party/FreeRTOS/Source/portable/GCC/ARM_CM4F/port.o
                0x000000000800a6ac                vPortSetupTimerInterrupt
 .text.vPortEnableVFP
                0x000000000800a6f4       0x14 Middlewares/Third_Party/FreeRTOS/Source/portable/GCC/ARM_CM4F/port.o
 .text.vPortValidateInterruptPriority
                0x000000000800a708       0x80 Middlewares/Third_Party/FreeRTOS/Source/portable/GCC/ARM_CM4F/port.o
                0x000000000800a708                vPortValidateInterruptPriority
 .text.pvPortMalloc
                0x000000000800a788      0x188 Middlewares/Third_Party/FreeRTOS/Source/portable/MemMang/heap_4.o
                0x000000000800a788                pvPortMalloc
 .text.vPortFree
                0x000000000800a910       0xb4 Middlewares/Third_Party/FreeRTOS/Source/portable/MemMang/heap_4.o
                0x000000000800a910                vPortFree
 .text.prvHeapInit
                0x000000000800a9c4       0xc4 Middlewares/Third_Party/FreeRTOS/Source/portable/MemMang/heap_4.o
 .text.prvInsertBlockIntoFreeList
                0x000000000800aa88       0xb4 Middlewares/Third_Party/FreeRTOS/Source/portable/MemMang/heap_4.o
 .text._ZN3ros16normalizeSecNSecERmS0_
                0x000000000800ab3c       0x58 ros_lib/time.o
                0x000000000800ab3c                ros::normalizeSecNSec(unsigned long&, unsigned long&)
 .text.__cxa_pure_virtual
                0x000000000800ab94        0x6 /home/abiel/.eclipse/com.st.stm32cube.ide.mcu.rcp.product_1.5.0_361741941_linux_gtk_x86_64/plugins/com.st.stm32cube.ide.mcu.externaltools.gnu-tools-for-stm32.9-2020-q2-update.linux64_1.5.0.202011040924/tools/bin/../lib/gcc/arm-none-eabi/9.3.1/../../../../arm-none-eabi/lib/thumb/v7e-m+fp/hard/libstdc++_nano.a(pure.o)
                0x000000000800ab94                __cxa_pure_virtual
 .text._ZN10__cxxabiv111__terminateEPFvvE
                0x000000000800ab9a        0x8 /home/abiel/.eclipse/com.st.stm32cube.ide.mcu.rcp.product_1.5.0_361741941_linux_gtk_x86_64/plugins/com.st.stm32cube.ide.mcu.externaltools.gnu-tools-for-stm32.9-2020-q2-update.linux64_1.5.0.202011040924/tools/bin/../lib/gcc/arm-none-eabi/9.3.1/../../../../arm-none-eabi/lib/thumb/v7e-m+fp/hard/libstdc++_nano.a(eh_terminate.o)
                0x000000000800ab9a                __cxxabiv1::__terminate(void (*)())
 *fill*         0x000000000800aba2        0x2 
 .text._ZSt13get_terminatev
                0x000000000800aba4       0x10 /home/abiel/.eclipse/com.st.stm32cube.ide.mcu.rcp.product_1.5.0_361741941_linux_gtk_x86_64/plugins/com.st.stm32cube.ide.mcu.externaltools.gnu-tools-for-stm32.9-2020-q2-update.linux64_1.5.0.202011040924/tools/bin/../lib/gcc/arm-none-eabi/9.3.1/../../../../arm-none-eabi/lib/thumb/v7e-m+fp/hard/libstdc++_nano.a(eh_terminate.o)
                0x000000000800aba4                std::get_terminate()
 .text._ZSt9terminatev
                0x000000000800abb4        0xa /home/abiel/.eclipse/com.st.stm32cube.ide.mcu.rcp.product_1.5.0_361741941_linux_gtk_x86_64/plugins/com.st.stm32cube.ide.mcu.externaltools.gnu-tools-for-stm32.9-2020-q2-update.linux64_1.5.0.202011040924/tools/bin/../lib/gcc/arm-none-eabi/9.3.1/../../../../arm-none-eabi/lib/thumb/v7e-m+fp/hard/libstdc++_nano.a(eh_terminate.o)
                0x000000000800abb4                std::terminate()
 .text.abort    0x000000000800abbe        0xe /home/abiel/.eclipse/com.st.stm32cube.ide.mcu.rcp.product_1.5.0_361741941_linux_gtk_x86_64/plugins/com.st.stm32cube.ide.mcu.externaltools.gnu-tools-for-stm32.9-2020-q2-update.linux64_1.5.0.202011040924/tools/bin/../lib/gcc/arm-none-eabi/9.3.1/../../../../arm-none-eabi/lib/thumb/v7e-m+fp/hard/libc_nano.a(lib_a-abort.o)
                0x000000000800abbe                abort
 .text.__errno  0x000000000800abcc        0xc /home/abiel/.eclipse/com.st.stm32cube.ide.mcu.rcp.product_1.5.0_361741941_linux_gtk_x86_64/plugins/com.st.stm32cube.ide.mcu.externaltools.gnu-tools-for-stm32.9-2020-q2-update.linux64_1.5.0.202011040924/tools/bin/../lib/gcc/arm-none-eabi/9.3.1/../../../../arm-none-eabi/lib/thumb/v7e-m+fp/hard/libc_nano.a(lib_a-errno.o)
                0x000000000800abcc                __errno
 .text.__libc_init_array
                0x000000000800abd8       0x48 /home/abiel/.eclipse/com.st.stm32cube.ide.mcu.rcp.product_1.5.0_361741941_linux_gtk_x86_64/plugins/com.st.stm32cube.ide.mcu.externaltools.gnu-tools-for-stm32.9-2020-q2-update.linux64_1.5.0.202011040924/tools/bin/../lib/gcc/arm-none-eabi/9.3.1/../../../../arm-none-eabi/lib/thumb/v7e-m+fp/hard/libc_nano.a(lib_a-init.o)
                0x000000000800abd8                __libc_init_array
 .text.memcpy   0x000000000800ac20       0x1c /home/abiel/.eclipse/com.st.stm32cube.ide.mcu.rcp.product_1.5.0_361741941_linux_gtk_x86_64/plugins/com.st.stm32cube.ide.mcu.externaltools.gnu-tools-for-stm32.9-2020-q2-update.linux64_1.5.0.202011040924/tools/bin/../lib/gcc/arm-none-eabi/9.3.1/../../../../arm-none-eabi/lib/thumb/v7e-m+fp/hard/libc_nano.a(lib_a-memcpy-stub.o)
                0x000000000800ac20                memcpy
 .text.memset   0x000000000800ac3c       0x10 /home/abiel/.eclipse/com.st.stm32cube.ide.mcu.rcp.product_1.5.0_361741941_linux_gtk_x86_64/plugins/com.st.stm32cube.ide.mcu.externaltools.gnu-tools-for-stm32.9-2020-q2-update.linux64_1.5.0.202011040924/tools/bin/../lib/gcc/arm-none-eabi/9.3.1/../../../../arm-none-eabi/lib/thumb/v7e-m+fp/hard/libc_nano.a(lib_a-memset.o)
                0x000000000800ac3c                memset
 .text.realloc  0x000000000800ac4c       0x10 /home/abiel/.eclipse/com.st.stm32cube.ide.mcu.rcp.product_1.5.0_361741941_linux_gtk_x86_64/plugins/com.st.stm32cube.ide.mcu.externaltools.gnu-tools-for-stm32.9-2020-q2-update.linux64_1.5.0.202011040924/tools/bin/../lib/gcc/arm-none-eabi/9.3.1/../../../../arm-none-eabi/lib/thumb/v7e-m+fp/hard/libc_nano.a(lib_a-realloc.o)
                0x000000000800ac4c                realloc
 .text._raise_r
                0x000000000800ac5c       0x50 /home/abiel/.eclipse/com.st.stm32cube.ide.mcu.rcp.product_1.5.0_361741941_linux_gtk_x86_64/plugins/com.st.stm32cube.ide.mcu.externaltools.gnu-tools-for-stm32.9-2020-q2-update.linux64_1.5.0.202011040924/tools/bin/../lib/gcc/arm-none-eabi/9.3.1/../../../../arm-none-eabi/lib/thumb/v7e-m+fp/hard/libc_nano.a(lib_a-signal.o)
                0x000000000800ac5c                _raise_r
 .text.raise    0x000000000800acac       0x10 /home/abiel/.eclipse/com.st.stm32cube.ide.mcu.rcp.product_1.5.0_361741941_linux_gtk_x86_64/plugins/com.st.stm32cube.ide.mcu.externaltools.gnu-tools-for-stm32.9-2020-q2-update.linux64_1.5.0.202011040924/tools/bin/../lib/gcc/arm-none-eabi/9.3.1/../../../../arm-none-eabi/lib/thumb/v7e-m+fp/hard/libc_nano.a(lib_a-signal.o)
                0x000000000800acac                raise
 .text._kill_r  0x000000000800acbc       0x24 /home/abiel/.eclipse/com.st.stm32cube.ide.mcu.rcp.product_1.5.0_361741941_linux_gtk_x86_64/plugins/com.st.stm32cube.ide.mcu.externaltools.gnu-tools-for-stm32.9-2020-q2-update.linux64_1.5.0.202011040924/tools/bin/../lib/gcc/arm-none-eabi/9.3.1/../../../../arm-none-eabi/lib/thumb/v7e-m+fp/hard/libc_nano.a(lib_a-signalr.o)
                0x000000000800acbc                _kill_r
 .text._getpid_r
                0x000000000800ace0        0x4 /home/abiel/.eclipse/com.st.stm32cube.ide.mcu.rcp.product_1.5.0_361741941_linux_gtk_x86_64/plugins/com.st.stm32cube.ide.mcu.externaltools.gnu-tools-for-stm32.9-2020-q2-update.linux64_1.5.0.202011040924/tools/bin/../lib/gcc/arm-none-eabi/9.3.1/../../../../arm-none-eabi/lib/thumb/v7e-m+fp/hard/libc_nano.a(lib_a-signalr.o)
                0x000000000800ace0                _getpid_r
 .text._malloc_r
                0x000000000800ace4       0xb4 /home/abiel/.eclipse/com.st.stm32cube.ide.mcu.rcp.product_1.5.0_361741941_linux_gtk_x86_64/plugins/com.st.stm32cube.ide.mcu.externaltools.gnu-tools-for-stm32.9-2020-q2-update.linux64_1.5.0.202011040924/tools/bin/../lib/gcc/arm-none-eabi/9.3.1/../../../../arm-none-eabi/lib/thumb/v7e-m+fp/hard/libc_nano.a(lib_a-nano-mallocr.o)
                0x000000000800ace4                _malloc_r
 .text._realloc_r
                0x000000000800ad98       0x4c /home/abiel/.eclipse/com.st.stm32cube.ide.mcu.rcp.product_1.5.0_361741941_linux_gtk_x86_64/plugins/com.st.stm32cube.ide.mcu.externaltools.gnu-tools-for-stm32.9-2020-q2-update.linux64_1.5.0.202011040924/tools/bin/../lib/gcc/arm-none-eabi/9.3.1/../../../../arm-none-eabi/lib/thumb/v7e-m+fp/hard/libc_nano.a(lib_a-nano-reallocr.o)
                0x000000000800ad98                _realloc_r
 .text._sbrk_r  0x000000000800ade4       0x20 /home/abiel/.eclipse/com.st.stm32cube.ide.mcu.rcp.product_1.5.0_361741941_linux_gtk_x86_64/plugins/com.st.stm32cube.ide.mcu.externaltools.gnu-tools-for-stm32.9-2020-q2-update.linux64_1.5.0.202011040924/tools/bin/../lib/gcc/arm-none-eabi/9.3.1/../../../../arm-none-eabi/lib/thumb/v7e-m+fp/hard/libc_nano.a(lib_a-sbrkr.o)
                0x000000000800ade4                _sbrk_r
 .text.__malloc_lock
                0x000000000800ae04        0xc /home/abiel/.eclipse/com.st.stm32cube.ide.mcu.rcp.product_1.5.0_361741941_linux_gtk_x86_64/plugins/com.st.stm32cube.ide.mcu.externaltools.gnu-tools-for-stm32.9-2020-q2-update.linux64_1.5.0.202011040924/tools/bin/../lib/gcc/arm-none-eabi/9.3.1/../../../../arm-none-eabi/lib/thumb/v7e-m+fp/hard/libc_nano.a(lib_a-mlock.o)
                0x000000000800ae04                __malloc_lock
 .text.__malloc_unlock
                0x000000000800ae10        0xc /home/abiel/.eclipse/com.st.stm32cube.ide.mcu.rcp.product_1.5.0_361741941_linux_gtk_x86_64/plugins/com.st.stm32cube.ide.mcu.externaltools.gnu-tools-for-stm32.9-2020-q2-update.linux64_1.5.0.202011040924/tools/bin/../lib/gcc/arm-none-eabi/9.3.1/../../../../arm-none-eabi/lib/thumb/v7e-m+fp/hard/libc_nano.a(lib_a-mlock.o)
                0x000000000800ae10                __malloc_unlock
 .text._free_r  0x000000000800ae1c       0xa0 /home/abiel/.eclipse/com.st.stm32cube.ide.mcu.rcp.product_1.5.0_361741941_linux_gtk_x86_64/plugins/com.st.stm32cube.ide.mcu.externaltools.gnu-tools-for-stm32.9-2020-q2-update.linux64_1.5.0.202011040924/tools/bin/../lib/gcc/arm-none-eabi/9.3.1/../../../../arm-none-eabi/lib/thumb/v7e-m+fp/hard/libc_nano.a(lib_a-nano-freer.o)
                0x000000000800ae1c                _free_r
 .text._malloc_usable_size_r
                0x000000000800aebc       0x10 /home/abiel/.eclipse/com.st.stm32cube.ide.mcu.rcp.product_1.5.0_361741941_linux_gtk_x86_64/plugins/com.st.stm32cube.ide.mcu.externaltools.gnu-tools-for-stm32.9-2020-q2-update.linux64_1.5.0.202011040924/tools/bin/../lib/gcc/arm-none-eabi/9.3.1/../../../../arm-none-eabi/lib/thumb/v7e-m+fp/hard/libc_nano.a(lib_a-nano-msizer.o)
                0x000000000800aebc                _malloc_usable_size_r
 .text.__retarget_lock_acquire_recursive
                0x000000000800aecc        0x2 /home/abiel/.eclipse/com.st.stm32cube.ide.mcu.rcp.product_1.5.0_361741941_linux_gtk_x86_64/plugins/com.st.stm32cube.ide.mcu.externaltools.gnu-tools-for-stm32.9-2020-q2-update.linux64_1.5.0.202011040924/tools/bin/../lib/gcc/arm-none-eabi/9.3.1/../../../../arm-none-eabi/lib/thumb/v7e-m+fp/hard/libc_nano.a(lib_a-lock.o)
                0x000000000800aecc                __retarget_lock_acquire_recursive
 .text.__retarget_lock_release_recursive
                0x000000000800aece        0x2 /home/abiel/.eclipse/com.st.stm32cube.ide.mcu.rcp.product_1.5.0_361741941_linux_gtk_x86_64/plugins/com.st.stm32cube.ide.mcu.externaltools.gnu-tools-for-stm32.9-2020-q2-update.linux64_1.5.0.202011040924/tools/bin/../lib/gcc/arm-none-eabi/9.3.1/../../../../arm-none-eabi/lib/thumb/v7e-m+fp/hard/libc_nano.a(lib_a-lock.o)
                0x000000000800aece                __retarget_lock_release_recursive
 *(.glue_7)
 .glue_7        0x000000000800aed0        0x0 linker stubs
 *(.glue_7t)
 .glue_7t       0x000000000800aed0        0x0 linker stubs
 *(.eh_frame)
 .eh_frame      0x000000000800aed0        0x0 /home/abiel/.eclipse/com.st.stm32cube.ide.mcu.rcp.product_1.5.0_361741941_linux_gtk_x86_64/plugins/com.st.stm32cube.ide.mcu.externaltools.gnu-tools-for-stm32.9-2020-q2-update.linux64_1.5.0.202011040924/tools/bin/../lib/gcc/arm-none-eabi/9.3.1/thumb/v7e-m+fp/hard/crtbegin.o
 *(.init)
 .init          0x000000000800aed0        0x4 /home/abiel/.eclipse/com.st.stm32cube.ide.mcu.rcp.product_1.5.0_361741941_linux_gtk_x86_64/plugins/com.st.stm32cube.ide.mcu.externaltools.gnu-tools-for-stm32.9-2020-q2-update.linux64_1.5.0.202011040924/tools/bin/../lib/gcc/arm-none-eabi/9.3.1/thumb/v7e-m+fp/hard/crti.o
                0x000000000800aed0                _init
 .init          0x000000000800aed4        0x8 /home/abiel/.eclipse/com.st.stm32cube.ide.mcu.rcp.product_1.5.0_361741941_linux_gtk_x86_64/plugins/com.st.stm32cube.ide.mcu.externaltools.gnu-tools-for-stm32.9-2020-q2-update.linux64_1.5.0.202011040924/tools/bin/../lib/gcc/arm-none-eabi/9.3.1/thumb/v7e-m+fp/hard/crtn.o
 *(.fini)
 .fini          0x000000000800aedc        0x4 /home/abiel/.eclipse/com.st.stm32cube.ide.mcu.rcp.product_1.5.0_361741941_linux_gtk_x86_64/plugins/com.st.stm32cube.ide.mcu.externaltools.gnu-tools-for-stm32.9-2020-q2-update.linux64_1.5.0.202011040924/tools/bin/../lib/gcc/arm-none-eabi/9.3.1/thumb/v7e-m+fp/hard/crti.o
                0x000000000800aedc                _fini
 .fini          0x000000000800aee0        0x8 /home/abiel/.eclipse/com.st.stm32cube.ide.mcu.rcp.product_1.5.0_361741941_linux_gtk_x86_64/plugins/com.st.stm32cube.ide.mcu.externaltools.gnu-tools-for-stm32.9-2020-q2-update.linux64_1.5.0.202011040924/tools/bin/../lib/gcc/arm-none-eabi/9.3.1/thumb/v7e-m+fp/hard/crtn.o
                0x000000000800aee8                . = ALIGN (0x4)
                0x000000000800aee8                _etext = .

.vfp11_veneer   0x000000000800aee8        0x0
 .vfp11_veneer  0x000000000800aee8        0x0 linker stubs

.v4_bx          0x000000000800aee8        0x0
 .v4_bx         0x000000000800aee8        0x0 linker stubs

.iplt           0x000000000800aee8        0x0
 .iplt          0x000000000800aee8        0x0 /home/abiel/.eclipse/com.st.stm32cube.ide.mcu.rcp.product_1.5.0_361741941_linux_gtk_x86_64/plugins/com.st.stm32cube.ide.mcu.externaltools.gnu-tools-for-stm32.9-2020-q2-update.linux64_1.5.0.202011040924/tools/bin/../lib/gcc/arm-none-eabi/9.3.1/thumb/v7e-m+fp/hard/crtbegin.o

.rodata         0x000000000800aee8      0x364
                0x000000000800aee8                . = ALIGN (0x4)
 *(.rodata)
 .rodata        0x000000000800aee8       0x16 Core/Src/main.o
 *fill*         0x000000000800aefe        0x2 
 .rodata        0x000000000800af00      0x18d Core/Src/main_task.o
 *fill*         0x000000000800b08d        0x3 
 .rodata        0x000000000800b090       0x10 Drivers/STM32G4xx_HAL_Driver/Src/stm32g4xx_hal_uart_ex.o
 .rodata        0x000000000800b0a0        0x5 Middlewares/Third_Party/FreeRTOS/Source/tasks.o
 *fill*         0x000000000800b0a5        0x3 
 .rodata        0x000000000800b0a8        0xd Middlewares/Third_Party/FreeRTOS/Source/timers.o
 *(.rodata*)
 *fill*         0x000000000800b0b5        0x3 
 .rodata.idle_task_attributes
                0x000000000800b0b8       0x24 Core/Src/main.o
                0x000000000800b0b8                idle_task_attributes
 .rodata.main_task_attributes
                0x000000000800b0dc       0x24 Core/Src/main.o
                0x000000000800b0dc                main_task_attributes
 .rodata._ZN14rosserial_msgsL12REQUESTPARAME
                0x000000000800b100       0x1c Core/Src/main_task.o
 .rodata._ZTVN3ros10SubscriberIN8std_msgs6UInt16EvEE
                0x000000000800b11c       0x18 Core/Src/main_task.o
                0x000000000800b11c                vtable for ros::Subscriber<std_msgs::UInt16, void>
 .rodata._ZTVN3ros11NodeHandle_I13STM32HardwareLi25ELi25ELi512ELi512EEE
                0x000000000800b134       0x14 Core/Src/main_task.o
                0x000000000800b134                vtable for ros::NodeHandle_<STM32Hardware, 25, 25, 512, 512>
 .rodata._ZTVN8std_msgs5UInt8E
                0x000000000800b148       0x18 Core/Src/main_task.o
                0x000000000800b148                vtable for std_msgs::UInt8
 .rodata._ZTVN8std_msgs6UInt16E
                0x000000000800b160       0x18 Core/Src/main_task.o
                0x000000000800b160                vtable for std_msgs::UInt16
 .rodata._ZTVN3ros11Subscriber_E
                0x000000000800b178       0x18 Core/Src/main_task.o
                0x000000000800b178                vtable for ros::Subscriber_
 .rodata._ZTVN3ros15NodeHandleBase_E
                0x000000000800b190       0x14 Core/Src/main_task.o
                0x000000000800b190                vtable for ros::NodeHandleBase_
 .rodata._ZTVN14rosserial_msgs20RequestParamResponseE
                0x000000000800b1a4       0x18 Core/Src/main_task.o
                0x000000000800b1a4                vtable for rosserial_msgs::RequestParamResponse
 .rodata._ZTVN14rosserial_msgs3LogE
                0x000000000800b1bc       0x18 Core/Src/main_task.o
                0x000000000800b1bc                vtable for rosserial_msgs::Log
 .rodata._ZTVN14rosserial_msgs9TopicInfoE
                0x000000000800b1d4       0x18 Core/Src/main_task.o
                0x000000000800b1d4                vtable for rosserial_msgs::TopicInfo
 .rodata._ZTVN8std_msgs4TimeE
                0x000000000800b1ec       0x18 Core/Src/main_task.o
                0x000000000800b1ec                vtable for std_msgs::Time
 .rodata._ZTVN3ros3MsgE
                0x000000000800b204       0x18 Core/Src/main_task.o
                0x000000000800b204                vtable for ros::Msg
 .rodata.AHBPrescTable
                0x000000000800b21c       0x10 Core/Src/system_stm32g4xx.o
                0x000000000800b21c                AHBPrescTable
 .rodata.APBPrescTable
                0x000000000800b22c        0x8 Core/Src/system_stm32g4xx.o
                0x000000000800b22c                APBPrescTable
 .rodata.UARTPrescTable
                0x000000000800b234       0x18 Drivers/STM32G4xx_HAL_Driver/Src/stm32g4xx_hal_uart.o
                0x000000000800b234                UARTPrescTable
                0x000000000800b24c                . = ALIGN (0x4)

.ARM.extab      0x000000000800b24c        0x0
                0x000000000800b24c                . = ALIGN (0x4)
 *(.ARM.extab* .gnu.linkonce.armextab.*)
                0x000000000800b24c                . = ALIGN (0x4)

.ARM            0x000000000800b24c        0x8
                0x000000000800b24c                . = ALIGN (0x4)
                0x000000000800b24c                __exidx_start = .
 *(.ARM.exidx*)
 .ARM.exidx     0x000000000800b24c        0x8 /home/abiel/.eclipse/com.st.stm32cube.ide.mcu.rcp.product_1.5.0_361741941_linux_gtk_x86_64/plugins/com.st.stm32cube.ide.mcu.externaltools.gnu-tools-for-stm32.9-2020-q2-update.linux64_1.5.0.202011040924/tools/bin/../lib/gcc/arm-none-eabi/9.3.1/thumb/v7e-m+fp/hard/libgcc.a(_udivmoddi4.o)
                0x000000000800b254                __exidx_end = .
                0x000000000800b254                . = ALIGN (0x4)

.rel.dyn        0x000000000800b254        0x0
 .rel.iplt      0x000000000800b254        0x0 /home/abiel/.eclipse/com.st.stm32cube.ide.mcu.rcp.product_1.5.0_361741941_linux_gtk_x86_64/plugins/com.st.stm32cube.ide.mcu.externaltools.gnu-tools-for-stm32.9-2020-q2-update.linux64_1.5.0.202011040924/tools/bin/../lib/gcc/arm-none-eabi/9.3.1/thumb/v7e-m+fp/hard/crtbegin.o

.preinit_array  0x000000000800b254        0x0
                0x000000000800b254                . = ALIGN (0x4)
                0x000000000800b254                PROVIDE (__preinit_array_start = .)
 *(.preinit_array*)
                0x000000000800b254                PROVIDE (__preinit_array_end = .)
                0x000000000800b254                . = ALIGN (0x4)

.init_array     0x000000000800b254        0x4
                0x000000000800b254                . = ALIGN (0x4)
                0x000000000800b254                PROVIDE (__init_array_start = .)
 *(SORT_BY_NAME(.init_array.*))
 *(.init_array*)
 .init_array    0x000000000800b254        0x4 /home/abiel/.eclipse/com.st.stm32cube.ide.mcu.rcp.product_1.5.0_361741941_linux_gtk_x86_64/plugins/com.st.stm32cube.ide.mcu.externaltools.gnu-tools-for-stm32.9-2020-q2-update.linux64_1.5.0.202011040924/tools/bin/../lib/gcc/arm-none-eabi/9.3.1/thumb/v7e-m+fp/hard/crtbegin.o
                0x000000000800b258                PROVIDE (__init_array_end = .)
                0x000000000800b258                . = ALIGN (0x4)

.fini_array     0x000000000800b258        0x4
                0x000000000800b258                . = ALIGN (0x4)
                [!provide]                        PROVIDE (__fini_array_start = .)
 *(SORT_BY_NAME(.fini_array.*))
 *(.fini_array*)
 .fini_array    0x000000000800b258        0x4 /home/abiel/.eclipse/com.st.stm32cube.ide.mcu.rcp.product_1.5.0_361741941_linux_gtk_x86_64/plugins/com.st.stm32cube.ide.mcu.externaltools.gnu-tools-for-stm32.9-2020-q2-update.linux64_1.5.0.202011040924/tools/bin/../lib/gcc/arm-none-eabi/9.3.1/thumb/v7e-m+fp/hard/crtbegin.o
                [!provide]                        PROVIDE (__fini_array_end = .)
                0x000000000800b25c                . = ALIGN (0x4)
                0x000000000800b25c                _sidata = LOADADDR (.data)

.data           0x0000000020000000       0x80 load address 0x000000000800b25c
                0x0000000020000000                . = ALIGN (0x4)
                0x0000000020000000                _sdata = .
 *(.data)
 *(.data*)
 .data._ZL6powerR
                0x0000000020000000        0x4 Core/Src/main_task.o
 .data._ZL6powerL
                0x0000000020000004        0x4 Core/Src/main_task.o
 .data.SystemCoreClock
                0x0000000020000008        0x4 Core/Src/system_stm32g4xx.o
                0x0000000020000008                SystemCoreClock
 .data.uwTickPrio
                0x000000002000000c        0x4 Drivers/STM32G4xx_HAL_Driver/Src/stm32g4xx_hal.o
                0x000000002000000c                uwTickPrio
 .data.uwTickFreq
                0x0000000020000010        0x4 Drivers/STM32G4xx_HAL_Driver/Src/stm32g4xx_hal.o
                0x0000000020000010                uwTickFreq
 .data.uxCriticalNesting
                0x0000000020000014        0x4 Middlewares/Third_Party/FreeRTOS/Source/portable/GCC/ARM_CM4F/port.o
 .data._ZN10__cxxabiv119__terminate_handlerE
                0x0000000020000018        0x4 /home/abiel/.eclipse/com.st.stm32cube.ide.mcu.rcp.product_1.5.0_361741941_linux_gtk_x86_64/plugins/com.st.stm32cube.ide.mcu.externaltools.gnu-tools-for-stm32.9-2020-q2-update.linux64_1.5.0.202011040924/tools/bin/../lib/gcc/arm-none-eabi/9.3.1/../../../../arm-none-eabi/lib/thumb/v7e-m+fp/hard/libstdc++_nano.a(eh_term_handler.o)
                0x0000000020000018                __cxxabiv1::__terminate_handler
 .data._impure_ptr
                0x000000002000001c        0x4 /home/abiel/.eclipse/com.st.stm32cube.ide.mcu.rcp.product_1.5.0_361741941_linux_gtk_x86_64/plugins/com.st.stm32cube.ide.mcu.externaltools.gnu-tools-for-stm32.9-2020-q2-update.linux64_1.5.0.202011040924/tools/bin/../lib/gcc/arm-none-eabi/9.3.1/../../../../arm-none-eabi/lib/thumb/v7e-m+fp/hard/libc_nano.a(lib_a-impure.o)
                0x000000002000001c                _impure_ptr
 .data.impure_data
                0x0000000020000020       0x60 /home/abiel/.eclipse/com.st.stm32cube.ide.mcu.rcp.product_1.5.0_361741941_linux_gtk_x86_64/plugins/com.st.stm32cube.ide.mcu.externaltools.gnu-tools-for-stm32.9-2020-q2-update.linux64_1.5.0.202011040924/tools/bin/../lib/gcc/arm-none-eabi/9.3.1/../../../../arm-none-eabi/lib/thumb/v7e-m+fp/hard/libc_nano.a(lib_a-impure.o)
                0x0000000020000080                . = ALIGN (0x4)
                0x0000000020000080                _edata = .

.igot.plt       0x0000000020000080        0x0 load address 0x000000000800b2dc
 .igot.plt      0x0000000020000080        0x0 /home/abiel/.eclipse/com.st.stm32cube.ide.mcu.rcp.product_1.5.0_361741941_linux_gtk_x86_64/plugins/com.st.stm32cube.ide.mcu.externaltools.gnu-tools-for-stm32.9-2020-q2-update.linux64_1.5.0.202011040924/tools/bin/../lib/gcc/arm-none-eabi/9.3.1/thumb/v7e-m+fp/hard/crtbegin.o
                0x0000000020000080                . = ALIGN (0x4)

.bss            0x0000000020000080     0x304c load address 0x000000000800b2dc
                0x0000000020000080                _sbss = .
                0x0000000020000080                __bss_start__ = _sbss
 *(.bss)
 .bss           0x0000000020000080       0x1c /home/abiel/.eclipse/com.st.stm32cube.ide.mcu.rcp.product_1.5.0_361741941_linux_gtk_x86_64/plugins/com.st.stm32cube.ide.mcu.externaltools.gnu-tools-for-stm32.9-2020-q2-update.linux64_1.5.0.202011040924/tools/bin/../lib/gcc/arm-none-eabi/9.3.1/thumb/v7e-m+fp/hard/crtbegin.o
 *(.bss*)
 .bss._ZZN13STM32Hardware5flushEvE5mutex
                0x000000002000009c        0x1 Core/Src/main_task.o
                0x000000002000009c                STM32Hardware::flush()::mutex
 *fill*         0x000000002000009d        0x3 
 .bss.__sbrk_heap_end
                0x00000000200000a0        0x4 Core/Src/sysmem.o
 .bss.KernelState
                0x00000000200000a4        0x4 Middlewares/Third_Party/FreeRTOS/Source/CMSIS_RTOS_V2/cmsis_os2.o
 .bss.Idle_TCB  0x00000000200000a8       0x5c Middlewares/Third_Party/FreeRTOS/Source/CMSIS_RTOS_V2/cmsis_os2.o
 .bss.Idle_Stack
                0x0000000020000104      0x200 Middlewares/Third_Party/FreeRTOS/Source/CMSIS_RTOS_V2/cmsis_os2.o
 .bss.Timer_TCB
                0x0000000020000304       0x5c Middlewares/Third_Party/FreeRTOS/Source/CMSIS_RTOS_V2/cmsis_os2.o
 .bss.Timer_Stack
                0x0000000020000360      0x400 Middlewares/Third_Party/FreeRTOS/Source/CMSIS_RTOS_V2/cmsis_os2.o
 .bss.pxCurrentTCB
                0x0000000020000760        0x4 Middlewares/Third_Party/FreeRTOS/Source/tasks.o
                0x0000000020000760                pxCurrentTCB
 .bss.pxReadyTasksLists
                0x0000000020000764      0x460 Middlewares/Third_Party/FreeRTOS/Source/tasks.o
 .bss.xDelayedTaskList1
                0x0000000020000bc4       0x14 Middlewares/Third_Party/FreeRTOS/Source/tasks.o
 .bss.xDelayedTaskList2
                0x0000000020000bd8       0x14 Middlewares/Third_Party/FreeRTOS/Source/tasks.o
 .bss.pxDelayedTaskList
                0x0000000020000bec        0x4 Middlewares/Third_Party/FreeRTOS/Source/tasks.o
 .bss.pxOverflowDelayedTaskList