main.c:93:5:main	16	static,ignoring_inline_asm
main.c:180:6:SystemClock_Config	152	static
main.c:235:13:MX_TIM2_Init	64	static
main.c:299:13:MX_TIM8_Init	88	static
main.c:356:13:MX_USART1_UART_Init	8	static
main.c:404:13:MX_USART2_UART_Init	8	static
main.c:450:13:MX_DMA_Init	16	static
main.c:472:13:MX_GPIO_Init	40	static
main.c:503:6:idle_task_update	16	static
main.c:521:6:main_task_thread	16	static
main.c:536:6:HAL_TIM_PeriodElapsedCallback	16	static
main.c:553:6:Error_Handler	4	static,ignoring_inline_asm
