time.h:51:3:ros::Time::Time()	16	static
msg.h:46:7:constexpr ros::Msg::Msg()	16	static
Time.h:19:5:std_msgs::Time::Time()	16	static
Time.h:24:17:virtual int std_msgs::Time::serialize(unsigned char*) const	24	static
Time.h:40:17:virtual int std_msgs::Time::deserialize(unsigned char*)	24	static
Time.h:56:26:virtual const char* std_msgs::Time::getType()	16	static
Time.h:57:26:virtual const char* std_msgs::Time::getMD5()	16	static
TopicInfo.h:34:5:rosserial_msgs::TopicInfo::TopicInfo()	16	static
TopicInfo.h:43:17:virtual int rosserial_msgs::TopicInfo::serialize(unsigned char*) const	40	static
TopicInfo.h:77:17:virtual int rosserial_msgs::TopicInfo::deserialize(unsigned char*)	48	static
TopicInfo.h:124:26:virtual const char* rosserial_msgs::TopicInfo::getType()	16	static
TopicInfo.h:125:26:virtual const char* rosserial_msgs::TopicInfo::getMD5()	16	static
Log.h:25:5:rosserial_msgs::Log::Log()	16	static
Log.h:31:17:virtual int rosserial_msgs::Log::serialize(unsigned char*) const	24	static
Log.h:44:17:virtual int rosserial_msgs::Log::deserialize(unsigned char*)	32	static
Log.h:61:26:virtual const char* rosserial_msgs::Log::getType()	16	static
Log.h:62:26:virtual const char* rosserial_msgs::Log::getMD5()	16	static
RequestParam.h:71:5:rosserial_msgs::RequestParamResponse::RequestParamResponse()	16	static
RequestParam.h:78:17:virtual int rosserial_msgs::RequestParamResponse::serialize(unsigned char*) const	48	static
RequestParam.h:130:17:virtual int rosserial_msgs::RequestParamResponse::deserialize(unsigned char*)	64	static
RequestParam.h:200:26:virtual const char* rosserial_msgs::RequestParamResponse::getType()	16	static
RequestParam.h:201:26:virtual const char* rosserial_msgs::RequestParamResponse::getMD5()	16	static
publisher.h:48:3:ros::Publisher::Publisher(const char*, ros::Msg*, int)	24	static
publisher.h:53:7:int ros::Publisher::publish(const ros::Msg*)	16	static
publisher.h:57:7:int ros::Publisher::getEndpointType()	16	static
STM32Hardware.h:17:5:STM32Hardware::STM32Hardware()	16	static
STM32Hardware.h:52:9:int STM32Hardware::read()	16	static
STM32Hardware.h:59:10:void STM32Hardware::write(uint8_t*, int)	24	static
STM32Hardware.h:66:19:long unsigned int STM32Hardware::time()	16	static
UInt16.h:18:5:std_msgs::UInt16::UInt16()	16	static
UInt16.h:23:17:virtual int std_msgs::UInt16::serialize(unsigned char*) const	24	static
UInt16.h:32:17:virtual int std_msgs::UInt16::deserialize(unsigned char*)	24	static
UInt16.h:41:26:virtual const char* std_msgs::UInt16::getType()	16	static
UInt16.h:42:26:virtual const char* std_msgs::UInt16::getMD5()	16	static
UInt8.h:18:5:std_msgs::UInt8::UInt8()	16	static
UInt8.h:23:17:virtual int std_msgs::UInt8::serialize(unsigned char*) const	24	static
UInt8.h:31:17:virtual int std_msgs::UInt8::deserialize(unsigned char*)	24	static
UInt8.h:39:26:virtual const char* std_msgs::UInt8::getType()	16	static
UInt8.h:40:26:virtual const char* std_msgs::UInt8::getMD5()	16	static
functions.h:22:6:void autonomous_Mode(uint16_t, uint16_t, int, int)	24	static
functions.h:27:6:long int map(long int, long int, long int, long int, long int)	24	static
functions.h:31:6:void read_values(float&, float&, float&)	24	static
functions.h:46:6:void RGB_color(int, int, int)	24	static
functions.h:69:6:void power_Difference(float, float, float, uint16_t, uint16_t)	64	static
functions.h:113:6:void select(float, float, float, uint16_t, uint16_t, int&, int&)	32	static
node_handle.h:50:7:constexpr ros::NodeHandleBase_::NodeHandleBase_()	16	static
node_handle.h:104:7:constexpr ros::NodeHandle_<STM32Hardware>::NodeHandle_()	16	static
main.cpp:47:6:void right_cb(const std_msgs::UInt16&)	16	static
main.cpp:51:6:void left_cb(const std_msgs::UInt16&)	16	static
main.cpp:116:5:int main()	48	static
main.cpp:192:6:void SystemClock_Config()	104	static
main.cpp:244:13:void MX_I2C1_Init()	8	static
main.cpp:278:13:void MX_I2S2_Init()	8	static
main.cpp:312:13:void MX_I2S3_Init()	8	static
main.cpp:346:13:void MX_SPI1_Init()	8	static
main.cpp:384:13:void MX_USART2_UART_Init()	8	static
main.cpp:417:13:void MX_GPIO_Init()	56	static
main.cpp:499:6:void StartDefaultTask(const void*)	16	static
main.cpp:516:6:void Error_Handler()	4	static
msg.h:188:15:static void ros::Msg::varToArr(A, V) [with A = unsigned char*; V = long unsigned int]	24	static
msg.h:196:15:static void ros::Msg::arrToVar(V&, A) [with V = long unsigned int; A = unsigned char*]	24	static
subscriber.h:44:7:ros::Subscriber_::Subscriber_()	16	static
subscriber.h:107:3:ros::Subscriber<MsgT, void>::Subscriber(const char*, ros::Subscriber<MsgT, void>::CallbackT, int) [with MsgT = std_msgs::UInt16]	24	static
node_handle.h:187:15:int ros::NodeHandle_<Hardware, MAX_SUBSCRIBERS, MAX_PUBLISHERS, INPUT_SIZE, OUTPUT_SIZE>::spinOnce() [with Hardware = STM32Hardware; int MAX_SUBSCRIBERS = 25; int MAX_PUBLISHERS = 25; int INPUT_SIZE = 512; int OUTPUT_SIZE = 512]	24	static
node_handle.h:347:8:void ros::NodeHandle_<Hardware, MAX_SUBSCRIBERS, MAX_PUBLISHERS, INPUT_SIZE, OUTPUT_SIZE>::requestSyncTime() [with Hardware = STM32Hardware; int MAX_SUBSCRIBERS = 25; int MAX_PUBLISHERS = 25; int INPUT_SIZE = 512; int OUTPUT_SIZE = 512]	32	static
node_handle.h:438:8:void ros::NodeHandle_<Hardware, MAX_SUBSCRIBERS, MAX_PUBLISHERS, INPUT_SIZE, OUTPUT_SIZE>::negotiateTopics() [with Hardware = STM32Hardware; int MAX_SUBSCRIBERS = 25; int MAX_PUBLISHERS = 25; int INPUT_SIZE = 512; int OUTPUT_SIZE = 512]	56	static
node_handle.h:354:8:void ros::NodeHandle_<Hardware, MAX_SUBSCRIBERS, MAX_PUBLISHERS, INPUT_SIZE, OUTPUT_SIZE>::syncTime(uint8_t*) [with Hardware = STM32Hardware; int MAX_SUBSCRIBERS = 25; int MAX_PUBLISHERS = 25; int INPUT_SIZE = 512; int OUTPUT_SIZE = 512]	32	static
node_handle.h:469:15:int ros::NodeHandle_<Hardware, MAX_SUBSCRIBERS, MAX_PUBLISHERS, INPUT_SIZE, OUTPUT_SIZE>::publish(int, const ros::Msg*) [with Hardware = STM32Hardware; int MAX_SUBSCRIBERS = 25; int MAX_PUBLISHERS = 25; int INPUT_SIZE = 512; int OUTPUT_SIZE = 512]	40	static
node_handle.h:377:8:void ros::NodeHandle_<Hardware, MAX_SUBSCRIBERS, MAX_PUBLISHERS, INPUT_SIZE, OUTPUT_SIZE>::setNow(const ros::Time&) [with Hardware = STM32Hardware; int MAX_SUBSCRIBERS = 25; int MAX_PUBLISHERS = 25; int INPUT_SIZE = 512; int OUTPUT_SIZE = 512]	24	static
node_handle.h:531:8:void ros::NodeHandle_<Hardware, MAX_SUBSCRIBERS, MAX_PUBLISHERS, INPUT_SIZE, OUTPUT_SIZE>::logerror(const char*) [with Hardware = STM32Hardware; int MAX_SUBSCRIBERS = 25; int MAX_PUBLISHERS = 25; int INPUT_SIZE = 512; int OUTPUT_SIZE = 512]	16	static
node_handle.h:510:8:void ros::NodeHandle_<Hardware, MAX_SUBSCRIBERS, MAX_PUBLISHERS, INPUT_SIZE, OUTPUT_SIZE>::log(char, const char*) [with Hardware = STM32Hardware; int MAX_SUBSCRIBERS = 25; int MAX_PUBLISHERS = 25; int INPUT_SIZE = 512; int OUTPUT_SIZE = 512]	40	static
main.cpp:522:1:void __static_initialization_and_destruction_0(int, int)	16	static
subscriber.h:114:16:void ros::Subscriber<MsgT, void>::callback(unsigned char*) [with MsgT = std_msgs::UInt16]	16	static
subscriber.h:128:15:int ros::Subscriber<MsgT, void>::getEndpointType() [with MsgT = std_msgs::UInt16]	16	static
subscriber.h:120:24:const char* ros::Subscriber<MsgT, void>::getMsgType() [with MsgT = std_msgs::UInt16]	16	static
subscriber.h:124:24:const char* ros::Subscriber<MsgT, void>::getMsgMD5() [with MsgT = std_msgs::UInt16]	16	static
node_handle.h:338:16:bool ros::NodeHandle_<Hardware, MAX_SUBSCRIBERS, MAX_PUBLISHERS, INPUT_SIZE, OUTPUT_SIZE>::connected() [with Hardware = STM32Hardware; int MAX_SUBSCRIBERS = 25; int MAX_PUBLISHERS = 25; int INPUT_SIZE = 512; int OUTPUT_SIZE = 512]	16	static
main.cpp:522:1:cpp)	8	static
