Archive member included to satisfy reference by file (symbol)

c:/st/stm32cubeide_1.4.0/stm32cubeide/plugins/com.st.stm32cube.ide.mcu.externaltools.gnu-tools-for-stm32.7-2018-q2-update.win32_1.4.0.202007081208/tools/bin/../lib/gcc/arm-none-eabi/7.3.1/../../../../arm-none-eabi/lib/thumb/v7e-m/fpv4-sp/hard\libstdc++_nano.a(pure.o)
                              Core/Src/main.o (__cxa_pure_virtual)
c:/st/stm32cubeide_1.4.0/stm32cubeide/plugins/com.st.stm32cube.ide.mcu.externaltools.gnu-tools-for-stm32.7-2018-q2-update.win32_1.4.0.202007081208/tools/bin/../lib/gcc/arm-none-eabi/7.3.1/../../../../arm-none-eabi/lib/thumb/v7e-m/fpv4-sp/hard\libstdc++_nano.a(eh_terminate.o)
                              c:/st/stm32cubeide_1.4.0/stm32cubeide/plugins/com.st.stm32cube.ide.mcu.externaltools.gnu-tools-for-stm32.7-2018-q2-update.win32_1.4.0.202007081208/tools/bin/../lib/gcc/arm-none-eabi/7.3.1/../../../../arm-none-eabi/lib/thumb/v7e-m/fpv4-sp/hard\libstdc++_nano.a(pure.o) (std::terminate())
c:/st/stm32cubeide_1.4.0/stm32cubeide/plugins/com.st.stm32cube.ide.mcu.externaltools.gnu-tools-for-stm32.7-2018-q2-update.win32_1.4.0.202007081208/tools/bin/../lib/gcc/arm-none-eabi/7.3.1/../../../../arm-none-eabi/lib/thumb/v7e-m/fpv4-sp/hard\libstdc++_nano.a(eh_unex_handler.o)
                              c:/st/stm32cubeide_1.4.0/stm32cubeide/plugins/com.st.stm32cube.ide.mcu.externaltools.gnu-tools-for-stm32.7-2018-q2-update.win32_1.4.0.202007081208/tools/bin/../lib/gcc/arm-none-eabi/7.3.1/../../../../arm-none-eabi/lib/thumb/v7e-m/fpv4-sp/hard\libstdc++_nano.a(eh_terminate.o) (__cxxabiv1::__unexpected_handler)
c:/st/stm32cubeide_1.4.0/stm32cubeide/plugins/com.st.stm32cube.ide.mcu.externaltools.gnu-tools-for-stm32.7-2018-q2-update.win32_1.4.0.202007081208/tools/bin/../lib/gcc/arm-none-eabi/7.3.1/../../../../arm-none-eabi/lib/thumb/v7e-m/fpv4-sp/hard\libstdc++_nano.a(eh_term_handler.o)
                              c:/st/stm32cubeide_1.4.0/stm32cubeide/plugins/com.st.stm32cube.ide.mcu.externaltools.gnu-tools-for-stm32.7-2018-q2-update.win32_1.4.0.202007081208/tools/bin/../lib/gcc/arm-none-eabi/7.3.1/../../../../arm-none-eabi/lib/thumb/v7e-m/fpv4-sp/hard\libstdc++_nano.a(eh_terminate.o) (__cxxabiv1::__terminate_handler)
c:/st/stm32cubeide_1.4.0/stm32cubeide/plugins/com.st.stm32cube.ide.mcu.externaltools.gnu-tools-for-stm32.7-2018-q2-update.win32_1.4.0.202007081208/tools/bin/../lib/gcc/arm-none-eabi/7.3.1/../../../../arm-none-eabi/lib/thumb/v7e-m/fpv4-sp/hard\libc_nano.a(lib_a-abort.o)
                              c:/st/stm32cubeide_1.4.0/stm32cubeide/plugins/com.st.stm32cube.ide.mcu.externaltools.gnu-tools-for-stm32.7-2018-q2-update.win32_1.4.0.202007081208/tools/bin/../lib/gcc/arm-none-eabi/7.3.1/../../../../arm-none-eabi/lib/thumb/v7e-m/fpv4-sp/hard\libstdc++_nano.a(eh_terminate.o) (abort)
c:/st/stm32cubeide_1.4.0/stm32cubeide/plugins/com.st.stm32cube.ide.mcu.externaltools.gnu-tools-for-stm32.7-2018-q2-update.win32_1.4.0.202007081208/tools/bin/../lib/gcc/arm-none-eabi/7.3.1/../../../../arm-none-eabi/lib/thumb/v7e-m/fpv4-sp/hard\libc_nano.a(lib_a-errno.o)
                              Core/Src/syscalls.o (__errno)
c:/st/stm32cubeide_1.4.0/stm32cubeide/plugins/com.st.stm32cube.ide.mcu.externaltools.gnu-tools-for-stm32.7-2018-q2-update.win32_1.4.0.202007081208/tools/bin/../lib/gcc/arm-none-eabi/7.3.1/../../../../arm-none-eabi/lib/thumb/v7e-m/fpv4-sp/hard\libc_nano.a(lib_a-exit.o)
                              c:/st/stm32cubeide_1.4.0/stm32cubeide/plugins/com.st.stm32cube.ide.mcu.externaltools.gnu-tools-for-stm32.7-2018-q2-update.win32_1.4.0.202007081208/tools/bin/../lib/gcc/arm-none-eabi/7.3.1/../../../../arm-none-eabi/lib/thumb/v7e-m/fpv4-sp/hard/crt0.o (exit)
c:/st/stm32cubeide_1.4.0/stm32cubeide/plugins/com.st.stm32cube.ide.mcu.externaltools.gnu-tools-for-stm32.7-2018-q2-update.win32_1.4.0.202007081208/tools/bin/../lib/gcc/arm-none-eabi/7.3.1/../../../../arm-none-eabi/lib/thumb/v7e-m/fpv4-sp/hard\libc_nano.a(lib_a-impure.o)
                              c:/st/stm32cubeide_1.4.0/stm32cubeide/plugins/com.st.stm32cube.ide.mcu.externaltools.gnu-tools-for-stm32.7-2018-q2-update.win32_1.4.0.202007081208/tools/bin/../lib/gcc/arm-none-eabi/7.3.1/../../../../arm-none-eabi/lib/thumb/v7e-m/fpv4-sp/hard\libc_nano.a(lib_a-exit.o) (_global_impure_ptr)
c:/st/stm32cubeide_1.4.0/stm32cubeide/plugins/com.st.stm32cube.ide.mcu.externaltools.gnu-tools-for-stm32.7-2018-q2-update.win32_1.4.0.202007081208/tools/bin/../lib/gcc/arm-none-eabi/7.3.1/../../../../arm-none-eabi/lib/thumb/v7e-m/fpv4-sp/hard\libc_nano.a(lib_a-init.o)
                              c:/st/stm32cubeide_1.4.0/stm32cubeide/plugins/com.st.stm32cube.ide.mcu.externaltools.gnu-tools-for-stm32.7-2018-q2-update.win32_1.4.0.202007081208/tools/bin/../lib/gcc/arm-none-eabi/7.3.1/../../../../arm-none-eabi/lib/thumb/v7e-m/fpv4-sp/hard/crt0.o (__libc_init_array)
[...]
Memory Configuration

Name             Origin             Length             Attributes
RAM              0x0000000020000000 0x0000000000010000 xrw
FLASH            0x0000000008000000 0x0000000000040000 xr
*default*        0x0000000000000000 0xffffffffffffffff

Linker script and memory map

LOAD c:/st/stm32cubeide_1.4.0/stm32cubeide/plugins/com.st.stm32cube.ide.mcu.externaltools.gnu-tools-for-stm32.7-2018-q2-update.win32_1.4.0.202007081208/tools/bin/../lib/gcc/arm-none-eabi/7.3.1/thumb/v7e-m/fpv4-sp/hard/crti.o
LOAD c:/st/stm32cubeide_1.4.0/stm32cubeide/plugins/com.st.stm32cube.ide.mcu.externaltools.gnu-tools-for-stm32.7-2018-q2-update.win32_1.4.0.202007081208/tools/bin/../lib/gcc/arm-none-eabi/7.3.1/thumb/v7e-m/fpv4-sp/hard/crtbegin.o
LOAD c:/st/stm32cubeide_1.4.0/stm32cubeide/plugins/com.st.stm32cube.ide.mcu.externaltools.gnu-tools-for-stm32.7-2018-q2-update.win32_1.4.0.202007081208/tools/bin/../lib/gcc/arm-none-eabi/7.3.1/../../../../arm-none-eabi/lib/thumb/v7e-m/fpv4-sp/hard/crt0.o
LOAD Core/Inc/Servo/DWT_Delay.o
LOAD Core/Inc/Servo/Servo_cfg.o
LOAD Core/Inc/Servo/Timer_Delay.o
LOAD Core/Inc/Servo/servo.o
LOAD Core/Src/freertos.o
LOAD Core/Src/main.o
LOAD Core/Src/stm32f4xx_hal_msp.o
LOAD Core/Src/stm32f4xx_it.o
LOAD Core/Src/syscalls.o
LOAD Core/Src/sysmem.o
LOAD Core/Src/system_stm32f4xx.o
LOAD Core/Startup/startup_stm32f401vctx.o
LOAD Drivers/STM32F4xx_HAL_Driver/Src/stm32f4xx_hal.o
LOAD Drivers/STM32F4xx_HAL_Driver/Src/stm32f4xx_hal_cortex.o
LOAD Drivers/STM32F4xx_HAL_Driver/Src/stm32f4xx_hal_dma.o
LOAD Drivers/STM32F4xx_HAL_Driver/Src/stm32f4xx_hal_dma_ex.o
LOAD Drivers/STM32F4xx_HAL_Driver/Src/stm32f4xx_hal_exti.o
LOAD Drivers/STM32F4xx_HAL_Driver/Src/stm32f4xx_hal_flash.o
LOAD Drivers/STM32F4xx_HAL_Driver/Src/stm32f4xx_hal_flash_ex.o
LOAD Drivers/STM32F4xx_HAL_Driver/Src/stm32f4xx_hal_flash_ramfunc.o
LOAD Drivers/STM32F4xx_HAL_Driver/Src/stm32f4xx_hal_gpio.o
LOAD Drivers/STM32F4xx_HAL_Driver/Src/stm32f4xx_hal_hcd.o
LOAD Drivers/STM32F4xx_HAL_Driver/Src/stm32f4xx_hal_i2c.o
LOAD Drivers/STM32F4xx_HAL_Driver/Src/stm32f4xx_hal_i2c_ex.o
LOAD Drivers/STM32F4xx_HAL_Driver/Src/stm32f4xx_hal_i2s.o
LOAD Drivers/STM32F4xx_HAL_Driver/Src/stm32f4xx_hal_i2s_ex.o
LOAD Drivers/STM32F4xx_HAL_Driver/Src/stm32f4xx_hal_pwr.o
LOAD Drivers/STM32F4xx_HAL_Driver/Src/stm32f4xx_hal_pwr_ex.o
LOAD Drivers/STM32F4xx_HAL_Driver/Src/stm32f4xx_hal_rcc.o
LOAD Drivers/STM32F4xx_HAL_Driver/Src/stm32f4xx_hal_rcc_ex.o
LOAD Drivers/STM32F4xx_HAL_Driver/Src/stm32f4xx_hal_spi.o
LOAD Drivers/STM32F4xx_HAL_Driver/Src/stm32f4xx_hal_tim.o
LOAD Drivers/STM32F4xx_HAL_Driver/Src/stm32f4xx_hal_tim_ex.o
LOAD Drivers/STM32F4xx_HAL_Driver/Src/stm32f4xx_hal_uart.o
LOAD Drivers/STM32F4xx_HAL_Driver/Src/stm32f4xx_ll_usb.o
LOAD Middlewares/ST/STM32_USB_Host_Library/Class/CDC/Src/usbh_cdc.o
LOAD Middlewares/ST/STM32_USB_Host_Library/Core/Src/usbh_core.o
LOAD Middlewares/ST/STM32_USB_Host_Library/Core/Src/usbh_ctlreq.o
LOAD Middlewares/ST/STM32_USB_Host_Library/Core/Src/usbh_ioreq.o
LOAD Middlewares/ST/STM32_USB_Host_Library/Core/Src/usbh_pipes.o
LOAD Middlewares/Third_Party/FreeRTOS/Source/CMSIS_RTOS/cmsis_os.o
LOAD Middlewares/Third_Party/FreeRTOS/Source/croutine.o
LOAD Middlewares/Third_Party/FreeRTOS/Source/event_groups.o
LOAD Middlewares/Third_Party/FreeRTOS/Source/list.o
LOAD Middlewares/Third_Party/FreeRTOS/Source/queue.o
LOAD Middlewares/Third_Party/FreeRTOS/Source/stream_buffer.o
LOAD Middlewares/Third_Party/FreeRTOS/Source/tasks.o
LOAD Middlewares/Third_Party/FreeRTOS/Source/timers.o
LOAD Middlewares/Third_Party/FreeRTOS/Source/portable/GCC/ARM_CM4F/port.o
LOAD Middlewares/Third_Party/FreeRTOS/Source/portable/MemMang/heap_4.o
LOAD USB_HOST/App/usb_host.o
LOAD USB_HOST/Target/usbh_conf.o
LOAD USB_HOST/Target/usbh_platform.o
START GROUP
LOAD c:/st/stm32cubeide_1.4.0/stm32cubeide/plugins/com.st.stm32cube.ide.mcu.externaltools.gnu-tools-for-stm32.7-2018-q2-update.win32_1.4.0.202007081208/tools/bin/../lib/gcc/arm-none-eabi/7.3.1/../../../../arm-none-eabi/lib/thumb/v7e-m/fpv4-sp/hard\libstdc++_nano.a
LOAD c:/st/stm32cubeide_1.4.0/stm32cubeide/plugins/com.st.stm32cube.ide.mcu.externaltools.gnu-tools-for-stm32.7-2018-q2-update.win32_1.4.0.202007081208/tools/bin/../lib/gcc/arm-none-eabi/7.3.1/../../../../arm-none-eabi/lib/thumb/v7e-m/fpv4-sp/hard\libsupc++_nano.a
END GROUP
LOAD c:/st/stm32cubeide_1.4.0/stm32cubeide/plugins/com.st.stm32cube.ide.mcu.externaltools.gnu-tools-for-stm32.7-2018-q2-update.win32_1.4.0.202007081208/tools/bin/../lib/gcc/arm-none-eabi/7.3.1/../../../../arm-none-eabi/lib/thumb/v7e-m/fpv4-sp/hard\libstdc++_nano.a
LOAD c:/st/stm32cubeide_1.4.0/stm32cubeide/plugins/com.st.stm32cube.ide.mcu.externaltools.gnu-tools-for-stm32.7-2018-q2-update.win32_1.4.0.202007081208/tools/bin/../lib/gcc/arm-none-eabi/7.3.1/../../../../arm-none-eabi/lib/thumb/v7e-m/fpv4-sp/hard\libm.a
LOAD c:/st/stm32cubeide_1.4.0/stm32cubeide/plugins/com.st.stm32cube.ide.mcu.externaltools.gnu-tools-for-stm32.7-2018-q2-update.win32_1.4.0.202007081208/tools/bin/../lib/gcc/arm-none-eabi/7.3.1/../../../../arm-none-eabi/lib/thumb/v7e-m/fpv4-sp/hard\libc_nano.a
START GROUP
LOAD c:/st/stm32cubeide_1.4.0/stm32cubeide/plugins/com.st.stm32cube.ide.mcu.externaltools.gnu-tools-for-stm32.7-2018-q2-update.win32_1.4.0.202007081208/tools/bin/../lib/gcc/arm-none-eabi/7.3.1/thumb/v7e-m/fpv4-sp/hard\libgcc.a
LOAD c:/st/stm32cubeide_1.4.0/stm32cubeide/plugins/com.st.stm32cube.ide.mcu.externaltools.gnu-tools-for-stm32.7-2018-q2-update.win32_1.4.0.202007081208/tools/bin/../lib/gcc/arm-none-eabi/7.3.1/../../../../arm-none-eabi/lib/thumb/v7e-m/fpv4-sp/hard\libc_nano.a
END GROUP
START GROUP
LOAD c:/st/stm32cubeide_1.4.0/stm32cubeide/plugins/com.st.stm32cube.ide.mcu.externaltools.gnu-tools-for-stm32.7-2018-q2-update.win32_1.4.0.202007081208/tools/bin/../lib/gcc/arm-none-eabi/7.3.1/thumb/v7e-m/fpv4-sp/hard\libgcc.a
LOAD c:/st/stm32cubeide_1.4.0/stm32cubeide/plugins/com.st.stm32cube.ide.mcu.externaltools.gnu-tools-for-stm32.7-2018-q2-update.win32_1.4.0.202007081208/tools/bin/../lib/gcc/arm-none-eabi/7.3.1/../../../../arm-none-eabi/lib/thumb/v7e-m/fpv4-sp/hard\libc_nano.a
LOAD c:/st/stm32cubeide_1.4.0/stm32cubeide/plugins/com.st.stm32cube.ide.mcu.externaltools.gnu-tools-for-stm32.7-2018-q2-update.win32_1.4.0.202007081208/tools/bin/../lib/gcc/arm-none-eabi/7.3.1/../../../../arm-none-eabi/lib/thumb/v7e-m/fpv4-sp/hard\libnosys.a
END GROUP
START GROUP
LOAD c:/st/stm32cubeide_1.4.0/stm32cubeide/plugins/com.st.stm32cube.ide.mcu.externaltools.gnu-tools-for-stm32.7-2018-q2-update.win32_1.4.0.202007081208/tools/bin/../lib/gcc/arm-none-eabi/7.3.1/thumb/v7e-m/fpv4-sp/hard\libgcc.a
LOAD c:/st/stm32cubeide_1.4.0/stm32cubeide/plugins/com.st.stm32cube.ide.mcu.externaltools.gnu-tools-for-stm32.7-2018-q2-update.win32_1.4.0.202007081208/tools/bin/../lib/gcc/arm-none-eabi/7.3.1/../../../../arm-none-eabi/lib/thumb/v7e-m/fpv4-sp/hard\libc_nano.a
LOAD c:/st/stm32cubeide_1.4.0/stm32cubeide/plugins/com.st.stm32cube.ide.mcu.externaltools.gnu-tools-for-stm32.7-2018-q2-update.win32_1.4.0.202007081208/tools/bin/../lib/gcc/arm-none-eabi/7.3.1/../../../../arm-none-eabi/lib/thumb/v7e-m/fpv4-sp/hard\libnosys.a
END GROUP
LOAD c:/st/stm32cubeide_1.4.0/stm32cubeide/plugins/com.st.stm32cube.ide.mcu.externaltools.gnu-tools-for-stm32.7-2018-q2-update.win32_1.4.0.202007081208/tools/bin/../lib/gcc/arm-none-eabi/7.3.1/thumb/v7e-m/fpv4-sp/hard/crtend.o
LOAD c:/st/stm32cubeide_1.4.0/stm32cubeide/plugins/com.st.stm32cube.ide.mcu.externaltools.gnu-tools-for-stm32.7-2018-q2-update.win32_1.4.0.202007081208/tools/bin/../lib/gcc/arm-none-eabi/7.3.1/thumb/v7e-m/fpv4-sp/hard/crtn.o
                0x0000000020010000                _estack = (ORIGIN (RAM) + LENGTH (RAM))
                0x0000000000000200                _Min_Heap_Size = 0x200
                0x0000000000000400                _Min_Stack_Size = 0x400

.isr_vector     0x0000000008000000      0x194
                0x0000000008000000                . = ALIGN (0x4)
 *(.isr_vector)
 .isr_vector    0x0000000008000000      0x194 Core/Startup/startup_stm32f401vctx.o
                0x0000000008000000                g_pfnVectors
                0x0000000008000194                . = ALIGN (0x4)

.text           0x00000000080001a0     0xd824
                0x00000000080001a0                . = ALIGN (0x4)
 *(.text)
 .text          0x00000000080001a0       0x40 c:/st/stm32cubeide_1.4.0/stm32cubeide/plugins/com.st.stm32cube.ide.mcu.externaltools.gnu-tools-for-stm32.7-2018-q2-update.win32_1.4.0.202007081208/tools/bin/../lib/gcc/arm-none-eabi/7.3.1/thumb/v7e-m/fpv4-sp/hard/crtbegin.o
 .text          0x00000000080001e0       0x10 c:/st/stm32cubeide_1.4.0/stm32cubeide/plugins/com.st.stm32cube.ide.mcu.externaltools.gnu-tools-for-stm32.7-2018-q2-update.win32_1.4.0.202007081208/tools/bin/../lib/gcc/arm-none-eabi/7.3.1/../../../../arm-none-eabi/lib/thumb/v7e-m/fpv4-sp/hard\libc_nano.a(lib_a-strlen.o)
                0x00000000080001e0                strlen
 .text          0x00000000080001f0      0x378 c:/st/stm32cubeide_1.4.0/stm32cubeide/plugins/com.st.stm32cube.ide.mcu.externaltools.gnu-tools-for-stm32.7-2018-q2-update.win32_1.4.0.202007081208/tools/bin/../lib/gcc/arm-none-eabi/7.3.1/thumb/v7e-m/fpv4-sp/hard\libgcc.a(_arm_addsubdf3.o)
                0x00000000080001f0                __aeabi_drsub
                0x00000000080001f8                __aeabi_dsub
                0x00000000080001f8                __subdf3
                0x00000000080001fc                __aeabi_dadd
                0x00000000080001fc                __adddf3
                0x0000000008000474                __floatunsidf
                0x0000000008000474                __aeabi_ui2d
                0x0000000008000494                __floatsidf
                0x0000000008000494                __aeabi_i2d
                0x00000000080004b8                __aeabi_f2d
                0x00000000080004b8                __extendsfdf2
                0x00000000080004fc                __floatundidf
                0x00000000080004fc                __aeabi_ul2d
                0x000000000800050c                __floatdidf
                0x000000000800050c                __aeabi_l2d
 .text          0x0000000008000568      0x424 c:/st/stm32cubeide_1.4.0/stm32cubeide/plugins/com.st.stm32cube.ide.mcu.externaltools.gnu-tools-for-stm32.7-2018-q2-update.win32_1.4.0.202007081208/tools/bin/../lib/gcc/arm-none-eabi/7.3.1/thumb/v7e-m/fpv4-sp/hard\libgcc.a(_arm_muldivdf3.o)
                0x0000000008000568                __aeabi_dmul
                0x0000000008000568                __muldf3
                0x00000000080007bc                __divdf3
                0x00000000080007bc                __aeabi_ddiv
 .text          0x000000000800098c       0xa0 c:/st/stm32cubeide_1.4.0/stm32cubeide/plugins/com.st.stm32cube.ide.mcu.externaltools.gnu-tools-for-stm32.7-2018-q2-update.win32_1.4.0.202007081208/tools/bin/../lib/gcc/arm-none-eabi/7.3.1/thumb/v7e-m/fpv4-sp/hard\libgcc.a(_arm_truncdfsf2.o)
                0x000000000800098c                __truncdfsf2
                0x000000000800098c                __aeabi_d2f
 .text          0x0000000008000a2c       0x30 c:/st/stm32cubeide_1.4.0/stm32cubeide/plugins/com.st.stm32cube.ide.mcu.externaltools.gnu-tools-for-stm32.7-2018-q2-update.win32_1.4.0.202007081208/tools/bin/../lib/gcc/arm-none-eabi/7.3.1/thumb/v7e-m/fpv4-sp/hard\libgcc.a(_aeabi_uldivmod.o)
                0x0000000008000a2c                __aeabi_uldivmod
 .text          0x0000000008000a5c      0x2cc c:/st/stm32cubeide_1.4.0/stm32cubeide/plugins/com.st.stm32cube.ide.mcu.externaltools.gnu-tools-for-stm32.7-2018-q2-update.win32_1.4.0.202007081208/tools/bin/../lib/gcc/arm-none-eabi/7.3.1/thumb/v7e-m/fpv4-sp/hard\libgcc.a(_udivmoddi4.o)
                0x0000000008000a5c                __udivmoddi4
 .text          0x0000000008000d28        0x4 c:/st/stm32cubeide_1.4.0/stm32cubeide/plugins/com.st.stm32cube.ide.mcu.externaltools.gnu-tools-for-stm32.7-2018-q2-update.win32_1.4.0.202007081208/tools/bin/../lib/gcc/arm-none-eabi/7.3.1/thumb/v7e-m/fpv4-sp/hard\libgcc.a(_dvmd_tls.o)
                0x0000000008000d28                __aeabi_idiv0
                0x0000000008000d28                __aeabi_ldiv0
 *(.text*)
 .text.vApplicationGetIdleTaskMemory
                0x0000000008000d2c       0x34 Core/Src/freertos.o
                0x0000000008000d2c                vApplicationGetIdleTaskMemory
 .text._ZN3ros4TimeC2Ev
                0x0000000008000d60       0x22 Core/Src/main.o
                0x0000000008000d60                ros::Time::Time()
                0x0000000008000d60                ros::Time::Time()
 *fill*         0x0000000008000d82        0x2 
 .text._ZN3ros3MsgC2Ev
                0x0000000008000d84       0x20 Core/Src/main.o
                0x0000000008000d84                ros::Msg::Msg()
                0x0000000008000d84                ros::Msg::Msg()
 .text._ZN8std_msgs4TimeC2Ev
                0x0000000008000da4       0x30 Core/Src/main.o
                0x0000000008000da4                std_msgs::Time::Time()
                0x0000000008000da4                std_msgs::Time::Time()
 .text._ZNK8std_msgs4Time9serializeEPh
                0x0000000008000dd4       0xb0 Core/Src/main.o
                0x0000000008000dd4                std_msgs::Time::serialize(unsigned char*) const
 .text._ZN8std_msgs4Time11deserializeEPh
                0x0000000008000e84       0xc8 Core/Src/main.o
                0x0000000008000e84                std_msgs::Time::deserialize(unsigned char*)
 .text._ZN8std_msgs4Time7getTypeEv
                0x0000000008000f4c       0x1c Core/Src/main.o
                0x0000000008000f4c                std_msgs::Time::getType()
 .text._ZN8std_msgs4Time6getMD5Ev
                0x0000000008000f68       0x1c Core/Src/main.o
                0x0000000008000f68                std_msgs::Time::getMD5()
 .text._ZN14rosserial_msgs9TopicInfoC2Ev
                0x0000000008000f84       0x48 Core/Src/main.o
                0x0000000008000f84                rosserial_msgs::TopicInfo::TopicInfo()
                0x0000000008000f84                rosserial_msgs::TopicInfo::TopicInfo()
 .text._ZNK14rosserial_msgs9TopicInfo9serializeEPh
                0x0000000008000fcc      0x136 Core/Src/main.o
                0x0000000008000fcc                rosserial_msgs::TopicInfo::serialize(unsigned char*) const
 .text._ZN14rosserial_msgs9TopicInfo11deserializeEPh
                0x0000000008001102      0x1d0 Core/Src/main.o
                0x0000000008001102                rosserial_msgs::TopicInfo::deserialize(unsigned char*)
 *fill*         0x00000000080012d2        0x2 
 .text._ZN14rosserial_msgs9TopicInfo7getTypeEv
                0x00000000080012d4       0x1c Core/Src/main.o
                0x00000000080012d4                rosserial_msgs::TopicInfo::getType()
 .text._ZN14rosserial_msgs9TopicInfo6getMD5Ev
                0x00000000080012f0       0x1c Core/Src/main.o
                0x00000000080012f0                rosserial_msgs::TopicInfo::getMD5()
 .text._ZN14rosserial_msgs3LogC2Ev
                0x000000000800130c       0x34 Core/Src/main.o
                0x000000000800130c                rosserial_msgs::Log::Log()
                0x000000000800130c                rosserial_msgs::Log::Log()
 .text._ZNK14rosserial_msgs3Log9serializeEPh
                0x0000000008001340       0x64 Core/Src/main.o
                0x0000000008001340                rosserial_msgs::Log::serialize(unsigned char*) const
 .text._ZN14rosserial_msgs3Log11deserializeEPh
                0x00000000080013a4       0x90 Core/Src/main.o
                0x00000000080013a4                rosserial_msgs::Log::deserialize(unsigned char*)
 .text._ZN14rosserial_msgs3Log7getTypeEv
                0x0000000008001434       0x1c Core/Src/main.o
                0x0000000008001434                rosserial_msgs::Log::getType()
 .text._ZN14rosserial_msgs3Log6getMD5Ev
                0x0000000008001450       0x1c Core/Src/main.o
                0x0000000008001450                rosserial_msgs::Log::getMD5()
 .text._ZN14rosserial_msgs20RequestParamResponseC2Ev
                0x000000000800146c       0x5c Core/Src/main.o
                0x000000000800146c                rosserial_msgs::RequestParamResponse::RequestParamResponse()
                0x000000000800146c                rosserial_msgs::RequestParamResponse::RequestParamResponse()
 .text._ZNK14rosserial_msgs20RequestParamResponse9serializeEPh
                0x00000000080014c8      0x222 Core/Src/main.o
                0x00000000080014c8                rosserial_msgs::RequestParamResponse::serialize(unsigned char*) const
 .text._ZN14rosserial_msgs20RequestParamResponse11deserializeEPh
                0x00000000080016ea      0x2e2 Core/Src/main.o
                0x00000000080016ea                rosserial_msgs::RequestParamResponse::deserialize(unsigned char*)
 .text._ZN14rosserial_msgs20RequestParamResponse7getTypeEv
                0x00000000080019cc       0x1c Core/Src/main.o
                0x00000000080019cc                rosserial_msgs::RequestParamResponse::getType()
 .text._ZN14rosserial_msgs20RequestParamResponse6getMD5Ev
                0x00000000080019e8       0x1c Core/Src/main.o
                0x00000000080019e8                rosserial_msgs::RequestParamResponse::getMD5()
 .text._ZN3ros9PublisherC2EPKcPNS_3MsgEi
                0x0000000008001a04       0x2e Core/Src/main.o
                0x0000000008001a04                ros::Publisher::Publisher(char const*, ros::Msg*, int)
                0x0000000008001a04                ros::Publisher::Publisher(char const*, ros::Msg*, int)
 .text._ZN3ros9Publisher7publishEPKNS_3MsgE
                0x0000000008001a32       0x28 Core/Src/main.o
                0x0000000008001a32                ros::Publisher::publish(ros::Msg const*)
 .text._ZN3ros9Publisher15getEndpointTypeEv
                0x0000000008001a5a       0x18 Core/Src/main.o
                0x0000000008001a5a                ros::Publisher::getEndpointType()
 .text._ZN13STM32HardwareC2Ev
                0x0000000008001a72       0x16 Core/Src/main.o
                0x0000000008001a72                STM32Hardware::STM32Hardware()
                0x0000000008001a72                STM32Hardware::STM32Hardware()
 .text._ZN13STM32Hardware4readEv
                0x0000000008001a88       0x38 Core/Src/main.o
                0x0000000008001a88                STM32Hardware::read()
 .text._ZN13STM32Hardware5writeEPhi
                0x0000000008001ac0       0x28 Core/Src/main.o
                0x0000000008001ac0                STM32Hardware::write(unsigned char*, int)
 .text._ZN13STM32Hardware4timeEv
                0x0000000008001ae8       0x16 Core/Src/main.o
                0x0000000008001ae8                STM32Hardware::time()
 *fill*         0x0000000008001afe        0x2 
 .text._ZN8std_msgs6UInt16C2Ev
                0x0000000008001b00       0x2c Core/Src/main.o
                0x0000000008001b00                std_msgs::UInt16::UInt16()
                0x0000000008001b00                std_msgs::UInt16::UInt16()
 .text._ZNK8std_msgs6UInt169serializeEPh
                0x0000000008001b2c       0x44 Core/Src/main.o
                0x0000000008001b2c                std_msgs::UInt16::serialize(unsigned char*) const
 .text._ZN8std_msgs6UInt1611deserializeEPh
                0x0000000008001b70       0x4e Core/Src/main.o
                0x0000000008001b70                std_msgs::UInt16::deserialize(unsigned char*)
 *fill*         0x0000000008001bbe        0x2 
 .text._ZN8std_msgs6UInt167getTypeEv
                0x0000000008001bc0       0x1c Core/Src/main.o
                0x0000000008001bc0                std_msgs::UInt16::getType()
 .text._ZN8std_msgs6UInt166getMD5Ev
                0x0000000008001bdc       0x1c Core/Src/main.o
                0x0000000008001bdc                std_msgs::UInt16::getMD5()
 .text._ZN8std_msgs5UInt8C2Ev
                0x0000000008001bf8       0x2c Core/Src/main.o
                0x0000000008001bf8                std_msgs::UInt8::UInt8()
                0x0000000008001bf8                std_msgs::UInt8::UInt8()
 .text._ZNK8std_msgs5UInt89serializeEPh
                0x0000000008001c24       0x2e Core/Src/main.o
                0x0000000008001c24                std_msgs::UInt8::serialize(unsigned char*) const
 .text._ZN8std_msgs5UInt811deserializeEPh
                0x0000000008001c52       0x2e Core/Src/main.o
                0x0000000008001c52                std_msgs::UInt8::deserialize(unsigned char*)
 .text._ZN8std_msgs5UInt87getTypeEv
                0x0000000008001c80       0x1c Core/Src/main.o
                0x0000000008001c80                std_msgs::UInt8::getType()
 .text._ZN8std_msgs5UInt86getMD5Ev
                0x0000000008001c9c       0x1c Core/Src/main.o
                0x0000000008001c9c                std_msgs::UInt8::getMD5()
 .text._Z15autonomous_Modettii
                0x0000000008001cb8       0x36 Core/Src/main.o
                0x0000000008001cb8                autonomous_Mode(unsigned short, unsigned short, int, int)
 .text._Z3maplllll
                0x0000000008001cee       0x38 Core/Src/main.o
                0x0000000008001cee                map(long, long, long, long, long)
 .text._Z11read_valuesRfS_S_
                0x0000000008001d26       0x18 Core/Src/main.o
                0x0000000008001d26                read_values(float&, float&, float&)
 *fill*         0x0000000008001d3e        0x2 
 .text._Z9RGB_coloriii
                0x0000000008001d40       0x98 Core/Src/main.o
                0x0000000008001d40                RGB_color(int, int, int)
 .text._Z16power_Differenceffftt
                0x0000000008001dd8      0x2e4 Core/Src/main.o
                0x0000000008001dd8                power_Difference(float, float, float, unsigned short, unsigned short)
 .text._Z6selectfffttRiS_
                0x00000000080020bc       0xbc Core/Src/main.o
                0x00000000080020bc                select(float, float, float, unsigned short, unsigned short, int&, int&)
 .text._ZN3ros15NodeHandleBase_C2Ev
                0x0000000008002178       0x20 Core/Src/main.o
                0x0000000008002178                ros::NodeHandleBase_::NodeHandleBase_()
                0x0000000008002178                ros::NodeHandleBase_::NodeHandleBase_()
 .text._ZN3ros11NodeHandle_I13STM32HardwareLi25ELi25ELi512ELi512EEC2Ev
                0x0000000008002198       0xe4 Core/Src/main.o
                0x0000000008002198                ros::NodeHandle_<STM32Hardware, 25, 25, 512, 512>::NodeHandle_()
                0x0000000008002198                ros::NodeHandle_<STM32Hardware, 25, 25, 512, 512>::NodeHandle_()
 .text._Z8right_cbRKN8std_msgs6UInt16E
                0x000000000800227c       0x24 Core/Src/main.o
                0x000000000800227c                right_cb(std_msgs::UInt16 const&)
 .text._Z7left_cbRKN8std_msgs6UInt16E
                0x00000000080022a0       0x24 Core/Src/main.o
                0x00000000080022a0                left_cb(std_msgs::UInt16 const&)
 .text.main     0x00000000080022c4       0xe4 Core/Src/main.o
                0x00000000080022c4                main
 .text._Z18SystemClock_Configv
                0x00000000080023a8      0x124 Core/Src/main.o
                0x00000000080023a8                SystemClock_Config()
 .text._ZL12MX_I2C1_Initv
                0x00000000080024cc       0x68 Core/Src/main.o
 .text._ZL12MX_I2S2_Initv
                0x0000000008002534       0x64 Core/Src/main.o
 .text._ZL12MX_I2S3_Initv
                0x0000000008002598       0x68 Core/Src/main.o
 .text._ZL12MX_SPI1_Initv
                0x0000000008002600       0x78 Core/Src/main.o
 .text._ZL19MX_USART2_UART_Initv
                0x0000000008002678       0x5c Core/Src/main.o
 .text._ZL12MX_GPIO_Initv
                0x00000000080026d4      0x1b4 Core/Src/main.o
 .text._Z16StartDefaultTaskPKv
                0x0000000008002888       0x14 Core/Src/main.o
                0x0000000008002888                StartDefaultTask(void const*)
 .text.Error_Handler
                0x000000000800289c        0xe Core/Src/main.o
                0x000000000800289c                Error_Handler
 .text._ZN3ros3Msg8varToArrIPhmEEvT_T0_
                0x00000000080028aa       0x3c Core/Src/main.o
                0x00000000080028aa                void ros::Msg::varToArr<unsigned char*, unsigned long>(unsigned char*, unsigned long)
 .text._ZN3ros3Msg8arrToVarImPhEEvRT_T0_
                0x00000000080028e6       0x4a Core/Src/main.o
                0x00000000080028e6                void ros::Msg::arrToVar<unsigned long, unsigned char*>(unsigned long&, unsigned char*)
 .text._ZN3ros11Subscriber_C2Ev
                0x0000000008002930       0x20 Core/Src/main.o
                0x0000000008002930                ros::Subscriber_::Subscriber_()
                0x0000000008002930                ros::Subscriber_::Subscriber_()
 .text._ZN3ros10SubscriberIN8std_msgs6UInt16EvEC2EPKcPFvRKS2_Ei
                0x0000000008002950       0x48 Core/Src/main.o
                0x0000000008002950                ros::Subscriber<std_msgs::UInt16, void>::Subscriber(char const*, void (*)(std_msgs::UInt16 const&), int)
                0x0000000008002950                ros::Subscriber<std_msgs::UInt16, void>::Subscriber(char const*, void (*)(std_msgs::UInt16 const&), int)
 .text._ZN3ros11NodeHandle_I13STM32HardwareLi25ELi25ELi512ELi512EE8spinOnceEv
                0x0000000008002998      0x3ac Core/Src/main.o
                0x0000000008002998                ros::NodeHandle_<STM32Hardware, 25, 25, 512, 512>::spinOnce()
 .text._ZN3ros11NodeHandle_I13STM32HardwareLi25ELi25ELi512ELi512EE15requestSyncTimeEv
                0x0000000008002d44       0x3a Core/Src/main.o
                0x0000000008002d44                ros::NodeHandle_<STM32Hardware, 25, 25, 512, 512>::requestSyncTime()
 .text._ZN3ros11NodeHandle_I13STM32HardwareLi25ELi25ELi512ELi512EE15negotiateTopicsEv
                0x0000000008002d7e      0x1c0 Core/Src/main.o
                0x0000000008002d7e                ros::NodeHandle_<STM32Hardware, 25, 25, 512, 512>::negotiateTopics()
 *fill*         0x0000000008002f3e        0x2 
 .text._ZN3ros11NodeHandle_I13STM32HardwareLi25ELi25ELi512ELi512EE8syncTimeEPh
                0x0000000008002f40       0x94 Core/Src/main.o
                0x0000000008002f40                ros::NodeHandle_<STM32Hardware, 25, 25, 512, 512>::syncTime(unsigned char*)
 .text._ZN3ros11NodeHandle_I13STM32HardwareLi25ELi25ELi512ELi512EE7publishEiPKNS_3MsgE
                0x0000000008002fd4      0x124 Core/Src/main.o
                0x0000000008002fd4                ros::NodeHandle_<STM32Hardware, 25, 25, 512, 512>::publish(int, ros::Msg const*)
 .text._ZN3ros11NodeHandle_I13STM32HardwareLi25ELi25ELi512ELi512EE6setNowERKNS_4TimeE
                0x00000000080030f8       0x7c Core/Src/main.o
                0x00000000080030f8                ros::NodeHandle_<STM32Hardware, 25, 25, 512, 512>::setNow(ros::Time const&)
 .text._ZN3ros11NodeHandle_I13STM32HardwareLi25ELi25ELi512ELi512EE8logerrorEPKc
                0x0000000008003174       0x1c Core/Src/main.o
                0x0000000008003174                ros::NodeHandle_<STM32Hardware, 25, 25, 512, 512>::logerror(char const*)
 .text._ZN3ros11NodeHandle_I13STM32HardwareLi25ELi25ELi512ELi512EE3logEcPKc
                0x0000000008003190       0x38 Core/Src/main.o
                0x0000000008003190                ros::NodeHandle_<STM32Hardware, 25, 25, 512, 512>::log(char, char const*)
 .text._Z41__static_initialization_and_destruction_0ii
                0x00000000080031c8       0x7c Core/Src/main.o
 .text._ZN3ros10SubscriberIN8std_msgs6UInt16EvE8callbackEPh
                0x0000000008003244       0x2a Core/Src/main.o
                0x0000000008003244                ros::Subscriber<std_msgs::UInt16, void>::callback(unsigned char*)
 .text._ZN3ros10SubscriberIN8std_msgs6UInt16EvE15getEndpointTypeEv
                0x000000000800326e       0x18 Core/Src/main.o
                0x000000000800326e                ros::Subscriber<std_msgs::UInt16, void>::getEndpointType()
 .text._ZN3ros10SubscriberIN8std_msgs6UInt16EvE10getMsgTypeEv
                0x0000000008003286       0x1c Core/Src/main.o
                0x0000000008003286                ros::Subscriber<std_msgs::UInt16, void>::getMsgType()
 .text._ZN3ros10SubscriberIN8std_msgs6UInt16EvE9getMsgMD5Ev
                0x00000000080032a2       0x1c Core/Src/main.o
                0x00000000080032a2                ros::Subscriber<std_msgs::UInt16, void>::getMsgMD5()
 .text._ZN3ros11NodeHandle_I13STM32HardwareLi25ELi25ELi512ELi512EE9connectedEv
                0x00000000080032be       0x1a Core/Src/main.o
                0x00000000080032be                ros::NodeHandle_<STM32Hardware, 25, 25, 512, 512>::connected()
 .text._GLOBAL__sub_I_UartHandle
                0x00000000080032d8       0x10 Core/Src/main.o
 .text.HAL_MspInit
                0x00000000080032e8       0x50 Core/Src/stm32f4xx_hal_msp.o
                0x00000000080032e8                HAL_MspInit
 .text.HAL_I2C_MspInit
                0x0000000008003338       0x90 Core/Src/stm32f4xx_hal_msp.o
                0x0000000008003338                HAL_I2C_MspInit
 .text.HAL_I2S_MspInit
                0x00000000080033c8      0x17c Core/Src/stm32f4xx_hal_msp.o
                0x00000000080033c8                HAL_I2S_MspInit
 .text.HAL_SPI_MspInit
                0x0000000008003544       0x90 Core/Src/stm32f4xx_hal_msp.o
                0x0000000008003544                HAL_SPI_MspInit
 .text.HAL_UART_MspInit
                0x00000000080035d4       0x90 Core/Src/stm32f4xx_hal_msp.o
                0x00000000080035d4                HAL_UART_MspInit
 .text.NMI_Handler
                0x0000000008003664        0xe Core/Src/stm32f4xx_it.o
                0x0000000008003664                NMI_Handler
 .text.HardFault_Handler
                0x0000000008003672        0x6 Core/Src/stm32f4xx_it.o
                0x0000000008003672                HardFault_Handler
 .text.MemManage_Handler
                0x0000000008003678        0x6 Core/Src/stm32f4xx_it.o
                0x0000000008003678                MemManage_Handler
 .text.BusFault_Handler
                0x000000000800367e        0x6 Core/Src/stm32f4xx_it.o
                0x000000000800367e                BusFault_Handler
 .text.UsageFault_Handler
                0x0000000008003684        0x6 Core/Src/stm32f4xx_it.o
                0x0000000008003684                UsageFault_Handler
 .text.DebugMon_Handler
                0x000000000800368a        0xe Core/Src/stm32f4xx_it.o
                0x000000000800368a                DebugMon_Handler
 .text.SysTick_Handler
                0x0000000008003698       0x1a Core/Src/stm32f4xx_it.o
                0x0000000008003698                SysTick_Handler
 *fill*         0x00000000080036b2        0x2 
 .text.OTG_FS_IRQHandler
                0x00000000080036b4       0x14 Core/Src/stm32f4xx_it.o
                0x00000000080036b4                OTG_FS_IRQHandler
 .text._getpid  0x00000000080036c8       0x10 Core/Src/syscalls.o
                0x00000000080036c8                _getpid
 .text._kill    0x00000000080036d8       0x20 Core/Src/syscalls.o
                0x00000000080036d8                _kill
 .text._exit    0x00000000080036f8       0x14 Core/Src/syscalls.o
                0x00000000080036f8                _exit
 .text._sbrk    0x000000000800370c       0x6c Core/Src/sysmem.o
                0x000000000800370c                _sbrk
 .text.SystemInit
                0x0000000008003778       0x2c Core/Src/system_stm32f4xx.o
                0x0000000008003778                SystemInit
 .text.Reset_Handler
                0x00000000080037a4       0x50 Core/Startup/startup_stm32f401vctx.o
                0x00000000080037a4                Reset_Handler
 .text.Default_Handler
                0x00000000080037f4        0x2 Core/Startup/startup_stm32f401vctx.o
                0x00000000080037f4                RTC_Alarm_IRQHandler
                0x00000000080037f4                EXTI2_IRQHandler
                0x00000000080037f4                SPI4_IRQHandler
                0x00000000080037f4                TIM1_CC_IRQHandler
                0x00000000080037f4                DMA2_Stream5_IRQHandler
                0x00000000080037f4                DMA1_Stream5_IRQHandler
                0x00000000080037f4                PVD_IRQHandler
                0x00000000080037f4                SDIO_IRQHandler
                0x00000000080037f4                TAMP_STAMP_IRQHandler
                0x00000000080037f4                EXTI3_IRQHandler
                0x00000000080037f4                TIM1_UP_TIM10_IRQHandler
                0x00000000080037f4                I2C3_ER_IRQHandler
                0x00000000080037f4                EXTI0_IRQHandler
                0x00000000080037f4                I2C2_EV_IRQHandler
                0x00000000080037f4                DMA1_Stream2_IRQHandler
                0x00000000080037f4                FPU_IRQHandler
                0x00000000080037f4                DMA2_Stream2_IRQHandler
                0x00000000080037f4                SPI1_IRQHandler
                0x00000000080037f4                TIM1_BRK_TIM9_IRQHandler
                0x00000000080037f4                DMA2_Stream3_IRQHandler
                0x00000000080037f4                USART6_IRQHandler
                0x00000000080037f4                DMA2_Stream0_IRQHandler
                0x00000000080037f4                TIM4_IRQHandler
                0x00000000080037f4                I2C1_EV_IRQHandler
                0x00000000080037f4                DMA1_Stream6_IRQHandler
                0x00000000080037f4                DMA1_Stream1_IRQHandler
                0x00000000080037f4                TIM3_IRQHandler
                0x00000000080037f4                RCC_IRQHandler
                0x00000000080037f4                Default_Handler
                0x00000000080037f4                EXTI15_10_IRQHandler
                0x00000000080037f4                ADC_IRQHandler
                0x00000000080037f4                DMA1_Stream7_IRQHandler
                0x00000000080037f4                TIM5_IRQHandler
                0x00000000080037f4                DMA2_Stream7_IRQHandler
                0x00000000080037f4                I2C3_EV_IRQHandler
                0x00000000080037f4                EXTI9_5_IRQHandler
                0x00000000080037f4                RTC_WKUP_IRQHandler
                0x00000000080037f4                SPI2_IRQHandler
                0x00000000080037f4                DMA1_Stream0_IRQHandler
                0x00000000080037f4                EXTI4_IRQHandler
                0x00000000080037f4                WWDG_IRQHandler
                0x00000000080037f4                TIM2_IRQHandler
                0x00000000080037f4                OTG_FS_WKUP_IRQHandler
                0x00000000080037f4                TIM1_TRG_COM_TIM11_IRQHandler
                0x00000000080037f4                EXTI1_IRQHandler
                0x00000000080037f4                USART2_IRQHandler
                0x00000000080037f4                I2C2_ER_IRQHandler
                0x00000000080037f4                DMA2_Stream1_IRQHandler
                0x00000000080037f4                FLASH_IRQHandler
                0x00000000080037f4                DMA2_Stream4_IRQHandler
                0x00000000080037f4                USART1_IRQHandler
                0x00000000080037f4                SPI3_IRQHandler
                0x00000000080037f4                DMA1_Stream4_IRQHandler
                0x00000000080037f4                I2C1_ER_IRQHandler
                0x00000000080037f4                DMA2_Stream6_IRQHandler
                0x00000000080037f4                DMA1_Stream3_IRQHandler
 *fill*         0x00000000080037f6        0x2 
 .text.HAL_Init
                0x00000000080037f8       0x44 Drivers/STM32F4xx_HAL_Driver/Src/stm32f4xx_hal.o
                0x00000000080037f8                HAL_Init
 .text.HAL_InitTick
                0x000000000800383c       0x60 Drivers/STM32F4xx_HAL_Driver/Src/stm32f4xx_hal.o
                0x000000000800383c                HAL_InitTick
 .text.HAL_IncTick
                0x000000000800389c       0x28 Drivers/STM32F4xx_HAL_Driver/Src/stm32f4xx_hal.o
                0x000000000800389c                HAL_IncTick
 .text.HAL_GetTick
                0x00000000080038c4       0x18 Drivers/STM32F4xx_HAL_Driver/Src/stm32f4xx_hal.o
                0x00000000080038c4                HAL_GetTick
 .text.HAL_Delay
                0x00000000080038dc       0x44 Drivers/STM32F4xx_HAL_Driver/Src/stm32f4xx_hal.o
                0x00000000080038dc                HAL_Delay
 .text.__NVIC_SetPriorityGrouping
                0x0000000008003920       0x48 Drivers/STM32F4xx_HAL_Driver/Src/stm32f4xx_hal_cortex.o
 .text.__NVIC_GetPriorityGrouping
                0x0000000008003968       0x1c Drivers/STM32F4xx_HAL_Driver/Src/stm32f4xx_hal_cortex.o
 .text.__NVIC_EnableIRQ
                0x0000000008003984       0x3c Drivers/STM32F4xx_HAL_Driver/Src/stm32f4xx_hal_cortex.o
 .text.__NVIC_SetPriority
                0x00000000080039c0       0x54 Drivers/STM32F4xx_HAL_Driver/Src/stm32f4xx_hal_cortex.o
 .text.NVIC_EncodePriority
                0x0000000008003a14       0x66 Drivers/STM32F4xx_HAL_Driver/Src/stm32f4xx_hal_cortex.o
 *fill*         0x0000000008003a7a        0x2 
 .text.SysTick_Config
                0x0000000008003a7c       0x44 Drivers/STM32F4xx_HAL_Driver/Src/stm32f4xx_hal_cortex.o
 .text.HAL_NVIC_SetPriorityGrouping
                0x0000000008003ac0       0x16 Drivers/STM32F4xx_HAL_Driver/Src/stm32f4xx_hal_cortex.o
                0x0000000008003ac0                HAL_NVIC_SetPriorityGrouping
 .text.HAL_NVIC_SetPriority
                0x0000000008003ad6       0x38 Drivers/STM32F4xx_HAL_Driver/Src/stm32f4xx_hal_cortex.o
                0x0000000008003ad6                HAL_NVIC_SetPriority
 .text.HAL_NVIC_EnableIRQ
                0x0000000008003b0e       0x1c Drivers/STM32F4xx_HAL_Driver/Src/stm32f4xx_hal_cortex.o
                0x0000000008003b0e                HAL_NVIC_EnableIRQ
 .text.HAL_SYSTICK_Config
                0x0000000008003b2a       0x18 Drivers/STM32F4xx_HAL_Driver/Src/stm32f4xx_hal_cortex.o
                0x0000000008003b2a                HAL_SYSTICK_Config
 *fill*         0x0000000008003b42        0x2 
 .text.HAL_GPIO_Init
                0x0000000008003b44      0x304 Drivers/STM32F4xx_HAL_Driver/Src/stm32f4xx_hal_gpio.o
                0x0000000008003b44                HAL_GPIO_Init
 .text.HAL_GPIO_WritePin
                0x0000000008003e48       0x32 Drivers/STM32F4xx_HAL_Driver/Src/stm32f4xx_hal_gpio.o
                0x0000000008003e48                HAL_GPIO_WritePin
 .text.HAL_HCD_Init
                0x0000000008003e7a       0xc4 Drivers/STM32F4xx_HAL_Driver/Src/stm32f4xx_hal_hcd.o
                0x0000000008003e7a                HAL_HCD_Init
 .text.HAL_HCD_HC_Init
                0x0000000008003f3e      0x130 Drivers/STM32F4xx_HAL_Driver/Src/stm32f4xx_hal_hcd.o
                0x0000000008003f3e                HAL_HCD_HC_Init
 .text.HAL_HCD_HC_Halt
                0x000000000800406e       0x46 Drivers/STM32F4xx_HAL_Driver/Src/stm32f4xx_hal_hcd.o
                0x000000000800406e                HAL_HCD_HC_Halt
 .text.HAL_HCD_HC_SubmitRequest
                0x00000000080040b4      0x2e4 Drivers/STM32F4xx_HAL_Driver/Src/stm32f4xx_hal_hcd.o
                0x00000000080040b4                HAL_HCD_HC_SubmitRequest
 .text.HAL_HCD_IRQHandler
                0x0000000008004398      0x208 Drivers/STM32F4xx_HAL_Driver/Src/stm32f4xx_hal_hcd.o
                0x0000000008004398                HAL_HCD_IRQHandler
 .text.HAL_HCD_Start
                0x00000000080045a0       0x46 Drivers/STM32F4xx_HAL_Driver/Src/stm32f4xx_hal_hcd.o
                0x00000000080045a0                HAL_HCD_Start
 .text.HAL_HCD_Stop
                0x00000000080045e6       0x3a Drivers/STM32F4xx_HAL_Driver/Src/stm32f4xx_hal_hcd.o
                0x00000000080045e6                HAL_HCD_Stop
 .text.HAL_HCD_ResetPort
                0x0000000008004620       0x1c Drivers/STM32F4xx_HAL_Driver/Src/stm32f4xx_hal_hcd.o
                0x0000000008004620                HAL_HCD_ResetPort
 .text.HAL_HCD_HC_GetURBState
                0x000000000800463c       0x2a Drivers/STM32F4xx_HAL_Driver/Src/stm32f4xx_hal_hcd.o
                0x000000000800463c                HAL_HCD_HC_GetURBState
 .text.HAL_HCD_HC_GetXferCount
                0x0000000008004666       0x2a Drivers/STM32F4xx_HAL_Driver/Src/stm32f4xx_hal_hcd.o
                0x0000000008004666                HAL_HCD_HC_GetXferCount
 .text.HAL_HCD_GetCurrentFrame
                0x0000000008004690       0x1c Drivers/STM32F4xx_HAL_Driver/Src/stm32f4xx_hal_hcd.o
                0x0000000008004690                HAL_HCD_GetCurrentFrame
 .text.HAL_HCD_GetCurrentSpeed
                0x00000000080046ac       0x1c Drivers/STM32F4xx_HAL_Driver/Src/stm32f4xx_hal_hcd.o
                0x00000000080046ac                HAL_HCD_GetCurrentSpeed
 .text.HCD_HC_IN_IRQHandler
                0x00000000080046c8      0x86a Drivers/STM32F4xx_HAL_Driver/Src/stm32f4xx_hal_hcd.o
 .text.HCD_HC_OUT_IRQHandler
                0x0000000008004f32      0x6ea Drivers/STM32F4xx_HAL_Driver/Src/stm32f4xx_hal_hcd.o
 .text.HCD_RXQLVL_IRQHandler
                0x000000000800561c      0x158 Drivers/STM32F4xx_HAL_Driver/Src/stm32f4xx_hal_hcd.o
 .text.HCD_Port_IRQHandler
                0x0000000008005774       0xe6 Drivers/STM32F4xx_HAL_Driver/Src/stm32f4xx_hal_hcd.o
 *fill*         0x000000000800585a        0x2 
 .text.HAL_I2C_Init
                0x000000000800585c      0x270 Drivers/STM32F4xx_HAL_Driver/Src/stm32f4xx_hal_i2c.o
                0x000000000800585c                HAL_I2C_Init
 .text.HAL_I2S_Init
                0x0000000008005acc      0x280 Drivers/STM32F4xx_HAL_Driver/Src/stm32f4xx_hal_i2s.o
                0x0000000008005acc                HAL_I2S_Init
 .text.HAL_I2S_TxCpltCallback
                0x0000000008005d4c       0x14 Drivers/STM32F4xx_HAL_Driver/Src/stm32f4xx_hal_i2s.o
                0x0000000008005d4c                HAL_I2S_TxCpltCallback
 .text.HAL_I2S_RxCpltCallback
                0x0000000008005d60       0x14 Drivers/STM32F4xx_HAL_Driver/Src/stm32f4xx_hal_i2s.o
                0x0000000008005d60                HAL_I2S_RxCpltCallback
 .text.HAL_I2S_ErrorCallback
                0x0000000008005d74       0x14 Drivers/STM32F4xx_HAL_Driver/Src/stm32f4xx_hal_i2s.o
                0x0000000008005d74                HAL_I2S_ErrorCallback
 .text.I2S_Transmit_IT
                0x0000000008005d88       0x5c Drivers/STM32F4xx_HAL_Driver/Src/stm32f4xx_hal_i2s.o
 .text.I2S_Receive_IT
                0x0000000008005de4       0x5e Drivers/STM32F4xx_HAL_Driver/Src/stm32f4xx_hal_i2s.o
 .text.I2S_IRQHandler
                0x0000000008005e42      0x114 Drivers/STM32F4xx_HAL_Driver/Src/stm32f4xx_hal_i2s.o
 *fill*         0x0000000008005f56        0x2 
 .text.HAL_I2SEx_FullDuplex_IRQHandler
                0x0000000008005f58      0x2a8 Drivers/STM32F4xx_HAL_Driver/Src/stm32f4xx_hal_i2s_ex.o
                0x0000000008005f58                HAL_I2SEx_FullDuplex_IRQHandler
 .text.HAL_I2SEx_TxRxCpltCallback
                0x0000000008006200       0x14 Drivers/STM32F4xx_HAL_Driver/Src/stm32f4xx_hal_i2s_ex.o
                0x0000000008006200                HAL_I2SEx_TxRxCpltCallback
 .text.I2SEx_TxISR_I2S
                0x0000000008006214       0x62 Drivers/STM32F4xx_HAL_Driver/Src/stm32f4xx_hal_i2s_ex.o
 *fill*         0x0000000008006276        0x2 
 .text.I2SEx_TxISR_I2SExt
                0x0000000008006278       0x98 Drivers/STM32F4xx_HAL_Driver/Src/stm32f4xx_hal_i2s_ex.o
 .text.I2SEx_RxISR_I2S
                0x0000000008006310       0x64 Drivers/STM32F4xx_HAL_Driver/Src/stm32f4xx_hal_i2s_ex.o
 .text.I2SEx_RxISR_I2SExt
                0x0000000008006374       0x98 Drivers/STM32F4xx_HAL_Driver/Src/stm32f4xx_hal_i2s_ex.o
 .text.HAL_RCC_OscConfig
                0x000000000800640c      0x4e0 Drivers/STM32F4xx_HAL_Driver/Src/stm32f4xx_hal_rcc.o
                0x000000000800640c                HAL_RCC_OscConfig
 .text.HAL_RCC_ClockConfig
                0x00000000080068ec      0x1cc Drivers/STM32F4xx_HAL_Driver/Src/stm32f4xx_hal_rcc.o
                0x00000000080068ec                HAL_RCC_ClockConfig
 .text.HAL_RCC_GetSysClockFreq
                0x0000000008006ab8      0x1b0 Drivers/STM32F4xx_HAL_Driver/Src/stm32f4xx_hal_rcc.o
                0x0000000008006ab8                HAL_RCC_GetSysClockFreq
 .text.HAL_RCC_GetHCLKFreq
                0x0000000008006c68       0x18 Drivers/STM32F4xx_HAL_Driver/Src/stm32f4xx_hal_rcc.o
                0x0000000008006c68                HAL_RCC_GetHCLKFreq
 .text.HAL_RCC_GetPCLK1Freq
                0x0000000008006c80       0x28 Drivers/STM32F4xx_HAL_Driver/Src/stm32f4xx_hal_rcc.o
                0x0000000008006c80                HAL_RCC_GetPCLK1Freq
 .text.HAL_RCC_GetPCLK2Freq
                0x0000000008006ca8       0x28 Drivers/STM32F4xx_HAL_Driver/Src/stm32f4xx_hal_rcc.o
                0x0000000008006ca8                HAL_RCC_GetPCLK2Freq
 .text.HAL_RCCEx_PeriphCLKConfig
                0x0000000008006cd0      0x1dc Drivers/STM32F4xx_HAL_Driver/Src/stm32f4xx_hal_rcc_ex.o
                0x0000000008006cd0                HAL_RCCEx_PeriphCLKConfig
 .text.HAL_RCCEx_GetPeriphCLKFreq
                0x0000000008006eac       0xb8 Drivers/STM32F4xx_HAL_Driver/Src/stm32f4xx_hal_rcc_ex.o
                0x0000000008006eac                HAL_RCCEx_GetPeriphCLKFreq
 .text.HAL_SPI_Init
                0x0000000008006f64       0xc8 Drivers/STM32F4xx_HAL_Driver/Src/stm32f4xx_hal_spi.o
                0x0000000008006f64                HAL_SPI_Init
 .text.HAL_UART_Init
                0x000000000800702c       0x9a Drivers/STM32F4xx_HAL_Driver/Src/stm32f4xx_hal_uart.o
                0x000000000800702c                HAL_UART_Init
 .text.HAL_UART_Transmit
                0x00000000080070c6      0x132 Drivers/STM32F4xx_HAL_Driver/Src/stm32f4xx_hal_uart.o
                0x00000000080070c6                HAL_UART_Transmit
 .text.HAL_UART_Receive
                0x00000000080071f8      0x14c Drivers/STM32F4xx_HAL_Driver/Src/stm32f4xx_hal_uart.o
                0x00000000080071f8                HAL_UART_Receive
 .text.UART_WaitOnFlagUntilTimeout
                0x0000000008007344       0x94 Drivers/STM32F4xx_HAL_Driver/Src/stm32f4xx_hal_uart.o
 .text.UART_SetConfig
                0x00000000080073d8      0x6f8 Drivers/STM32F4xx_HAL_Driver/Src/stm32f4xx_hal_uart.o
 .text.USB_CoreInit
                0x0000000008007ad0       0xc2 Drivers/STM32F4xx_HAL_Driver/Src/stm32f4xx_ll_usb.o
                0x0000000008007ad0                USB_CoreInit
 .text.USB_EnableGlobalInt
                0x0000000008007b92       0x22 Drivers/STM32F4xx_HAL_Driver/Src/stm32f4xx_ll_usb.o
                0x0000000008007b92                USB_EnableGlobalInt
 .text.USB_DisableGlobalInt
                0x0000000008007bb4       0x22 Drivers/STM32F4xx_HAL_Driver/Src/stm32f4xx_ll_usb.o
                0x0000000008007bb4                USB_DisableGlobalInt
 .text.USB_SetCurrentMode
                0x0000000008007bd6       0x54 Drivers/STM32F4xx_HAL_Driver/Src/stm32f4xx_ll_usb.o
                0x0000000008007bd6                USB_SetCurrentMode
 *fill*         0x0000000008007c2a        0x2 
 .text.USB_FlushTxFifo
                0x0000000008007c2c       0x4c Drivers/STM32F4xx_HAL_Driver/Src/stm32f4xx_ll_usb.o
                0x0000000008007c2c                USB_FlushTxFifo
 .text.USB_FlushRxFifo
                0x0000000008007c78       0x44 Drivers/STM32F4xx_HAL_Driver/Src/stm32f4xx_ll_usb.o
                0x0000000008007c78                USB_FlushRxFifo
 .text.USB_WritePacket
                0x0000000008007cbc       0x6a Drivers/STM32F4xx_HAL_Driver/Src/stm32f4xx_ll_usb.o
                0x0000000008007cbc                USB_WritePacket
 .text.USB_ReadPacket
                0x0000000008007d26       0x52 Drivers/STM32F4xx_HAL_Driver/Src/stm32f4xx_ll_usb.o
                0x0000000008007d26                USB_ReadPacket
 .text.USB_ReadInterrupts
                0x0000000008007d78       0x26 Drivers/STM32F4xx_HAL_Driver/Src/stm32f4xx_ll_usb.o
                0x0000000008007d78                USB_ReadInterrupts
 .text.USB_GetMode
                0x0000000008007d9e       0x1c Drivers/STM32F4xx_HAL_Driver/Src/stm32f4xx_ll_usb.o
                0x0000000008007d9e                USB_GetMode
 *fill*         0x0000000008007dba        0x2 
 .text.USB_CoreReset
                0x0000000008007dbc       0x68 Drivers/STM32F4xx_HAL_Driver/Src/stm32f4xx_ll_usb.o
 .text.USB_HostInit
                0x0000000008007e24      0x178 Drivers/STM32F4xx_HAL_Driver/Src/stm32f4xx_ll_usb.o
                0x0000000008007e24                USB_HostInit
 .text.USB_InitFSLSPClkSel
                0x0000000008007f9c       0x74 Drivers/STM32F4xx_HAL_Driver/Src/stm32f4xx_ll_usb.o
                0x0000000008007f9c                USB_InitFSLSPClkSel
 .text.USB_ResetPort
                0x0000000008008010       0x54 Drivers/STM32F4xx_HAL_Driver/Src/stm32f4xx_ll_usb.o
                0x0000000008008010                USB_ResetPort
 .text.USB_DriveVbus
                0x0000000008008064       0x72 Drivers/STM32F4xx_HAL_Driver/Src/stm32f4xx_ll_usb.o
                0x0000000008008064                USB_DriveVbus
 .text.USB_GetHostSpeed
                0x00000000080080d6       0x2e Drivers/STM32F4xx_HAL_Driver/Src/stm32f4xx_ll_usb.o
                0x00000000080080d6                USB_GetHostSpeed
 .text.USB_GetCurrentFrame
                0x0000000008008104       0x22 Drivers/STM32F4xx_HAL_Driver/Src/stm32f4xx_ll_usb.o
                0x0000000008008104                USB_GetCurrentFrame
 *fill*         0x0000000008008126        0x2 
 .text.USB_HC_Init
                0x0000000008008128      0x214 Drivers/STM32F4xx_HAL_Driver/Src/stm32f4xx_ll_usb.o
                0x0000000008008128                USB_HC_Init
 .text.USB_HC_StartXfer
                0x000000000800833c      0x28c Drivers/STM32F4xx_HAL_Driver/Src/stm32f4xx_ll_usb.o
                0x000000000800833c                USB_HC_StartXfer
 .text.USB_HC_ReadInterrupt
                0x00000000080085c8       0x22 Drivers/STM32F4xx_HAL_Driver/Src/stm32f4xx_ll_usb.o
                0x00000000080085c8                USB_HC_ReadInterrupt
 .text.USB_HC_Halt
                0x00000000080085ea      0x1fe Drivers/STM32F4xx_HAL_Driver/Src/stm32f4xx_ll_usb.o
                0x00000000080085ea                USB_HC_Halt
 .text.USB_DoPing
                0x00000000080087e8       0x78 Drivers/STM32F4xx_HAL_Driver/Src/stm32f4xx_ll_usb.o
                0x00000000080087e8                USB_DoPing
 .text.USB_StopHost
                0x0000000008008860      0x10c Drivers/STM32F4xx_HAL_Driver/Src/stm32f4xx_ll_usb.o
                0x0000000008008860                USB_StopHost
 .text.USBH_CDC_InterfaceInit
                0x000000000800896c      0x2ac Middlewares/ST/STM32_USB_Host_Library/Class/CDC/Src/usbh_cdc.o
 .text.USBH_CDC_InterfaceDeInit
                0x0000000008008c18       0xb2 Middlewares/ST/STM32_USB_Host_Library/Class/CDC/Src/usbh_cdc.o
 .text.USBH_CDC_ClassRequest
                0x0000000008008cca       0x3e Middlewares/ST/STM32_USB_Host_Library/Class/CDC/Src/usbh_cdc.o
 .text.USBH_CDC_Process
                0x0000000008008d08      0x12c Middlewares/ST/STM32_USB_Host_Library/Class/CDC/Src/usbh_cdc.o
 .text.USBH_CDC_SOFProcess
                0x0000000008008e34       0x16 Middlewares/ST/STM32_USB_Host_Library/Class/CDC/Src/usbh_cdc.o
 .text.GetLineCoding
                0x0000000008008e4a       0x3e Middlewares/ST/STM32_USB_Host_Library/Class/CDC/Src/usbh_cdc.o
 .text.SetLineCoding
                0x0000000008008e88       0x3e Middlewares/ST/STM32_USB_Host_Library/Class/CDC/Src/usbh_cdc.o
 .text.CDC_ProcessTransmission
                0x0000000008008ec6      0x128 Middlewares/ST/STM32_USB_Host_Library/Class/CDC/Src/usbh_cdc.o
 .text.CDC_ProcessReception
                0x0000000008008fee       0xd2 Middlewares/ST/STM32_USB_Host_Library/Class/CDC/Src/usbh_cdc.o
 .text.USBH_CDC_TransmitCallback
                0x00000000080090c0       0x14 Middlewares/ST/STM32_USB_Host_Library/Class/CDC/Src/usbh_cdc.o
                0x00000000080090c0                USBH_CDC_TransmitCallback
 .text.USBH_CDC_ReceiveCallback
                0x00000000080090d4       0x14 Middlewares/ST/STM32_USB_Host_Library/Class/CDC/Src/usbh_cdc.o
                0x00000000080090d4                USBH_CDC_ReceiveCallback
 .text.USBH_CDC_LineCodingChanged
                0x00000000080090e8       0x14 Middlewares/ST/STM32_USB_Host_Library/Class/CDC/Src/usbh_cdc.o
                0x00000000080090e8                USBH_CDC_LineCodingChanged
 .text.USBH_Init
                0x00000000080090fc       0xc4 Middlewares/ST/STM32_USB_Host_Library/Core/Src/usbh_core.o
                0x00000000080090fc                USBH_Init
 .text.DeInitStateMachine
                0x00000000080091c0       0xa8 Middlewares/ST/STM32_USB_Host_Library/Core/Src/usbh_core.o
 .text.USBH_RegisterClass
                0x0000000008009268       0x54 Middlewares/ST/STM32_USB_Host_Library/Core/Src/usbh_core.o
                0x0000000008009268                USBH_RegisterClass
 .text.USBH_SelectInterface
                0x00000000080092bc       0x38 Middlewares/ST/STM32_USB_Host_Library/Core/Src/usbh_core.o
                0x00000000080092bc                USBH_SelectInterface
 .text.USBH_FindInterface
                0x00000000080092f4       0x8c Middlewares/ST/STM32_USB_Host_Library/Core/Src/usbh_core.o
                0x00000000080092f4                USBH_FindInterface
 .text.USBH_Start
                0x0000000008009380       0x20 Middlewares/ST/STM32_USB_Host_Library/Core/Src/usbh_core.o
                0x0000000008009380                USBH_Start
 .text.USBH_Process
                0x00000000080093a0      0x4c4 Middlewares/ST/STM32_USB_Host_Library/Core/Src/usbh_core.o
                0x00000000080093a0                USBH_Process
 .text.USBH_HandleEnum
                0x0000000008009864      0x458 Middlewares/ST/STM32_USB_Host_Library/Core/Src/usbh_core.o
 .text.USBH_LL_SetTimer
                0x0000000008009cbc       0x1e Middlewares/ST/STM32_USB_Host_Library/Core/Src/usbh_core.o
                0x0000000008009cbc                USBH_LL_SetTimer
 .text.USBH_LL_IncTimer
                0x0000000008009cda       0x24 Middlewares/ST/STM32_USB_Host_Library/Core/Src/usbh_core.o
                0x0000000008009cda                USBH_LL_IncTimer
 .text.USBH_HandleSof
                0x0000000008009cfe       0x30 Middlewares/ST/STM32_USB_Host_Library/Core/Src/usbh_core.o
 .text.USBH_LL_PortEnabled
                0x0000000008009d2e       0x34 Middlewares/ST/STM32_USB_Host_Library/Core/Src/usbh_core.o
                0x0000000008009d2e                USBH_LL_PortEnabled
 .text.USBH_LL_PortDisabled
                0x0000000008009d62       0x1c Middlewares/ST/STM32_USB_Host_Library/Core/Src/usbh_core.o
                0x0000000008009d62                USBH_LL_PortDisabled
 .text.USBH_LL_Connect
                0x0000000008009d7e       0x46 Middlewares/ST/STM32_USB_Host_Library/Core/Src/usbh_core.o
                0x0000000008009d7e                USBH_LL_Connect
 .text.USBH_LL_Disconnect
                0x0000000008009dc4       0x64 Middlewares/ST/STM32_USB_Host_Library/Core/Src/usbh_core.o
                0x0000000008009dc4                USBH_LL_Disconnect
 .text.USBH_Process_OS
                0x0000000008009e28       0x2a Middlewares/ST/STM32_USB_Host_Library/Core/Src/usbh_core.o
 .text.USBH_LL_NotifyURBChange
                0x0000000008009e52       0x2e Middlewares/ST/STM32_USB_Host_Library/Core/Src/usbh_core.o
                0x0000000008009e52                USBH_LL_NotifyURBChange
 .text.USBH_Get_DevDesc
                0x0000000008009e80       0x50 Middlewares/ST/STM32_USB_Host_Library/Core/Src/usbh_ctlreq.o
                0x0000000008009e80                USBH_Get_DevDesc
 .text.USBH_Get_CfgDesc
                0x0000000008009ed0       0x48 Middlewares/ST/STM32_USB_Host_Library/Core/Src/usbh_ctlreq.o
                0x0000000008009ed0                USBH_Get_CfgDesc
 .text.USBH_Get_StringDesc
                0x0000000008009f18       0x56 Middlewares/ST/STM32_USB_Host_Library/Core/Src/usbh_ctlreq.o
                0x0000000008009f18                USBH_Get_StringDesc
 .text.USBH_GetDescriptor
                0x0000000008009f6e       0x6a Middlewares/ST/STM32_USB_Host_Library/Core/Src/usbh_ctlreq.o
                0x0000000008009f6e                USBH_GetDescriptor
 .text.USBH_SetAddress
                0x0000000008009fd8       0x48 Middlewares/ST/STM32_USB_Host_Library/Core/Src/usbh_ctlreq.o
                0x0000000008009fd8                USBH_SetAddress
 .text.USBH_SetCfg
                0x000000000800a020       0x46 Middlewares/ST/STM32_USB_Host_Library/Core/Src/usbh_ctlreq.o
                0x000000000800a020                USBH_SetCfg
 .text.USBH_SetFeature
                0x000000000800a066       0x48 Middlewares/ST/STM32_USB_Host_Library/Core/Src/usbh_ctlreq.o
                0x000000000800a066                USBH_SetFeature
 .text.USBH_ClrFeature
                0x000000000800a0ae       0x48 Middlewares/ST/STM32_USB_Host_Library/Core/Src/usbh_ctlreq.o
                0x000000000800a0ae                USBH_ClrFeature
 .text.USBH_ParseDevDesc
                0x000000000800a0f6       0xe0 Middlewares/ST/STM32_USB_Host_Library/Core/Src/usbh_ctlreq.o
 .text.USBH_ParseCfgDesc
                0x000000000800a1d6      0x144 Middlewares/ST/STM32_USB_Host_Library/Core/Src/usbh_ctlreq.o
 .text.USBH_ParseInterfaceDesc
                0x000000000800a31a       0x5e Middlewares/ST/STM32_USB_Host_Library/Core/Src/usbh_ctlreq.o
 .text.USBH_ParseEPDesc
                0x000000000800a378       0x5a Middlewares/ST/STM32_USB_Host_Library/Core/Src/usbh_ctlreq.o
 .text.USBH_ParseStringDesc
                0x000000000800a3d2       0x66 Middlewares/ST/STM32_USB_Host_Library/Core/Src/usbh_ctlreq.o
 .text.USBH_GetNextDesc
                0x000000000800a438       0x36 Middlewares/ST/STM32_USB_Host_Library/Core/Src/usbh_ctlreq.o
                0x000000000800a438                USBH_GetNextDesc
 .text.USBH_CtlReq
                0x000000000800a46e       0xb2 Middlewares/ST/STM32_USB_Host_Library/Core/Src/usbh_ctlreq.o
                0x000000000800a46e                USBH_CtlReq
 .text.USBH_HandleControl
                0x000000000800a520      0x494 Middlewares/ST/STM32_USB_Host_Library/Core/Src/usbh_ctlreq.o
 .text.USBH_CtlSendSetup
                0x000000000800a9b4       0x34 Middlewares/ST/STM32_USB_Host_Library/Core/Src/usbh_ioreq.o
                0x000000000800a9b4                USBH_CtlSendSetup
 .text.USBH_CtlSendData
                0x000000000800a9e8       0x4a Middlewares/ST/STM32_USB_Host_Library/Core/Src/usbh_ioreq.o
                0x000000000800a9e8                USBH_CtlSendData
 .text.USBH_CtlReceiveData
                0x000000000800aa32       0x3c Middlewares/ST/STM32_USB_Host_Library/Core/Src/usbh_ioreq.o
                0x000000000800aa32                USBH_CtlReceiveData
 .text.USBH_BulkSendData
                0x000000000800aa6e       0x4a Middlewares/ST/STM32_USB_Host_Library/Core/Src/usbh_ioreq.o
                0x000000000800aa6e                USBH_BulkSendData
 .text.USBH_BulkReceiveData
                0x000000000800aab8       0x3c Middlewares/ST/STM32_USB_Host_Library/Core/Src/usbh_ioreq.o
                0x000000000800aab8                USBH_BulkReceiveData
 .text.USBH_OpenPipe
                0x000000000800aaf4       0x3e Middlewares/ST/STM32_USB_Host_Library/Core/Src/usbh_pipes.o
                0x000000000800aaf4                USBH_OpenPipe
 .text.USBH_ClosePipe
                0x000000000800ab32       0x20 Middlewares/ST/STM32_USB_Host_Library/Core/Src/usbh_pipes.o
                0x000000000800ab32                USBH_ClosePipe
 .text.USBH_AllocPipe
                0x000000000800ab52       0x42 Middlewares/ST/STM32_USB_Host_Library/Core/Src/usbh_pipes.o
                0x000000000800ab52                USBH_AllocPipe
 .text.USBH_FreePipe
                0x000000000800ab94       0x3c Middlewares/ST/STM32_USB_Host_Library/Core/Src/usbh_pipes.o
                0x000000000800ab94                USBH_FreePipe
 .text.USBH_GetFreePipe
                0x000000000800abd0       0x48 Middlewares/ST/STM32_USB_Host_Library/Core/Src/usbh_pipes.o
 .text.makeFreeRtosPriority
                0x000000000800ac18       0x30 Middlewares/Third_Party/FreeRTOS/Source/CMSIS_RTOS/cmsis_os.o
 .text.inHandlerMode
                0x000000000800ac48       0x24 Middlewares/Third_Party/FreeRTOS/Source/CMSIS_RTOS/cmsis_os.o
 .text.osKernelStart
                0x000000000800ac6c        0xe Middlewares/Third_Party/FreeRTOS/Source/CMSIS_RTOS/cmsis_os.o
                0x000000000800ac6c                osKernelStart
 .text.osThreadCreate
                0x000000000800ac7a       0x98 Middlewares/Third_Party/FreeRTOS/Source/CMSIS_RTOS/cmsis_os.o
                0x000000000800ac7a                osThreadCreate
 .text.osDelay  0x000000000800ad12       0x28 Middlewares/Third_Party/FreeRTOS/Source/CMSIS_RTOS/cmsis_os.o
                0x000000000800ad12                osDelay
 .text.osMessageCreate
                0x000000000800ad3a       0x52 Middlewares/Third_Party/FreeRTOS/Source/CMSIS_RTOS/cmsis_os.o
                0x000000000800ad3a                osMessageCreate
 .text.osMessagePut
                0x000000000800ad8c       0x80 Middlewares/Third_Party/FreeRTOS/Source/CMSIS_RTOS/cmsis_os.o
                0x000000000800ad8c                osMessagePut
 .text.osMessageGet
                0x000000000800ae0c       0xe8 Middlewares/Third_Party/FreeRTOS/Source/CMSIS_RTOS/cmsis_os.o
                0x000000000800ae0c                osMessageGet
 .text.vListInitialise
                0x000000000800aef4       0x40 Middlewares/Third_Party/FreeRTOS/Source/list.o
                0x000000000800aef4                vListInitialise
 .text.vListInitialiseItem
                0x000000000800af34       0x1a Middlewares/Third_Party/FreeRTOS/Source/list.o
                0x000000000800af34                vListInitialiseItem
 .text.vListInsertEnd
                0x000000000800af4e       0x48 Middlewares/Third_Party/FreeRTOS/Source/list.o
                0x000000000800af4e                vListInsertEnd
 .text.vListInsert
                0x000000000800af96       0x72 Middlewares/Third_Party/FreeRTOS/Source/list.o
                0x000000000800af96                vListInsert
 .text.uxListRemove
                0x000000000800b008       0x54 Middlewares/Third_Party/FreeRTOS/Source/list.o
                0x000000000800b008                uxListRemove
 .text.xQueueGenericReset
                0x000000000800b05c       0xd0 Middlewares/Third_Party/FreeRTOS/Source/queue.o
                0x000000000800b05c                xQueueGenericReset
 .text.xQueueGenericCreateStatic
                0x000000000800b12c       0xe6 Middlewares/Third_Party/FreeRTOS/Source/queue.o
                0x000000000800b12c                xQueueGenericCreateStatic
 .text.xQueueGenericCreate
                0x000000000800b212       0x7e Middlewares/Third_Party/FreeRTOS/Source/queue.o
                0x000000000800b212                xQueueGenericCreate
 .text.prvInitialiseNewQueue
                0x000000000800b290       0x3e Middlewares/Third_Party/FreeRTOS/Source/queue.o
 *fill*         0x000000000800b2ce        0x2 
 .text.xQueueGenericSend
                0x000000000800b2d0      0x1f4 Middlewares/Third_Party/FreeRTOS/Source/queue.o
                0x000000000800b2d0                xQueueGenericSend
 .text.xQueueGenericSendFromISR
                0x000000000800b4c4      0x128 Middlewares/Third_Party/FreeRTOS/Source/queue.o
                0x000000000800b4c4                xQueueGenericSendFromISR
 .text.xQueueReceive
                0x000000000800b5ec      0x1b8 Middlewares/Third_Party/FreeRTOS/Source/queue.o
                0x000000000800b5ec                xQueueReceive
 .text.xQueueReceiveFromISR
                0x000000000800b7a4       0xfa Middlewares/Third_Party/FreeRTOS/Source/queue.o
                0x000000000800b7a4                xQueueReceiveFromISR
 .text.prvCopyDataToQueue
                0x000000000800b89e       0xd4 Middlewares/Third_Party/FreeRTOS/Source/queue.o
 .text.prvCopyDataFromQueue
                0x000000000800b972       0x4c Middlewares/Third_Party/FreeRTOS/Source/queue.o
 .text.prvUnlockQueue
                0x000000000800b9be       0xa4 Middlewares/Third_Party/FreeRTOS/Source/queue.o
 .text.prvIsQueueEmpty
                0x000000000800ba62       0x2c Middlewares/Third_Party/FreeRTOS/Source/queue.o
 .text.prvIsQueueFull
                0x000000000800ba8e       0x30 Middlewares/Third_Party/FreeRTOS/Source/queue.o
 .text.xTaskCreateStatic
                0x000000000800babe       0xb4 Middlewares/Third_Party/FreeRTOS/Source/tasks.o
                0x000000000800babe                xTaskCreateStatic
 .text.xTaskCreate
                0x000000000800bb72       0x8a Middlewares/Third_Party/FreeRTOS/Source/tasks.o
                0x000000000800bb72                xTaskCreate
 .text.prvInitialiseNewTask
                0x000000000800bbfc      0x10c Middlewares/Third_Party/FreeRTOS/Source/tasks.o
 .text.prvAddNewTaskToReadyList
                0x000000000800bd08       0xd4 Middlewares/Third_Party/FreeRTOS/Source/tasks.o
 .text.vTaskDelay
                0x000000000800bddc       0x68 Middlewares/Third_Party/FreeRTOS/Source/tasks.o
                0x000000000800bddc                vTaskDelay
 .text.vTaskStartScheduler
                0x000000000800be44       0xbc Middlewares/Third_Party/FreeRTOS/Source/tasks.o
                0x000000000800be44                vTaskStartScheduler
 .text.vTaskSuspendAll
                0x000000000800bf00       0x1c Middlewares/Third_Party/FreeRTOS/Source/tasks.o
                0x000000000800bf00                vTaskSuspendAll
 .text.xTaskResumeAll
                0x000000000800bf1c      0x138 Middlewares/Third_Party/FreeRTOS/Source/tasks.o
                0x000000000800bf1c                xTaskResumeAll
 .text.xTaskIncrementTick
                0x000000000800c054      0x170 Middlewares/Third_Party/FreeRTOS/Source/tasks.o
                0x000000000800c054                xTaskIncrementTick
 .text.vTaskSwitchContext
                0x000000000800c1c4       0xb4 Middlewares/Third_Party/FreeRTOS/Source/tasks.o
                0x000000000800c1c4                vTaskSwitchContext
 .text.vTaskPlaceOnEventList
                0x000000000800c278       0x48 Middlewares/Third_Party/FreeRTOS/Source/tasks.o
                0x000000000800c278                vTaskPlaceOnEventList
 .text.xTaskRemoveFromEventList
                0x000000000800c2c0       0xc4 Middlewares/Third_Party/FreeRTOS/Source/tasks.o
                0x000000000800c2c0                xTaskRemoveFromEventList
 .text.vTaskInternalSetTimeOutState
                0x000000000800c384       0x2c Middlewares/Third_Party/FreeRTOS/Source/tasks.o
                0x000000000800c384                vTaskInternalSetTimeOutState
 .text.xTaskCheckForTimeOut
                0x000000000800c3b0       0xc0 Middlewares/Third_Party/FreeRTOS/Source/tasks.o
                0x000000000800c3b0                xTaskCheckForTimeOut
 .text.vTaskMissedYield
                0x000000000800c470       0x18 Middlewares/Third_Party/FreeRTOS/Source/tasks.o
                0x000000000800c470                vTaskMissedYield
 .text.prvIdleTask
                0x000000000800c488       0x30 Middlewares/Third_Party/FreeRTOS/Source/tasks.o
 .text.prvInitialiseTaskLists
                0x000000000800c4b8       0x80 Middlewares/Third_Party/FreeRTOS/Source/tasks.o
 .text.prvCheckTasksWaitingTermination
                0x000000000800c538       0x58 Middlewares/Third_Party/FreeRTOS/Source/tasks.o
 .text.prvDeleteTCB
                0x000000000800c590       0x5c Middlewares/Third_Party/FreeRTOS/Source/tasks.o
 .text.prvResetNextTaskUnblockTime
                0x000000000800c5ec       0x40 Middlewares/Third_Party/FreeRTOS/Source/tasks.o
 .text.xTaskGetSchedulerState
                0x000000000800c62c       0x3c Middlewares/Third_Party/FreeRTOS/Source/tasks.o
                0x000000000800c62c                xTaskGetSchedulerState
 .text.xTaskPriorityDisinherit
                0x000000000800c668      0x108 Middlewares/Third_Party/FreeRTOS/Source/tasks.o
                0x000000000800c668                xTaskPriorityDisinherit
 .text.prvAddCurrentTaskToDelayedList
                0x000000000800c770       0xcc Middlewares/Third_Party/FreeRTOS/Source/tasks.o
 .text.pxPortInitialiseStack
                0x000000000800c83c       0x68 Middlewares/Third_Party/FreeRTOS/Source/portable/GCC/ARM_CM4F/port.o
                0x000000000800c83c                pxPortInitialiseStack
 .text.prvTaskExitError
                0x000000000800c8a4       0x54 Middlewares/Third_Party/FreeRTOS/Source/portable/GCC/ARM_CM4F/port.o
 *fill*         0x000000000800c8f8        0x8 
 .text.SVC_Handler
                0x000000000800c900       0x28 Middlewares/Third_Party/FreeRTOS/Source/portable/GCC/ARM_CM4F/port.o
                0x000000000800c900                SVC_Handler
 .text.prvPortStartFirstTask
                0x000000000800c928       0x28 Middlewares/Third_Party/FreeRTOS/Source/portable/GCC/ARM_CM4F/port.o
 .text.xPortStartScheduler
                0x000000000800c950      0x13c Middlewares/Third_Party/FreeRTOS/Source/portable/GCC/ARM_CM4F/port.o
                0x000000000800c950                xPortStartScheduler
 .text.vPortEnterCritical
                0x000000000800ca8c       0x5c Middlewares/Third_Party/FreeRTOS/Source/portable/GCC/ARM_CM4F/port.o
                0x000000000800ca8c                vPortEnterCritical
 .text.vPortExitCritical
                0x000000000800cae8       0x50 Middlewares/Third_Party/FreeRTOS/Source/portable/GCC/ARM_CM4F/port.o
                0x000000000800cae8                vPortExitCritical
 *fill*         0x000000000800cb38        0x8 
 .text.PendSV_Handler
                0x000000000800cb40       0x68 Middlewares/Third_Party/FreeRTOS/Source/portable/GCC/ARM_CM4F/port.o
                0x000000000800cb40                PendSV_Handler
 .text.xPortSysTickHandler
                0x000000000800cba8       0x40 Middlewares/Third_Party/FreeRTOS/Source/portable/GCC/ARM_CM4F/port.o
                0x000000000800cba8                xPortSysTickHandler
 .text.vPortSetupTimerInterrupt
                0x000000000800cbe8       0x48 Middlewares/Third_Party/FreeRTOS/Source/portable/GCC/ARM_CM4F/port.o
                0x000000000800cbe8                vPortSetupTimerInterrupt
 .text.vPortEnableVFP
                0x000000000800cc30       0x14 Middlewares/Third_Party/FreeRTOS/Source/portable/GCC/ARM_CM4F/port.o
 .text.vPortValidateInterruptPriority
                0x000000000800cc44       0x7c Middlewares/Third_Party/FreeRTOS/Source/portable/GCC/ARM_CM4F/port.o
                0x000000000800cc44                vPortValidateInterruptPriority
 .text.pvPortMalloc
                0x000000000800ccc0      0x184 Middlewares/Third_Party/FreeRTOS/Source/portable/MemMang/heap_4.o
                0x000000000800ccc0                pvPortMalloc
 .text.vPortFree
                0x000000000800ce44       0xb0 Middlewares/Third_Party/FreeRTOS/Source/portable/MemMang/heap_4.o
                0x000000000800ce44                vPortFree
 .text.prvHeapInit
                0x000000000800cef4       0xc4 Middlewares/Third_Party/FreeRTOS/Source/portable/MemMang/heap_4.o
 .text.prvInsertBlockIntoFreeList
                0x000000000800cfb8       0xb4 Middlewares/Third_Party/FreeRTOS/Source/portable/MemMang/heap_4.o
 .text.MX_USB_HOST_Init
                0x000000000800d06c       0x4c USB_HOST/App/usb_host.o
                0x000000000800d06c                MX_USB_HOST_Init
 .text.USBH_UserProcess
                0x000000000800d0b8       0x5c USB_HOST/App/usb_host.o
 .text.HAL_HCD_MspInit
                0x000000000800d114       0xc4 USB_HOST/Target/usbh_conf.o
                0x000000000800d114                HAL_HCD_MspInit
 .text.HAL_HCD_SOF_Callback
                0x000000000800d1d8       0x1c USB_HOST/Target/usbh_conf.o
                0x000000000800d1d8                HAL_HCD_SOF_Callback
 .text.HAL_HCD_Connect_Callback
                0x000000000800d1f4       0x1c USB_HOST/Target/usbh_conf.o
                0x000000000800d1f4                HAL_HCD_Connect_Callback
 .text.HAL_HCD_Disconnect_Callback
                0x000000000800d210       0x1c USB_HOST/Target/usbh_conf.o
                0x000000000800d210                HAL_HCD_Disconnect_Callback
 .text.HAL_HCD_HC_NotifyURBChange_Callback
                0x000000000800d22c       0x24 USB_HOST/Target/usbh_conf.o
                0x000000000800d22c                HAL_HCD_HC_NotifyURBChange_Callback
 .text.HAL_HCD_PortEnabled_Callback
                0x000000000800d250       0x1c USB_HOST/Target/usbh_conf.o
                0x000000000800d250                HAL_HCD_PortEnabled_Callback
 .text.HAL_HCD_PortDisabled_Callback
                0x000000000800d26c       0x1c USB_HOST/Target/usbh_conf.o
                0x000000000800d26c                HAL_HCD_PortDisabled_Callback
 .text.USBH_LL_Init
                0x000000000800d288       0x78 USB_HOST/Target/usbh_conf.o
                0x000000000800d288                USBH_LL_Init
 .text.USBH_LL_Start
                0x000000000800d300       0x36 USB_HOST/Target/usbh_conf.o
                0x000000000800d300                USBH_LL_Start
 .text.USBH_LL_Stop
                0x000000000800d336       0x36 USB_HOST/Target/usbh_conf.o
                0x000000000800d336                USBH_LL_Stop
 .text.USBH_LL_GetSpeed
                0x000000000800d36c       0x4a USB_HOST/Target/usbh_conf.o
                0x000000000800d36c                USBH_LL_GetSpeed
 .text.USBH_LL_ResetPort
                0x000000000800d3b6       0x36 USB_HOST/Target/usbh_conf.o
                0x000000000800d3b6                USBH_LL_ResetPort
 .text.USBH_LL_GetLastXferSize
                0x000000000800d3ec       0x26 USB_HOST/Target/usbh_conf.o
                0x000000000800d3ec                USBH_LL_GetLastXferSize
 .text.USBH_LL_OpenPipe
                0x000000000800d412       0x5e USB_HOST/Target/usbh_conf.o
                0x000000000800d412                USBH_LL_OpenPipe
 .text.USBH_LL_ClosePipe
                0x000000000800d470       0x3e USB_HOST/Target/usbh_conf.o
                0x000000000800d470                USBH_LL_ClosePipe
 .text.USBH_LL_SubmitURB
                0x000000000800d4ae       0x62 USB_HOST/Target/usbh_conf.o
                0x000000000800d4ae                USBH_LL_SubmitURB
 .text.USBH_LL_GetURBState
                0x000000000800d510       0x26 USB_HOST/Target/usbh_conf.o
                0x000000000800d510                USBH_LL_GetURBState
 .text.USBH_LL_DriverVBUS
                0x000000000800d536       0x2e USB_HOST/Target/usbh_conf.o
                0x000000000800d536                USBH_LL_DriverVBUS
 .text.USBH_LL_SetToggle
                0x000000000800d564       0x66 USB_HOST/Target/usbh_conf.o
                0x000000000800d564                USBH_LL_SetToggle
 .text.USBH_Delay
                0x000000000800d5ca       0x16 USB_HOST/Target/usbh_conf.o
                0x000000000800d5ca                USBH_Delay
 .text.USBH_Get_USB_Status
                0x000000000800d5e0       0x58 USB_HOST/Target/usbh_conf.o
                0x000000000800d5e0                USBH_Get_USB_Status
 .text.MX_DriverVbusFS
                0x000000000800d638       0x38 USB_HOST/Target/usbh_platform.o
                0x000000000800d638                MX_DriverVbusFS
 .text.__cxa_pure_virtual
                0x000000000800d670        0x6 c:/st/stm32cubeide_1.4.0/stm32cubeide/plugins/com.st.stm32cube.ide.mcu.externaltools.gnu-tools-for-stm32.7-2018-q2-update.win32_1.4.0.202007081208/tools/bin/../lib/gcc/arm-none-eabi/7.3.1/../../../../arm-none-eabi/lib/thumb/v7e-m/fpv4-sp/hard\libstdc++_nano.a(pure.o)
                0x000000000800d670                __cxa_pure_virtual
 .text._ZN10__cxxabiv111__terminateEPFvvE
                0x000000000800d676        0x8 c:/st/stm32cubeide_1.4.0/stm32cubeide/plugins/com.st.stm32cube.ide.mcu.externaltools.gnu-tools-for-stm32.7-2018-q2-update.win32_1.4.0.202007081208/tools/bin/../lib/gcc/arm-none-eabi/7.3.1/../../../../arm-none-eabi/lib/thumb/v7e-m/fpv4-sp/hard\libstdc++_nano.a(eh_terminate.o)
                0x000000000800d676                __cxxabiv1::__terminate(void (*)())
 *fill*         0x000000000800d67e        0x2 
 .text._ZSt13get_terminatev
                0x000000000800d680       0x10 c:/st/stm32cubeide_1.4.0/stm32cubeide/plugins/com.st.stm32cube.ide.mcu.externaltools.gnu-tools-for-stm32.7-2018-q2-update.win32_1.4.0.202007081208/tools/bin/../lib/gcc/arm-none-eabi/7.3.1/../../../../arm-none-eabi/lib/thumb/v7e-m/fpv4-sp/hard\libstdc++_nano.a(eh_terminate.o)
                0x000000000800d680                std::get_terminate()
 .text._ZSt9terminatev
                0x000000000800d690        0xa c:/st/stm32cubeide_1.4.0/stm32cubeide/plugins/com.st.stm32cube.ide.mcu.externaltools.gnu-tools-for-stm32.7-2018-q2-update.win32_1.4.0.202007081208/tools/bin/../lib/gcc/arm-none-eabi/7.3.1/../../../../arm-none-eabi/lib/thumb/v7e-m/fpv4-sp/hard\libstdc++_nano.a(eh_terminate.o)
                0x000000000800d690                std::terminate()
 .text.abort    0x000000000800d69a        0xe c:/st/stm32cubeide_1.4.0/stm32cubeide/plugins/com.st.stm32cube.ide.mcu.externaltools.gnu-tools-for-stm32.7-2018-q2-update.win32_1.4.0.202007081208/tools/bin/../lib/gcc/arm-none-eabi/7.3.1/../../../../arm-none-eabi/lib/thumb/v7e-m/fpv4-sp/hard\libc_nano.a(lib_a-abort.o)
                0x000000000800d69a                abort
 .text.__errno  0x000000000800d6a8        0xc c:/st/stm32cubeide_1.4.0/stm32cubeide/plugins/com.st.stm32cube.ide.mcu.externaltools.gnu-tools-for-stm32.7-2018-q2-update.win32_1.4.0.202007081208/tools/bin/../lib/gcc/arm-none-eabi/7.3.1/../../../../arm-none-eabi/lib/thumb/v7e-m/fpv4-sp/hard\libc_nano.a(lib_a-errno.o)
                0x000000000800d6a8                __errno
 .text.__libc_init_array
                0x000000000800d6b4       0x48 c:/st/stm32cubeide_1.4.0/stm32cubeide/plugins/com.st.stm32cube.ide.mcu.externaltools.gnu-tools-for-stm32.7-2018-q2-update.win32_1.4.0.202007081208/tools/bin/../lib/gcc/arm-none-eabi/7.3.1/../../../../arm-none-eabi/lib/thumb/v7e-m/fpv4-sp/hard\libc_nano.a(lib_a-init.o)
                0x000000000800d6b4                __libc_init_array
 .text.malloc   0x000000000800d6fc       0x10 c:/st/stm32cubeide_1.4.0/stm32cubeide/plugins/com.st.stm32cube.ide.mcu.externaltools.gnu-tools-for-stm32.7-2018-q2-update.win32_1.4.0.202007081208/tools/bin/../lib/gcc/arm-none-eabi/7.3.1/../../../../arm-none-eabi/lib/thumb/v7e-m/fpv4-sp/hard\libc_nano.a(lib_a-malloc.o)
                0x000000000800d6fc                malloc
 .text.free     0x000000000800d70c       0x10 c:/st/stm32cubeide_1.4.0/stm32cubeide/plugins/com.st.stm32cube.ide.mcu.externaltools.gnu-tools-for-stm32.7-2018-q2-update.win32_1.4.0.202007081208/tools/bin/../lib/gcc/arm-none-eabi/7.3.1/../../../../arm-none-eabi/lib/thumb/v7e-m/fpv4-sp/hard\libc_nano.a(lib_a-malloc.o)
                0x000000000800d70c                free
 .text.memcpy   0x000000000800d71c       0x16 c:/st/stm32cubeide_1.4.0/stm32cubeide/plugins/com.st.stm32cube.ide.mcu.externaltools.gnu-tools-for-stm32.7-2018-q2-update.win32_1.4.0.202007081208/tools/bin/../lib/gcc/arm-none-eabi/7.3.1/../../../../arm-none-eabi/lib/thumb/v7e-m/fpv4-sp/hard\libc_nano.a(lib_a-memcpy-stub.o)
                0x000000000800d71c                memcpy
 .text.memset   0x000000000800d732       0x10 c:/st/stm32cubeide_1.4.0/stm32cubeide/plugins/com.st.stm32cube.ide.mcu.externaltools.gnu-tools-for-stm32.7-2018-q2-update.win32_1.4.0.202007081208/tools/bin/../lib/gcc/arm-none-eabi/7.3.1/../../../../arm-none-eabi/lib/thumb/v7e-m/fpv4-sp/hard\libc_nano.a(lib_a-memset.o)
                0x000000000800d732                memset
 *fill*         0x000000000800d742        0x2 
 .text._free_r  0x000000000800d744       0x9c c:/st/stm32cubeide_1.4.0/stm32cubeide/plugins/com.st.stm32cube.ide.mcu.externaltools.gnu-tools-for-stm32.7-2018-q2-update.win32_1.4.0.202007081208/tools/bin/../lib/gcc/arm-none-eabi/7.3.1/../../../../arm-none-eabi/lib/thumb/v7e-m/fpv4-sp/hard\libc_nano.a(lib_a-nano-freer.o)
                0x000000000800d744                _free_r
 .text._malloc_r
                0x000000000800d7e0       0xb4 c:/st/stm32cubeide_1.4.0/stm32cubeide/plugins/com.st.stm32cube.ide.mcu.externaltools.gnu-tools-for-stm32.7-2018-q2-update.win32_1.4.0.202007081208/tools/bin/../lib/gcc/arm-none-eabi/7.3.1/../../../../arm-none-eabi/lib/thumb/v7e-m/fpv4-sp/hard\libc_nano.a(lib_a-nano-mallocr.o)
                0x000000000800d7e0                _malloc_r
 .text.realloc  0x000000000800d894       0x10 c:/st/stm32cubeide_1.4.0/stm32cubeide/plugins/com.st.stm32cube.ide.mcu.externaltools.gnu-tools-for-stm32.7-2018-q2-update.win32_1.4.0.202007081208/tools/bin/../lib/gcc/arm-none-eabi/7.3.1/../../../../arm-none-eabi/lib/thumb/v7e-m/fpv4-sp/hard\libc_nano.a(lib_a-realloc.o)
                0x000000000800d894                realloc
 .text._sbrk_r  0x000000000800d8a4       0x20 c:/st/stm32cubeide_1.4.0/stm32cubeide/plugins/com.st.stm32cube.ide.mcu.externaltools.gnu-tools-for-stm32.7-2018-q2-update.win32_1.4.0.202007081208/tools/bin/../lib/gcc/arm-none-eabi/7.3.1/../../../../arm-none-eabi/lib/thumb/v7e-m/fpv4-sp/hard\libc_nano.a(lib_a-sbrkr.o)
                0x000000000800d8a4                _sbrk_r
 .text._raise_r
                0x000000000800d8c4       0x50 c:/st/stm32cubeide_1.4.0/stm32cubeide/plugins/com.st.stm32cube.ide.mcu.externaltools.gnu-tools-for-stm32.7-2018-q2-update.win32_1.4.0.202007081208/tools/bin/../lib/gcc/arm-none-eabi/7.3.1/../../../../arm-none-eabi/lib/thumb/v7e-m/fpv4-sp/hard\libc_nano.a(lib_a-signal.o)
                0x000000000800d8c4                _raise_r
 .text.raise    0x000000000800d914       0x10 c:/st/stm32cubeide_1.4.0/stm32cubeide/plugins/com.st.stm32cube.ide.mcu.externaltools.gnu-tools-for-stm32.7-2018-q2-update.win32_1.4.0.202007081208/tools/bin/../lib/gcc/arm-none-eabi/7.3.1/../../../../arm-none-eabi/lib/thumb/v7e-m/fpv4-sp/hard\libc_nano.a(lib_a-signal.o)
                0x000000000800d914                raise
 .text._kill_r  0x000000000800d924       0x24 c:/st/stm32cubeide_1.4.0/stm32cubeide/plugins/com.st.stm32cube.ide.mcu.externaltools.gnu-tools-for-stm32.7-2018-q2-update.win32_1.4.0.202007081208/tools/bin/../lib/gcc/arm-none-eabi/7.3.1/../../../../arm-none-eabi/lib/thumb/v7e-m/fpv4-sp/hard\libc_nano.a(lib_a-signalr.o)
                0x000000000800d924                _kill_r
 .text._getpid_r
                0x000000000800d948        0x4 c:/st/stm32cubeide_1.4.0/stm32cubeide/plugins/com.st.stm32cube.ide.mcu.externaltools.gnu-tools-for-stm32.7-2018-q2-update.win32_1.4.0.202007081208/tools/bin/../lib/gcc/arm-none-eabi/7.3.1/../../../../arm-none-eabi/lib/thumb/v7e-m/fpv4-sp/hard\libc_nano.a(lib_a-signalr.o)
                0x000000000800d948                _getpid_r
 .text.__malloc_lock
                0x000000000800d94c        0x2 c:/st/stm32cubeide_1.4.0/stm32cubeide/plugins/com.st.stm32cube.ide.mcu.externaltools.gnu-tools-for-stm32.7-2018-q2-update.win32_1.4.0.202007081208/tools/bin/../lib/gcc/arm-none-eabi/7.3.1/../../../../arm-none-eabi/lib/thumb/v7e-m/fpv4-sp/hard\libc_nano.a(lib_a-mlock.o)
                0x000000000800d94c                __malloc_lock
 .text.__malloc_unlock
                0x000000000800d94e        0x2 c:/st/stm32cubeide_1.4.0/stm32cubeide/plugins/com.st.stm32cube.ide.mcu.externaltools.gnu-tools-for-stm32.7-2018-q2-update.win32_1.4.0.202007081208/tools/bin/../lib/gcc/arm-none-eabi/7.3.1/../../../../arm-none-eabi/lib/thumb/v7e-m/fpv4-sp/hard\libc_nano.a(lib_a-mlock.o)
                0x000000000800d94e                __malloc_unlock
 .text._realloc_r
                0x000000000800d950       0x4c c:/st/stm32cubeide_1.4.0/stm32cubeide/plugins/com.st.stm32cube.ide.mcu.externaltools.gnu-tools-for-stm32.7-2018-q2-update.win32_1.4.0.202007081208/tools/bin/../lib/gcc/arm-none-eabi/7.3.1/../../../../arm-none-eabi/lib/thumb/v7e-m/fpv4-sp/hard\libc_nano.a(lib_a-nano-reallocr.o)
                0x000000000800d950                _realloc_r
 .text._malloc_usable_size_r
                0x000000000800d99c       0x10 c:/st/stm32cubeide_1.4.0/stm32cubeide/plugins/com.st.stm32cube.ide.mcu.externaltools.gnu-tools-for-stm32.7-2018-q2-update.win32_1.4.0.202007081208/tools/bin/../lib/gcc/arm-none-eabi/7.3.1/../../../../arm-none-eabi/lib/thumb/v7e-m/fpv4-sp/hard\libc_nano.a(lib_a-nano-msizer.o)
                0x000000000800d99c                _malloc_usable_size_r
 *(.glue_7)
 .glue_7        0x000000000800d9ac        0x0 linker stubs
 *(.glue_7t)
 .glue_7t       0x000000000800d9ac        0x0 linker stubs
 *(.eh_frame)
 .eh_frame      0x000000000800d9ac        0x0 c:/st/stm32cubeide_1.4.0/stm32cubeide/plugins/com.st.stm32cube.ide.mcu.externaltools.gnu-tools-for-stm32.7-2018-q2-update.win32_1.4.0.202007081208/tools/bin/../lib/gcc/arm-none-eabi/7.3.1/thumb/v7e-m/fpv4-sp/hard/crtbegin.o
 *(.init)
 .init          0x000000000800d9ac        0x4 c:/st/stm32cubeide_1.4.0/stm32cubeide/plugins/com.st.stm32cube.ide.mcu.externaltools.gnu-tools-for-stm32.7-2018-q2-update.win32_1.4.0.202007081208/tools/bin/../lib/gcc/arm-none-eabi/7.3.1/thumb/v7e-m/fpv4-sp/hard/crti.o
                0x000000000800d9ac                _init
 .init          0x000000000800d9b0        0x8 c:/st/stm32cubeide_1.4.0/stm32cubeide/plugins/com.st.stm32cube.ide.mcu.externaltools.gnu-tools-for-stm32.7-2018-q2-update.win32_1.4.0.202007081208/tools/bin/../lib/gcc/arm-none-eabi/7.3.1/thumb/v7e-m/fpv4-sp/hard/crtn.o
 *(.fini)
 .fini          0x000000000800d9b8        0x4 c:/st/stm32cubeide_1.4.0/stm32cubeide/plugins/com.st.stm32cube.ide.mcu.externaltools.gnu-tools-for-stm32.7-2018-q2-update.win32_1.4.0.202007081208/tools/bin/../lib/gcc/arm-none-eabi/7.3.1/thumb/v7e-m/fpv4-sp/hard/crti.o
                0x000000000800d9b8                _fini
 .fini          0x000000000800d9bc        0x8 c:/st/stm32cubeide_1.4.0/stm32cubeide/plugins/com.st.stm32cube.ide.mcu.externaltools.gnu-tools-for-stm32.7-2018-q2-update.win32_1.4.0.202007081208/tools/bin/../lib/gcc/arm-none-eabi/7.3.1/thumb/v7e-m/fpv4-sp/hard/crtn.o
                0x000000000800d9c4                . = ALIGN (0x4)
                0x000000000800d9c4                _etext = .

.vfp11_veneer   0x000000000800d9c4        0x0
 .vfp11_veneer  0x000000000800d9c4        0x0 linker stubs

.v4_bx          0x000000000800d9c4        0x0
 .v4_bx         0x000000000800d9c4        0x0 linker stubs

.iplt           0x000000000800d9c4        0x0
 .iplt          0x000000000800d9c4        0x0 c:/st/stm32cubeide_1.4.0/stm32cubeide/plugins/com.st.stm32cube.ide.mcu.externaltools.gnu-tools-for-stm32.7-2018-q2-update.win32_1.4.0.202007081208/tools/bin/../lib/gcc/arm-none-eabi/7.3.1/thumb/v7e-m/fpv4-sp/hard/crtbegin.o

.rodata         0x000000000800d9c4      0x330
                0x000000000800d9c4                . = ALIGN (0x4)
 *(.rodata)
 .rodata        0x000000000800d9c4      0x1b6 Core/Src/main.o
 *fill*         0x000000000800db7a        0x2 
 .rodata        0x000000000800db7c        0x4 Middlewares/ST/STM32_USB_Host_Library/Class/CDC/Src/usbh_cdc.o
 .rodata        0x000000000800db80       0x38 Middlewares/ST/STM32_USB_Host_Library/Core/Src/usbh_core.o
 .rodata        0x000000000800dbb8        0x5 Middlewares/Third_Party/FreeRTOS/Source/tasks.o
 *(.rodata*)
 *fill*         0x000000000800dbbd        0x3 
 .rodata._ZN14rosserial_msgsL12REQUESTPARAME
                0x000000000800dbc0       0x1c Core/Src/main.o
 .rodata._ZTVN3ros10SubscriberIN8std_msgs6UInt16EvEE
                0x000000000800dbdc       0x18 Core/Src/main.o
                0x000000000800dbdc                vtable for ros::Subscriber<std_msgs::UInt16, void>
 .rodata._ZTVN3ros11NodeHandle_I13STM32HardwareLi25ELi25ELi512ELi512EEE
                0x000000000800dbf4       0x14 Core/Src/main.o
                0x000000000800dbf4                vtable for ros::NodeHandle_<STM32Hardware, 25, 25, 512, 512>
 .rodata._ZTVN8std_msgs5UInt8E
                0x000000000800dc08       0x18 Core/Src/main.o
                0x000000000800dc08                vtable for std_msgs::UInt8
 .rodata._ZTVN8std_msgs6UInt16E
                0x000000000800dc20       0x18 Core/Src/main.o
                0x000000000800dc20                vtable for std_msgs::UInt16
 .rodata._ZTVN3ros11Subscriber_E
                0x000000000800dc38       0x18 Core/Src/main.o
                0x000000000800dc38                vtable for ros::Subscriber_
 .rodata._ZTVN3ros15NodeHandleBase_E
                0x000000000800dc50       0x14 Core/Src/main.o
                0x000000000800dc50                vtable for ros::NodeHandleBase_
 .rodata._ZTVN14rosserial_msgs20RequestParamResponseE
                0x000000000800dc64       0x18 Core/Src/main.o
                0x000000000800dc64                vtable for rosserial_msgs::RequestParamResponse
 .rodata._ZTVN14rosserial_msgs3LogE
                0x000000000800dc7c       0x18 Core/Src/main.o
                0x000000000800dc7c                vtable for rosserial_msgs::Log
 .rodata._ZTVN14rosserial_msgs9TopicInfoE
                0x000000000800dc94       0x18 Core/Src/main.o
                0x000000000800dc94                vtable for rosserial_msgs::TopicInfo
 .rodata._ZTVN8std_msgs4TimeE
                0x000000000800dcac       0x18 Core/Src/main.o
                0x000000000800dcac                vtable for std_msgs::Time
 .rodata._ZTVN3ros3MsgE
                0x000000000800dcc4       0x18 Core/Src/main.o
                0x000000000800dcc4                vtable for ros::Msg
 .rodata.AHBPrescTable
                0x000000000800dcdc       0x10 Core/Src/system_stm32f4xx.o
                0x000000000800dcdc                AHBPrescTable
 .rodata.APBPrescTable
                0x000000000800dcec        0x8 Core/Src/system_stm32f4xx.o
                0x000000000800dcec                APBPrescTable
                0x000000000800dcf4                . = ALIGN (0x4)

.ARM.extab      0x000000000800dcf4        0x0
                0x000000000800dcf4                . = ALIGN (0x4)
 *(.ARM.extab* .gnu.linkonce.armextab.*)
                0x000000000800dcf4                . = ALIGN (0x4)

.ARM            0x000000000800dcf4        0x8
                0x000000000800dcf4                . = ALIGN (0x4)
                0x000000000800dcf4                __exidx_start = .
 *(.ARM.exidx*)
 .ARM.exidx     0x000000000800dcf4        0x8 c:/st/stm32cubeide_1.4.0/stm32cubeide/plugins/com.st.stm32cube.ide.mcu.externaltools.gnu-tools-for-stm32.7-2018-q2-update.win32_1.4.0.202007081208/tools/bin/../lib/gcc/arm-none-eabi/7.3.1/thumb/v7e-m/fpv4-sp/hard\libgcc.a(_udivmoddi4.o)
                0x000000000800dcfc                __exidx_end = .
                0x000000000800dcfc                . = ALIGN (0x4)

.rel.dyn        0x000000000800dcfc        0x0
 .rel.iplt      0x000000000800dcfc        0x0 c:/st/stm32cubeide_1.4.0/stm32cubeide/plugins/com.st.stm32cube.ide.mcu.externaltools.gnu-tools-for-stm32.7-2018-q2-update.win32_1.4.0.202007081208/tools/bin/../lib/gcc/arm-none-eabi/7.3.1/thumb/v7e-m/fpv4-sp/hard/crtbegin.o

.preinit_array  0x000000000800dcfc        0x0
                0x000000000800dcfc                . = ALIGN (0x4)
                0x000000000800dcfc                PROVIDE (__preinit_array_start = .)
 *(.preinit_array*)
                0x000000000800dcfc                PROVIDE (__preinit_array_end = .)
                0x000000000800dcfc                . = ALIGN (0x4)

.init_array     0x000000000800dcfc        0x8
                0x000000000800dcfc                . = ALIGN (0x4)
                0x000000000800dcfc                PROVIDE (__init_array_start = .)
 *(SORT_BY_NAME(.init_array.*))
 *(.init_array*)
 .init_array    0x000000000800dcfc        0x4 c:/st/stm32cubeide_1.4.0/stm32cubeide/plugins/com.st.stm32cube.ide.mcu.externaltools.gnu-tools-for-stm32.7-2018-q2-update.win32_1.4.0.202007081208/tools/bin/../lib/gcc/arm-none-eabi/7.3.1/thumb/v7e-m/fpv4-sp/hard/crtbegin.o
 .init_array    0x000000000800dd00        0x4 Core/Src/main.o
                0x000000000800dd04                PROVIDE (__init_array_end = .)
                0x000000000800dd04                . = ALIGN (0x4)

.fini_array     0x000000000800dd04        0x4
                0x000000000800dd04                . = ALIGN (0x4)
                [!provide]                        PROVIDE (__fini_array_start = .)
 *(SORT_BY_NAME(.fini_array.*))
 *(.fini_array*)
 .fini_array    0x000000000800dd04        0x4 c:/st/stm32cubeide_1.4.0/stm32cubeide/plugins/com.st.stm32cube.ide.mcu.externaltools.gnu-tools-for-stm32.7-2018-q2-update.win32_1.4.0.202007081208/tools/bin/../lib/gcc/arm-none-eabi/7.3.1/thumb/v7e-m/fpv4-sp/hard/crtbegin.o
                [!provide]                        PROVIDE (__fini_array_end = .)
                0x000000000800dd08                . = ALIGN (0x4)
                0x000000000800dd08                _sidata = LOADADDR (.data)

.data           0x0000000020000000       0xb0 load address 0x000000000800dd08
                0x0000000020000000                . = ALIGN (0x4)
                0x0000000020000000                _sdata = .
 *(.data)
 *(.data*)
 .data.RxBuffer
                0x0000000020000000        0x4 Core/Src/main.o
                0x0000000020000000                RxBuffer
 .data.red_light_pin
                0x0000000020000004        0x4 Core/Src/main.o
                0x0000000020000004                red_light_pin
 .data.green_light_pin
                0x0000000020000008        0x4 Core/Src/main.o
                0x0000000020000008                green_light_pin
 .data.thrusterLeft
                0x000000002000000c        0x2 Core/Src/main.o
                0x000000002000000c                thrusterLeft
 *fill*         0x000000002000000e        0x2 
 .data.powerR   0x0000000020000010        0x4 Core/Src/main.o
                0x0000000020000010                powerR
 .data.powerL   0x0000000020000014        0x4 Core/Src/main.o
                0x0000000020000014                powerL
 .data.SystemCoreClock
                0x0000000020000018        0x4 Core/Src/system_stm32f4xx.o
                0x0000000020000018                SystemCoreClock
 .data.uwTickPrio