Archive member included to satisfy reference by file (symbol)

/opt/st/stm32cubeide_1.4.0/plugins/com.st.stm32cube.ide.mcu.externaltools.gnu-tools-for-stm32.7-2018-q2-update.linux64_1.4.0.202007081208/tools/bin/../lib/gcc/arm-none-eabi/7.3.1/../../../../arm-none-eabi/lib/thumb/v7e-m/fpv4-sp/hard/libstdc++_nano.a(pure.o)
                              Core/Src/main.o (__cxa_pure_virtual)
/opt/st/stm32cubeide_1.4.0/plugins/com.st.stm32cube.ide.mcu.externaltools.gnu-tools-for-stm32.7-2018-q2-update.linux64_1.4.0.202007081208/tools/bin/../lib/gcc/arm-none-eabi/7.3.1/../../../../arm-none-eabi/lib/thumb/v7e-m/fpv4-sp/hard/libstdc++_nano.a(eh_terminate.o)
                              /opt/st/stm32cubeide_1.4.0/plugins/com.st.stm32cube.ide.mcu.externaltools.gnu-tools-for-stm32.7-2018-q2-update.linux64_1.4.0.202007081208/tools/bin/../lib/gcc/arm-none-eabi/7.3.1/../../../../arm-none-eabi/lib/thumb/v7e-m/fpv4-sp/hard/libstdc++_nano.a(pure.o) (std::terminate())
/opt/st/stm32cubeide_1.4.0/plugins/com.st.stm32cube.ide.mcu.externaltools.gnu-tools-for-stm32.7-2018-q2-update.linux64_1.4.0.202007081208/tools/bin/../lib/gcc/arm-none-eabi/7.3.1/../../../../arm-none-eabi/lib/thumb/v7e-m/fpv4-sp/hard/libstdc++_nano.a(eh_unex_handler.o)
                              /opt/st/stm32cubeide_1.4.0/plugins/com.st.stm32cube.ide.mcu.externaltools.gnu-tools-for-stm32.7-2018-q2-update.linux64_1.4.0.202007081208/tools/bin/../lib/gcc/arm-none-eabi/7.3.1/../../../../arm-none-eabi/lib/thumb/v7e-m/fpv4-sp/hard/libstdc++_nano.a(eh_terminate.o) (__cxxabiv1::__unexpected_handler)
/opt/st/stm32cubeide_1.4.0/plugins/com.st.stm32cube.ide.mcu.externaltools.gnu-tools-for-stm32.7-2018-q2-update.linux64_1.4.0.202007081208/tools/bin/../lib/gcc/arm-none-eabi/7.3.1/../../../../arm-none-eabi/lib/thumb/v7e-m/fpv4-sp/hard/libstdc++_nano.a(eh_term_handler.o)
                              /opt/st/stm32cubeide_1.4.0/plugins/com.st.stm32cube.ide.mcu.externaltools.gnu-tools-for-stm32.7-2018-q2-update.linux64_1.4.0.202007081208/tools/bin/../lib/gcc/arm-none-eabi/7.3.1/../../../../arm-none-eabi/lib/thumb/v7e-m/fpv4-sp/hard/libstdc++_nano.a(eh_terminate.o) (__cxxabiv1::__terminate_handler)
/opt/st/stm32cubeide_1.4.0/plugins/com.st.stm32cube.ide.mcu.externaltools.gnu-tools-for-stm32.7-2018-q2-update.linux64_1.4.0.202007081208/tools/bin/../lib/gcc/arm-none-eabi/7.3.1/../../../../arm-none-eabi/lib/thumb/v7e-m/fpv4-sp/hard/libc_nano.a(lib_a-abort.o)
                              /opt/st/stm32cubeide_1.4.0/plugins/com.st.stm32cube.ide.mcu.externaltools.gnu-tools-for-stm32.7-2018-q2-update.linux64_1.4.0.202007081208/tools/bin/../lib/gcc/arm-none-eabi/7.3.1/../../../../arm-none-eabi/lib/thumb/v7e-m/fpv4-sp/hard/libstdc++_nano.a(eh_terminate.o) (abort)
/opt/st/stm32cubeide_1.4.0/plugins/com.st.stm32cube.ide.mcu.externaltools.gnu-tools-for-stm32.7-2018-q2-update.linux64_1.4.0.202007081208/tools/bin/../lib/gcc/arm-none-eabi/7.3.1/../../../../arm-none-eabi/lib/thumb/v7e-m/fpv4-sp/hard/libc_nano.a(lib_a-errno.o)
                              Core/Src/syscalls.o (__errno)
/opt/st/stm32cubeide_1.4.0/plugins/com.st.stm32cube.ide.mcu.externaltools.gnu-tools-for-stm32.7-2018-q2-update.linux64_1.4.0.202007081208/tools/bin/../lib/gcc/arm-none-eabi/7.3.1/../../../../arm-none-eabi/lib/thumb/v7e-m/fpv4-sp/hard/libc_nano.a(lib_a-exit.o)
                              /opt/st/stm32cubeide_1.4.0/plugins/com.st.stm32cube.ide.mcu.externaltools.gnu-tools-for-stm32.7-2018-q2-update.linux64_1.4.0.202007081208/tools/bin/../lib/gcc/arm-none-eabi/7.3.1/../../../../arm-none-eabi/lib/thumb/v7e-m/fpv4-sp/hard/crt0.o (exit)
/opt/st/stm32cubeide_1.4.0/plugins/com.st.stm32cube.ide.mcu.externaltools.gnu-tools-for-stm32.7-2018-q2-update.linux64_1.4.0.202007081208/tools/bin/../lib/gcc/arm-none-eabi/7.3.1/../../../../arm-none-eabi/lib/thumb/v7e-m/fpv4-sp/hard/libc_nano.a(lib_a-impure.o)
                              /opt/st/stm32cubeide_1.4.0/plugins/com.st.stm32cube.ide.mcu.externaltools.gnu-tools-for-stm32.7-2018-q2-update.linux64_1.4.0.202007081208/tools/bin/../lib/gcc/arm-none-eabi/7.3.1/../../../../arm-none-eabi/lib/thumb/v7e-m/fpv4-sp/hard/libc_nano.a(lib_a-exit.o) (_global_impure_ptr)
/opt/st/stm32cubeide_1.4.0/plugins/com.st.stm32cube.ide.mcu.externaltools.gnu-tools-for-stm32.7-2018-q2-update.linux64_1.4.0.202007081208/tools/bin/../lib/gcc/arm-none-eabi/7.3.1/../../../../arm-none-eabi/lib/thumb/v7e-m/fpv4-sp/hard/libc_nano.a(lib_a-init.o)
                              /opt/st/stm32cubeide_1.4.0/plugins/com.st.stm32cube.ide.mcu.externaltools.gnu-tools-for-stm32.7-2018-q2-update.linux64_1.4.0.202007081208/tools/bin/../lib/gcc/arm-none-eabi/7.3.1/../../../../arm-none-eabi/lib/thumb/v7e-m/fpv4-sp/hard/crt0.o (__libc_init_array)
/opt/st/stm32cubeide_1.4.0/plugins/com.st.stm32cube.ide.mcu.externaltools.gnu-tools-for-stm32.7-2018-q2-update.linux64_1.4.0.202007081208/tools/bin/../lib/gcc/arm-none-eabi/7.3.1/../../../../arm-none-eabi/lib/thumb/v7e-m/fpv4-sp/hard/libc_nano.a(lib_a-memcpy-stub.o)
[...]
Memory Configuration

Name             Origin             Length             Attributes
RAM              0x0000000020000000 0x0000000000008000 xrw
FLASH            0x0000000008000000 0x0000000000020000 xr
*default*        0x0000000000000000 0xffffffffffffffff

Linker script and memory map

LOAD /opt/st/stm32cubeide_1.4.0/plugins/com.st.stm32cube.ide.mcu.externaltools.gnu-tools-for-stm32.7-2018-q2-update.linux64_1.4.0.202007081208/tools/bin/../lib/gcc/arm-none-eabi/7.3.1/thumb/v7e-m/fpv4-sp/hard/crti.o
LOAD /opt/st/stm32cubeide_1.4.0/plugins/com.st.stm32cube.ide.mcu.externaltools.gnu-tools-for-stm32.7-2018-q2-update.linux64_1.4.0.202007081208/tools/bin/../lib/gcc/arm-none-eabi/7.3.1/thumb/v7e-m/fpv4-sp/hard/crtbegin.o
LOAD /opt/st/stm32cubeide_1.4.0/plugins/com.st.stm32cube.ide.mcu.externaltools.gnu-tools-for-stm32.7-2018-q2-update.linux64_1.4.0.202007081208/tools/bin/../lib/gcc/arm-none-eabi/7.3.1/../../../../arm-none-eabi/lib/thumb/v7e-m/fpv4-sp/hard/crt0.o
LOAD Core/Src/Servo/DWT_Delay.o
LOAD Core/Src/Servo/Servo_cfg.o
LOAD Core/Src/Servo/Timer_Delay.o
LOAD Core/Src/Servo/servo.o
LOAD Core/Src/app_freertos.o
LOAD Core/Src/functions.o
LOAD Core/Src/gpio.o
LOAD Core/Src/i2c.o
LOAD Core/Src/main.o
LOAD Core/Src/stm32g4xx_hal_msp.o
LOAD Core/Src/stm32g4xx_it.o
LOAD Core/Src/syscalls.o
LOAD Core/Src/sysmem.o
LOAD Core/Src/system_stm32g4xx.o
LOAD Core/Src/tim.o
LOAD Core/Src/usart.o
LOAD Core/Startup/startup_stm32g431kbtx.o
LOAD Drivers/STM32G4xx_HAL_Driver/Src/stm32g4xx_hal.o
LOAD Drivers/STM32G4xx_HAL_Driver/Src/stm32g4xx_hal_cortex.o
LOAD Drivers/STM32G4xx_HAL_Driver/Src/stm32g4xx_hal_dma.o
LOAD Drivers/STM32G4xx_HAL_Driver/Src/stm32g4xx_hal_dma_ex.o
LOAD Drivers/STM32G4xx_HAL_Driver/Src/stm32g4xx_hal_exti.o
LOAD Drivers/STM32G4xx_HAL_Driver/Src/stm32g4xx_hal_flash.o
LOAD Drivers/STM32G4xx_HAL_Driver/Src/stm32g4xx_hal_flash_ex.o
LOAD Drivers/STM32G4xx_HAL_Driver/Src/stm32g4xx_hal_flash_ramfunc.o
LOAD Drivers/STM32G4xx_HAL_Driver/Src/stm32g4xx_hal_gpio.o
LOAD Drivers/STM32G4xx_HAL_Driver/Src/stm32g4xx_hal_i2c.o
LOAD Drivers/STM32G4xx_HAL_Driver/Src/stm32g4xx_hal_i2c_ex.o
LOAD Drivers/STM32G4xx_HAL_Driver/Src/stm32g4xx_hal_pwr.o
LOAD Drivers/STM32G4xx_HAL_Driver/Src/stm32g4xx_hal_pwr_ex.o
LOAD Drivers/STM32G4xx_HAL_Driver/Src/stm32g4xx_hal_rcc.o
LOAD Drivers/STM32G4xx_HAL_Driver/Src/stm32g4xx_hal_rcc_ex.o
LOAD Drivers/STM32G4xx_HAL_Driver/Src/stm32g4xx_hal_tim.o
LOAD Drivers/STM32G4xx_HAL_Driver/Src/stm32g4xx_hal_tim_ex.o
LOAD Drivers/STM32G4xx_HAL_Driver/Src/stm32g4xx_hal_usart.o
LOAD Drivers/STM32G4xx_HAL_Driver/Src/stm32g4xx_hal_usart_ex.o
LOAD Middlewares/Third_Party/FreeRTOS/Source/CMSIS_RTOS_V2/cmsis_os2.o
LOAD Middlewares/Third_Party/FreeRTOS/Source/croutine.o
LOAD Middlewares/Third_Party/FreeRTOS/Source/event_groups.o
LOAD Middlewares/Third_Party/FreeRTOS/Source/list.o
LOAD Middlewares/Third_Party/FreeRTOS/Source/queue.o
LOAD Middlewares/Third_Party/FreeRTOS/Source/stream_buffer.o
LOAD Middlewares/Third_Party/FreeRTOS/Source/tasks.o
LOAD Middlewares/Third_Party/FreeRTOS/Source/timers.o
LOAD Middlewares/Third_Party/FreeRTOS/Source/portable/GCC/ARM_CM4F/port.o
LOAD Middlewares/Third_Party/FreeRTOS/Source/portable/MemMang/heap_4.o
START GROUP
LOAD /opt/st/stm32cubeide_1.4.0/plugins/com.st.stm32cube.ide.mcu.externaltools.gnu-tools-for-stm32.7-2018-q2-update.linux64_1.4.0.202007081208/tools/bin/../lib/gcc/arm-none-eabi/7.3.1/../../../../arm-none-eabi/lib/thumb/v7e-m/fpv4-sp/hard/libstdc++_nano.a
LOAD /opt/st/stm32cubeide_1.4.0/plugins/com.st.stm32cube.ide.mcu.externaltools.gnu-tools-for-stm32.7-2018-q2-update.linux64_1.4.0.202007081208/tools/bin/../lib/gcc/arm-none-eabi/7.3.1/../../../../arm-none-eabi/lib/thumb/v7e-m/fpv4-sp/hard/libsupc++_nano.a
END GROUP
LOAD /opt/st/stm32cubeide_1.4.0/plugins/com.st.stm32cube.ide.mcu.externaltools.gnu-tools-for-stm32.7-2018-q2-update.linux64_1.4.0.202007081208/tools/bin/../lib/gcc/arm-none-eabi/7.3.1/../../../../arm-none-eabi/lib/thumb/v7e-m/fpv4-sp/hard/libstdc++_nano.a
LOAD /opt/st/stm32cubeide_1.4.0/plugins/com.st.stm32cube.ide.mcu.externaltools.gnu-tools-for-stm32.7-2018-q2-update.linux64_1.4.0.202007081208/tools/bin/../lib/gcc/arm-none-eabi/7.3.1/../../../../arm-none-eabi/lib/thumb/v7e-m/fpv4-sp/hard/libm.a
LOAD /opt/st/stm32cubeide_1.4.0/plugins/com.st.stm32cube.ide.mcu.externaltools.gnu-tools-for-stm32.7-2018-q2-update.linux64_1.4.0.202007081208/tools/bin/../lib/gcc/arm-none-eabi/7.3.1/../../../../arm-none-eabi/lib/thumb/v7e-m/fpv4-sp/hard/libc_nano.a
START GROUP
LOAD /opt/st/stm32cubeide_1.4.0/plugins/com.st.stm32cube.ide.mcu.externaltools.gnu-tools-for-stm32.7-2018-q2-update.linux64_1.4.0.202007081208/tools/bin/../lib/gcc/arm-none-eabi/7.3.1/thumb/v7e-m/fpv4-sp/hard/libgcc.a
LOAD /opt/st/stm32cubeide_1.4.0/plugins/com.st.stm32cube.ide.mcu.externaltools.gnu-tools-for-stm32.7-2018-q2-update.linux64_1.4.0.202007081208/tools/bin/../lib/gcc/arm-none-eabi/7.3.1/../../../../arm-none-eabi/lib/thumb/v7e-m/fpv4-sp/hard/libc_nano.a
END GROUP
START GROUP
LOAD /opt/st/stm32cubeide_1.4.0/plugins/com.st.stm32cube.ide.mcu.externaltools.gnu-tools-for-stm32.7-2018-q2-update.linux64_1.4.0.202007081208/tools/bin/../lib/gcc/arm-none-eabi/7.3.1/thumb/v7e-m/fpv4-sp/hard/libgcc.a
LOAD /opt/st/stm32cubeide_1.4.0/plugins/com.st.stm32cube.ide.mcu.externaltools.gnu-tools-for-stm32.7-2018-q2-update.linux64_1.4.0.202007081208/tools/bin/../lib/gcc/arm-none-eabi/7.3.1/../../../../arm-none-eabi/lib/thumb/v7e-m/fpv4-sp/hard/libc_nano.a
END GROUP
LOAD /opt/st/stm32cubeide_1.4.0/plugins/com.st.stm32cube.ide.mcu.externaltools.gnu-tools-for-stm32.7-2018-q2-update.linux64_1.4.0.202007081208/tools/bin/../lib/gcc/arm-none-eabi/7.3.1/thumb/v7e-m/fpv4-sp/hard/crtend.o
LOAD /opt/st/stm32cubeide_1.4.0/plugins/com.st.stm32cube.ide.mcu.externaltools.gnu-tools-for-stm32.7-2018-q2-update.linux64_1.4.0.202007081208/tools/bin/../lib/gcc/arm-none-eabi/7.3.1/thumb/v7e-m/fpv4-sp/hard/crtn.o
                0x0000000020008000                _estack = (ORIGIN (RAM) + LENGTH (RAM))
                0x0000000000000200                _Min_Heap_Size = 0x200
                0x0000000000000400                _Min_Stack_Size = 0x400

.isr_vector     0x0000000008000000      0x1d8
                0x0000000008000000                . = ALIGN (0x4)
 *(.isr_vector)
 .isr_vector    0x0000000008000000      0x1d8 Core/Startup/startup_stm32g431kbtx.o
                0x0000000008000000                g_pfnVectors
                0x00000000080001d8                . = ALIGN (0x4)

.text           0x00000000080001e0     0x9350
                0x00000000080001e0                . = ALIGN (0x4)
 *(.text)
 .text          0x00000000080001e0       0x40 /opt/st/stm32cubeide_1.4.0/plugins/com.st.stm32cube.ide.mcu.externaltools.gnu-tools-for-stm32.7-2018-q2-update.linux64_1.4.0.202007081208/tools/bin/../lib/gcc/arm-none-eabi/7.3.1/thumb/v7e-m/fpv4-sp/hard/crtbegin.o
 .text          0x0000000008000220       0x10 /opt/st/stm32cubeide_1.4.0/plugins/com.st.stm32cube.ide.mcu.externaltools.gnu-tools-for-stm32.7-2018-q2-update.linux64_1.4.0.202007081208/tools/bin/../lib/gcc/arm-none-eabi/7.3.1/../../../../arm-none-eabi/lib/thumb/v7e-m/fpv4-sp/hard/libc_nano.a(lib_a-strlen.o)
                0x0000000008000220                strlen
 .text          0x0000000008000230      0x378 /opt/st/stm32cubeide_1.4.0/plugins/com.st.stm32cube.ide.mcu.externaltools.gnu-tools-for-stm32.7-2018-q2-update.linux64_1.4.0.202007081208/tools/bin/../lib/gcc/arm-none-eabi/7.3.1/thumb/v7e-m/fpv4-sp/hard/libgcc.a(_arm_addsubdf3.o)
                0x0000000008000230                __aeabi_drsub
                0x0000000008000238                __aeabi_dsub
                0x0000000008000238                __subdf3
                0x000000000800023c                __adddf3
                0x000000000800023c                __aeabi_dadd
                0x00000000080004b4                __aeabi_ui2d
                0x00000000080004b4                __floatunsidf
                0x00000000080004d4                __floatsidf
                0x00000000080004d4                __aeabi_i2d
                0x00000000080004f8                __extendsfdf2
                0x00000000080004f8                __aeabi_f2d
                0x000000000800053c                __aeabi_ul2d
                0x000000000800053c                __floatundidf
                0x000000000800054c                __floatdidf
                0x000000000800054c                __aeabi_l2d
 .text          0x00000000080005a8      0x424 /opt/st/stm32cubeide_1.4.0/plugins/com.st.stm32cube.ide.mcu.externaltools.gnu-tools-for-stm32.7-2018-q2-update.linux64_1.4.0.202007081208/tools/bin/../lib/gcc/arm-none-eabi/7.3.1/thumb/v7e-m/fpv4-sp/hard/libgcc.a(_arm_muldivdf3.o)
                0x00000000080005a8                __aeabi_dmul
                0x00000000080005a8                __muldf3
                0x00000000080007fc                __aeabi_ddiv
                0x00000000080007fc                __divdf3
 .text          0x00000000080009cc       0xa0 /opt/st/stm32cubeide_1.4.0/plugins/com.st.stm32cube.ide.mcu.externaltools.gnu-tools-for-stm32.7-2018-q2-update.linux64_1.4.0.202007081208/tools/bin/../lib/gcc/arm-none-eabi/7.3.1/thumb/v7e-m/fpv4-sp/hard/libgcc.a(_arm_truncdfsf2.o)
                0x00000000080009cc                __aeabi_d2f
                0x00000000080009cc                __truncdfsf2
 *(.text*)
 .text.SERVO_RawMove
                0x0000000008000a6c       0x54 Core/Src/Servo/servo.o
                0x0000000008000a6c                SERVO_RawMove
 .text.autonomous_Mode
                0x0000000008000ac0       0x36 Core/Src/functions.o
                0x0000000008000ac0                autonomous_Mode
 .text.map      0x0000000008000af6       0x5c Core/Src/functions.o
                0x0000000008000af6                map
 .text.RGB_color
                0x0000000008000b52       0x4a Core/Src/functions.o
                0x0000000008000b52                RGB_color
 *fill*         0x0000000008000b9c        0x4 
 .text.power_Difference
                0x0000000008000ba0      0x2d4 Core/Src/functions.o
                0x0000000008000ba0                power_Difference
 .text.select   0x0000000008000e74       0xb4 Core/Src/functions.o
                0x0000000008000e74                select
 .text.MX_GPIO_Init
                0x0000000008000f28       0x80 Core/Src/gpio.o
                0x0000000008000f28                MX_GPIO_Init
 .text.MX_I2C1_Init
                0x0000000008000fa8       0x80 Core/Src/i2c.o
                0x0000000008000fa8                MX_I2C1_Init
 .text.HAL_I2C_MspInit
                0x0000000008001028       0x88 Core/Src/i2c.o
                0x0000000008001028                HAL_I2C_MspInit
 .text._ZN3ros3MsgC2Ev
                0x00000000080010b0       0x20 Core/Src/main.o
                0x00000000080010b0                ros::Msg::Msg()
                0x00000000080010b0                ros::Msg::Msg()
 .text._ZN8std_msgs6UInt16C2Ev
                0x00000000080010d0       0x2c Core/Src/main.o
                0x00000000080010d0                std_msgs::UInt16::UInt16()
                0x00000000080010d0                std_msgs::UInt16::UInt16()
 .text._ZNK8std_msgs6UInt169serializeEPh
                0x00000000080010fc       0x44 Core/Src/main.o
                0x00000000080010fc                std_msgs::UInt16::serialize(unsigned char*) const
 .text._ZN8std_msgs6UInt1611deserializeEPh
                0x0000000008001140       0x4e Core/Src/main.o
                0x0000000008001140                std_msgs::UInt16::deserialize(unsigned char*)
 *fill*         0x000000000800118e        0x2 
 .text._ZN8std_msgs6UInt167getTypeEv
                0x0000000008001190       0x1c Core/Src/main.o
                0x0000000008001190                std_msgs::UInt16::getType()
 .text._ZN8std_msgs6UInt166getMD5Ev
                0x00000000080011ac       0x1c Core/Src/main.o
                0x00000000080011ac                std_msgs::UInt16::getMD5()
 .text._ZN8std_msgs5UInt8C2Ev
                0x00000000080011c8       0x2c Core/Src/main.o
                0x00000000080011c8                std_msgs::UInt8::UInt8()
                0x00000000080011c8                std_msgs::UInt8::UInt8()
 .text._ZNK8std_msgs5UInt89serializeEPh
                0x00000000080011f4       0x2e Core/Src/main.o
                0x00000000080011f4                std_msgs::UInt8::serialize(unsigned char*) const
 .text._ZN8std_msgs5UInt811deserializeEPh
                0x0000000008001222       0x2e Core/Src/main.o
                0x0000000008001222                std_msgs::UInt8::deserialize(unsigned char*)
 .text._ZN8std_msgs5UInt87getTypeEv
                0x0000000008001250       0x1c Core/Src/main.o
                0x0000000008001250                std_msgs::UInt8::getType()
 .text._ZN8std_msgs5UInt86getMD5Ev
                0x000000000800126c       0x1c Core/Src/main.o
                0x000000000800126c                std_msgs::UInt8::getMD5()
 .text._ZN3ros4TimeC2Ev
                0x0000000008001288       0x22 Core/Src/main.o
                0x0000000008001288                ros::Time::Time()
                0x0000000008001288                ros::Time::Time()
 *fill*         0x00000000080012aa        0x2 
 .text._ZN8std_msgs4TimeC2Ev
                0x00000000080012ac       0x30 Core/Src/main.o
                0x00000000080012ac                std_msgs::Time::Time()
                0x00000000080012ac                std_msgs::Time::Time()
 .text._ZNK8std_msgs4Time9serializeEPh
                0x00000000080012dc       0xb0 Core/Src/main.o
                0x00000000080012dc                std_msgs::Time::serialize(unsigned char*) const
 .text._ZN8std_msgs4Time11deserializeEPh
                0x000000000800138c       0xc8 Core/Src/main.o
                0x000000000800138c                std_msgs::Time::deserialize(unsigned char*)
 .text._ZN8std_msgs4Time7getTypeEv
                0x0000000008001454       0x1c Core/Src/main.o
                0x0000000008001454                std_msgs::Time::getType()
 .text._ZN8std_msgs4Time6getMD5Ev
                0x0000000008001470       0x1c Core/Src/main.o
                0x0000000008001470                std_msgs::Time::getMD5()
 .text._ZN14rosserial_msgs9TopicInfoC2Ev
                0x000000000800148c       0x48 Core/Src/main.o
                0x000000000800148c                rosserial_msgs::TopicInfo::TopicInfo()
                0x000000000800148c                rosserial_msgs::TopicInfo::TopicInfo()
 .text._ZNK14rosserial_msgs9TopicInfo9serializeEPh
                0x00000000080014d4      0x136 Core/Src/main.o
                0x00000000080014d4                rosserial_msgs::TopicInfo::serialize(unsigned char*) const
 .text._ZN14rosserial_msgs9TopicInfo11deserializeEPh
                0x000000000800160a      0x1d0 Core/Src/main.o
                0x000000000800160a                rosserial_msgs::TopicInfo::deserialize(unsigned char*)
 *fill*         0x00000000080017da        0x2 
 .text._ZN14rosserial_msgs9TopicInfo7getTypeEv
                0x00000000080017dc       0x1c Core/Src/main.o
                0x00000000080017dc                rosserial_msgs::TopicInfo::getType()
 .text._ZN14rosserial_msgs9TopicInfo6getMD5Ev
                0x00000000080017f8       0x1c Core/Src/main.o
                0x00000000080017f8                rosserial_msgs::TopicInfo::getMD5()
 .text._ZN14rosserial_msgs3LogC2Ev
                0x0000000008001814       0x34 Core/Src/main.o
                0x0000000008001814                rosserial_msgs::Log::Log()
                0x0000000008001814                rosserial_msgs::Log::Log()
 .text._ZNK14rosserial_msgs3Log9serializeEPh
                0x0000000008001848       0x64 Core/Src/main.o
                0x0000000008001848                rosserial_msgs::Log::serialize(unsigned char*) const
 .text._ZN14rosserial_msgs3Log11deserializeEPh
                0x00000000080018ac       0x90 Core/Src/main.o
                0x00000000080018ac                rosserial_msgs::Log::deserialize(unsigned char*)
 .text._ZN14rosserial_msgs3Log7getTypeEv
                0x000000000800193c       0x1c Core/Src/main.o
                0x000000000800193c                rosserial_msgs::Log::getType()
 .text._ZN14rosserial_msgs3Log6getMD5Ev
                0x0000000008001958       0x1c Core/Src/main.o
                0x0000000008001958                rosserial_msgs::Log::getMD5()
 .text._ZN14rosserial_msgs20RequestParamResponseC2Ev
                0x0000000008001974       0x48 Core/Src/main.o
                0x0000000008001974                rosserial_msgs::RequestParamResponse::RequestParamResponse()
                0x0000000008001974                rosserial_msgs::RequestParamResponse::RequestParamResponse()
 .text._ZNK14rosserial_msgs20RequestParamResponse9serializeEPh
                0x00000000080019bc      0x222 Core/Src/main.o
                0x00000000080019bc                rosserial_msgs::RequestParamResponse::serialize(unsigned char*) const
 .text._ZN14rosserial_msgs20RequestParamResponse11deserializeEPh
                0x0000000008001bde      0x2e2 Core/Src/main.o
                0x0000000008001bde                rosserial_msgs::RequestParamResponse::deserialize(unsigned char*)
 .text._ZN14rosserial_msgs20RequestParamResponse7getTypeEv
                0x0000000008001ec0       0x1c Core/Src/main.o
                0x0000000008001ec0                rosserial_msgs::RequestParamResponse::getType()
 .text._ZN14rosserial_msgs20RequestParamResponse6getMD5Ev
                0x0000000008001edc       0x1c Core/Src/main.o
                0x0000000008001edc                rosserial_msgs::RequestParamResponse::getMD5()
 .text._ZN3ros9PublisherC2EPKcPNS_3MsgEi
                0x0000000008001ef8       0x2e Core/Src/main.o
                0x0000000008001ef8                ros::Publisher::Publisher(char const*, ros::Msg*, int)
                0x0000000008001ef8                ros::Publisher::Publisher(char const*, ros::Msg*, int)
 .text._ZN3ros9Publisher7publishEPKNS_3MsgE
                0x0000000008001f26       0x28 Core/Src/main.o
                0x0000000008001f26                ros::Publisher::publish(ros::Msg const*)
 .text._ZN3ros9Publisher15getEndpointTypeEv
                0x0000000008001f4e       0x18 Core/Src/main.o
                0x0000000008001f4e                ros::Publisher::getEndpointType()
 .text._ZN13STM32HardwareC2Ev
                0x0000000008001f66       0x16 Core/Src/main.o
                0x0000000008001f66                STM32Hardware::STM32Hardware()
                0x0000000008001f66                STM32Hardware::STM32Hardware()
 .text._ZN13STM32Hardware4readEv
                0x0000000008001f7c       0x38 Core/Src/main.o
                0x0000000008001f7c                STM32Hardware::read()
 .text._ZN13STM32Hardware5writeEPhi
                0x0000000008001fb4       0x28 Core/Src/main.o
                0x0000000008001fb4                STM32Hardware::write(unsigned char*, int)
 .text._ZN13STM32Hardware4timeEv
                0x0000000008001fdc       0x16 Core/Src/main.o
                0x0000000008001fdc                STM32Hardware::time()
 *fill*         0x0000000008001ff2        0x2 
 .text._Z8right_cbRKN8std_msgs6UInt16E
                0x0000000008001ff4       0x24 Core/Src/main.o
                0x0000000008001ff4                right_cb(std_msgs::UInt16 const&)
 .text._Z7left_cbRKN8std_msgs6UInt16E
                0x0000000008002018       0x24 Core/Src/main.o
                0x0000000008002018                left_cb(std_msgs::UInt16 const&)
 .text.main     0x000000000800203c       0xdc Core/Src/main.o
                0x000000000800203c                main
 .text._Z18SystemClock_Configv
                0x0000000008002118       0xec Core/Src/main.o
                0x0000000008002118                SystemClock_Config()
 .text._Z16thrustersControlPv
                0x0000000008002204       0x10 Core/Src/main.o
                0x0000000008002204                thrustersControl(void*)
 .text._Z15pumpControlTaskPv
                0x0000000008002214       0x10 Core/Src/main.o
                0x0000000008002214                pumpControlTask(void*)
 .text._Z15pressureMeasurePv
                0x0000000008002224       0x10 Core/Src/main.o
                0x0000000008002224                pressureMeasure(void*)
 .text._Z14hydrophoneTaskPv
                0x0000000008002234       0x10 Core/Src/main.o
                0x0000000008002234                hydrophoneTask(void*)
 .text.Error_Handler
                0x0000000008002244        0x8 Core/Src/main.o
                0x0000000008002244                Error_Handler
 .text._ZN3ros3Msg8varToArrIPhmEEvT_T0_
                0x000000000800224c       0x3c Core/Src/main.o
                0x000000000800224c                void ros::Msg::varToArr<unsigned char*, unsigned long>(unsigned char*, unsigned long)
 .text._ZN3ros3Msg8arrToVarImPhEEvRT_T0_
                0x0000000008002288       0x4a Core/Src/main.o
                0x0000000008002288                void ros::Msg::arrToVar<unsigned long, unsigned char*>(unsigned long&, unsigned char*)
 *fill*         0x00000000080022d2        0x2 
 .text._ZN3ros15NodeHandleBase_C2Ev
                0x00000000080022d4       0x20 Core/Src/main.o
                0x00000000080022d4                ros::NodeHandleBase_::NodeHandleBase_()
                0x00000000080022d4                ros::NodeHandleBase_::NodeHandleBase_()
 .text._ZN3ros11NodeHandle_I13STM32HardwareLi25ELi25ELi512ELi512EEC2Ev
                0x00000000080022f4       0xfc Core/Src/main.o
                0x00000000080022f4                ros::NodeHandle_<STM32Hardware, 25, 25, 512, 512>::NodeHandle_()
                0x00000000080022f4                ros::NodeHandle_<STM32Hardware, 25, 25, 512, 512>::NodeHandle_()
 .text._ZN3ros11Subscriber_C2Ev
                0x00000000080023f0       0x20 Core/Src/main.o
                0x00000000080023f0                ros::Subscriber_::Subscriber_()
                0x00000000080023f0                ros::Subscriber_::Subscriber_()
 .text._ZN3ros10SubscriberIN8std_msgs6UInt16EvEC2EPKcPFvRKS2_Ei
                0x0000000008002410       0x48 Core/Src/main.o
                0x0000000008002410                ros::Subscriber<std_msgs::UInt16, void>::Subscriber(char const*, void (*)(std_msgs::UInt16 const&), int)
                0x0000000008002410                ros::Subscriber<std_msgs::UInt16, void>::Subscriber(char const*, void (*)(std_msgs::UInt16 const&), int)
 .text._ZN3ros11NodeHandle_I13STM32HardwareLi25ELi25ELi512ELi512EE8spinOnceEv
                0x0000000008002458      0x3ac Core/Src/main.o
                0x0000000008002458                ros::NodeHandle_<STM32Hardware, 25, 25, 512, 512>::spinOnce()
 .text._ZN3ros11NodeHandle_I13STM32HardwareLi25ELi25ELi512ELi512EE15requestSyncTimeEv
                0x0000000008002804       0x3a Core/Src/main.o
                0x0000000008002804                ros::NodeHandle_<STM32Hardware, 25, 25, 512, 512>::requestSyncTime()
 .text._ZN3ros11NodeHandle_I13STM32HardwareLi25ELi25ELi512ELi512EE15negotiateTopicsEv
                0x000000000800283e      0x1c0 Core/Src/main.o
                0x000000000800283e                ros::NodeHandle_<STM32Hardware, 25, 25, 512, 512>::negotiateTopics()
 *fill*         0x00000000080029fe        0x2 
 .text._ZN3ros11NodeHandle_I13STM32HardwareLi25ELi25ELi512ELi512EE8syncTimeEPh
                0x0000000008002a00       0x94 Core/Src/main.o
                0x0000000008002a00                ros::NodeHandle_<STM32Hardware, 25, 25, 512, 512>::syncTime(unsigned char*)
 .text._ZN3ros11NodeHandle_I13STM32HardwareLi25ELi25ELi512ELi512EE7publishEiPKNS_3MsgE
                0x0000000008002a94      0x124 Core/Src/main.o
                0x0000000008002a94                ros::NodeHandle_<STM32Hardware, 25, 25, 512, 512>::publish(int, ros::Msg const*)
 .text._ZN3ros11NodeHandle_I13STM32HardwareLi25ELi25ELi512ELi512EE6setNowERNS_4TimeE
                0x0000000008002bb8       0xa8 Core/Src/main.o
                0x0000000008002bb8                ros::NodeHandle_<STM32Hardware, 25, 25, 512, 512>::setNow(ros::Time&)
 .text._ZN3ros11NodeHandle_I13STM32HardwareLi25ELi25ELi512ELi512EE8logerrorEPKc
                0x0000000008002c60       0x1c Core/Src/main.o
                0x0000000008002c60                ros::NodeHandle_<STM32Hardware, 25, 25, 512, 512>::logerror(char const*)
 .text._ZN3ros11NodeHandle_I13STM32HardwareLi25ELi25ELi512ELi512EE3logEcPKc
                0x0000000008002c7c       0x38 Core/Src/main.o
                0x0000000008002c7c                ros::NodeHandle_<STM32Hardware, 25, 25, 512, 512>::log(char, char const*)
 .text._Z41__static_initialization_and_destruction_0ii
                0x0000000008002cb4       0x7c Core/Src/main.o
 .text._ZN3ros10SubscriberIN8std_msgs6UInt16EvE8callbackEPh
                0x0000000008002d30       0x2a Core/Src/main.o
                0x0000000008002d30                ros::Subscriber<std_msgs::UInt16, void>::callback(unsigned char*)
 .text._ZN3ros10SubscriberIN8std_msgs6UInt16EvE15getEndpointTypeEv
                0x0000000008002d5a       0x18 Core/Src/main.o
                0x0000000008002d5a                ros::Subscriber<std_msgs::UInt16, void>::getEndpointType()
 .text._ZN3ros10SubscriberIN8std_msgs6UInt16EvE10getMsgTypeEv
                0x0000000008002d72       0x1c Core/Src/main.o
                0x0000000008002d72                ros::Subscriber<std_msgs::UInt16, void>::getMsgType()
 .text._ZN3ros10SubscriberIN8std_msgs6UInt16EvE9getMsgMD5Ev
                0x0000000008002d8e       0x1c Core/Src/main.o
                0x0000000008002d8e                ros::Subscriber<std_msgs::UInt16, void>::getMsgMD5()
 .text._ZN3ros11NodeHandle_I13STM32HardwareLi25ELi25ELi512ELi512EE9connectedEv
                0x0000000008002daa       0x1a Core/Src/main.o
                0x0000000008002daa                ros::NodeHandle_<STM32Hardware, 25, 25, 512, 512>::connected()
 .text._GLOBAL__sub_I_UartHandle
                0x0000000008002dc4       0x10 Core/Src/main.o
 .text.HAL_MspInit
                0x0000000008002dd4       0x54 Core/Src/stm32g4xx_hal_msp.o
                0x0000000008002dd4                HAL_MspInit
 .text.NMI_Handler
                0x0000000008002e28        0xe Core/Src/stm32g4xx_it.o
                0x0000000008002e28                NMI_Handler
 .text.HardFault_Handler
                0x0000000008002e36        0x6 Core/Src/stm32g4xx_it.o
                0x0000000008002e36                HardFault_Handler
 .text.MemManage_Handler
                0x0000000008002e3c        0x6 Core/Src/stm32g4xx_it.o
                0x0000000008002e3c                MemManage_Handler
 .text.BusFault_Handler
                0x0000000008002e42        0x6 Core/Src/stm32g4xx_it.o
                0x0000000008002e42                BusFault_Handler
 .text.UsageFault_Handler
                0x0000000008002e48        0x6 Core/Src/stm32g4xx_it.o
                0x0000000008002e48                UsageFault_Handler
 .text.DebugMon_Handler
                0x0000000008002e4e        0xe Core/Src/stm32g4xx_it.o
                0x0000000008002e4e                DebugMon_Handler
 .text.SysTick_Handler
                0x0000000008002e5c       0x1a Core/Src/stm32g4xx_it.o
                0x0000000008002e5c                SysTick_Handler
 .text._getpid  0x0000000008002e76       0x10 Core/Src/syscalls.o
                0x0000000008002e76                _getpid
 .text._kill    0x0000000008002e86       0x20 Core/Src/syscalls.o
                0x0000000008002e86                _kill
 .text._exit    0x0000000008002ea6       0x14 Core/Src/syscalls.o
                0x0000000008002ea6                _exit
 *fill*         0x0000000008002eba        0x2 
 .text._sbrk    0x0000000008002ebc       0x6c Core/Src/sysmem.o
                0x0000000008002ebc                _sbrk
 .text.SystemInit
                0x0000000008002f28       0x2c Core/Src/system_stm32g4xx.o
                0x0000000008002f28                SystemInit
 .text.MX_TIM2_Init
                0x0000000008002f54      0x100 Core/Src/tim.o
                0x0000000008002f54                MX_TIM2_Init
 .text.MX_TIM3_Init
                0x0000000008003054       0xd0 Core/Src/tim.o
                0x0000000008003054                MX_TIM3_Init
 .text.MX_TIM17_Init
                0x0000000008003124       0xf4 Core/Src/tim.o
                0x0000000008003124                MX_TIM17_Init
 .text.HAL_TIM_PWM_MspInit
                0x0000000008003218       0x64 Core/Src/tim.o
                0x0000000008003218                HAL_TIM_PWM_MspInit
 .text.HAL_TIM_Base_MspInit
                0x000000000800327c       0x40 Core/Src/tim.o
                0x000000000800327c                HAL_TIM_Base_MspInit
 .text.HAL_TIM_MspPostInit
                0x00000000080032bc      0x138 Core/Src/tim.o
                0x00000000080032bc                HAL_TIM_MspPostInit
 .text.MX_USART2_Init
                0x00000000080033f4       0x98 Core/Src/usart.o
                0x00000000080033f4                MX_USART2_Init
 .text.HAL_USART_MspInit
                0x000000000800348c       0xc4 Core/Src/usart.o
                0x000000000800348c                HAL_USART_MspInit
 .text.Reset_Handler
                0x0000000008003550       0x50 Core/Startup/startup_stm32g431kbtx.o
                0x0000000008003550                Reset_Handler
 .text.Default_Handler
                0x00000000080035a0        0x2 Core/Startup/startup_stm32g431kbtx.o
                0x00000000080035a0                RTC_Alarm_IRQHandler
                0x00000000080035a0                EXTI2_IRQHandler
                0x00000000080035a0                TIM8_TRG_COM_IRQHandler
                0x00000000080035a0                TIM8_CC_IRQHandler
                0x00000000080035a0                TIM1_CC_IRQHandler
                0x00000000080035a0                USB_HP_IRQHandler
                0x00000000080035a0                CORDIC_IRQHandler
                0x00000000080035a0                EXTI3_IRQHandler
                0x00000000080035a0                I2C3_ER_IRQHandler
                0x00000000080035a0                EXTI0_IRQHandler
                0x00000000080035a0                I2C2_EV_IRQHandler
                0x00000000080035a0                FPU_IRQHandler
                0x00000000080035a0                FDCAN1_IT1_IRQHandler
                0x00000000080035a0                TIM1_UP_TIM16_IRQHandler
                0x00000000080035a0                ADC1_2_IRQHandler
                0x00000000080035a0                SPI1_IRQHandler
                0x00000000080035a0                TIM6_DAC_IRQHandler
                0x00000000080035a0                TIM8_UP_IRQHandler
                0x00000000080035a0                DMA2_Channel2_IRQHandler
                0x00000000080035a0                DMA1_Channel4_IRQHandler
                0x00000000080035a0                USART3_IRQHandler
                0x00000000080035a0                TIM4_IRQHandler
                0x00000000080035a0                DMA2_Channel1_IRQHandler
                0x00000000080035a0                I2C1_EV_IRQHandler
                0x00000000080035a0                DMA1_Channel6_IRQHandler
                0x00000000080035a0                UART4_IRQHandler
                0x00000000080035a0                DMA2_Channel4_IRQHandler
                0x00000000080035a0                TIM3_IRQHandler
                0x00000000080035a0                RCC_IRQHandler
                0x00000000080035a0                DMA1_Channel1_IRQHandler
                0x00000000080035a0                Default_Handler
                0x00000000080035a0                RTC_TAMP_LSECSS_IRQHandler
                0x00000000080035a0                FMAC_IRQHandler
                0x00000000080035a0                EXTI15_10_IRQHandler
                0x00000000080035a0                TIM7_IRQHandler
                0x00000000080035a0                UCPD1_IRQHandler
                0x00000000080035a0                I2C3_EV_IRQHandler
                0x00000000080035a0                EXTI9_5_IRQHandler
                0x00000000080035a0                RTC_WKUP_IRQHandler
                0x00000000080035a0                PVD_PVM_IRQHandler
                0x00000000080035a0                SPI2_IRQHandler
                0x00000000080035a0                DMA2_Channel5_IRQHandler
                0x00000000080035a0                CRS_IRQHandler
                0x00000000080035a0                DMA1_Channel5_IRQHandler
                0x00000000080035a0                USB_LP_IRQHandler
                0x00000000080035a0                EXTI4_IRQHandler
                0x00000000080035a0                RNG_IRQHandler
                0x00000000080035a0                TIM1_TRG_COM_TIM17_IRQHandler
                0x00000000080035a0                DMA1_Channel3_IRQHandler
                0x00000000080035a0                WWDG_IRQHandler
                0x00000000080035a0                LPUART1_IRQHandler
                0x00000000080035a0                DMA2_Channel6_IRQHandler
                0x00000000080035a0                FDCAN1_IT0_IRQHandler
                0x00000000080035a0                TIM2_IRQHandler
                0x00000000080035a0                COMP1_2_3_IRQHandler
                0x00000000080035a0                EXTI1_IRQHandler
                0x00000000080035a0                USART2_IRQHandler
                0x00000000080035a0                I2C2_ER_IRQHandler
                0x00000000080035a0                DMA1_Channel2_IRQHandler
                0x00000000080035a0                TIM8_BRK_IRQHandler
                0x00000000080035a0                FLASH_IRQHandler
                0x00000000080035a0                USART1_IRQHandler
                0x00000000080035a0                SPI3_IRQHandler
                0x00000000080035a0                I2C1_ER_IRQHandler
                0x00000000080035a0                LPTIM1_IRQHandler
                0x00000000080035a0                DMAMUX_OVR_IRQHandler
                0x00000000080035a0                USBWakeUp_IRQHandler
                0x00000000080035a0                SAI1_IRQHandler
                0x00000000080035a0                DMA2_Channel3_IRQHandler
                0x00000000080035a0                COMP4_IRQHandler
                0x00000000080035a0                TIM1_BRK_TIM15_IRQHandler
 .text.HAL_Init
                0x00000000080035a2       0x30 Drivers/STM32G4xx_HAL_Driver/Src/stm32g4xx_hal.o
                0x00000000080035a2                HAL_Init
 *fill*         0x00000000080035d2        0x2 
 .text.HAL_InitTick
                0x00000000080035d4       0x74 Drivers/STM32G4xx_HAL_Driver/Src/stm32g4xx_hal.o
                0x00000000080035d4                HAL_InitTick
 .text.HAL_IncTick
                0x0000000008003648       0x24 Drivers/STM32G4xx_HAL_Driver/Src/stm32g4xx_hal.o
                0x0000000008003648                HAL_IncTick
 .text.HAL_GetTick
                0x000000000800366c       0x18 Drivers/STM32G4xx_HAL_Driver/Src/stm32g4xx_hal.o
                0x000000000800366c                HAL_GetTick
 .text.HAL_Delay
                0x0000000008003684       0x44 Drivers/STM32G4xx_HAL_Driver/Src/stm32g4xx_hal.o
                0x0000000008003684                HAL_Delay
 .text.__NVIC_SetPriorityGrouping
                0x00000000080036c8       0x48 Drivers/STM32G4xx_HAL_Driver/Src/stm32g4xx_hal_cortex.o
 .text.__NVIC_GetPriorityGrouping
                0x0000000008003710       0x1c Drivers/STM32G4xx_HAL_Driver/Src/stm32g4xx_hal_cortex.o
 .text.__NVIC_SetPriority
                0x000000000800372c       0x54 Drivers/STM32G4xx_HAL_Driver/Src/stm32g4xx_hal_cortex.o
 .text.NVIC_EncodePriority
                0x0000000008003780       0x66 Drivers/STM32G4xx_HAL_Driver/Src/stm32g4xx_hal_cortex.o
 *fill*         0x00000000080037e6        0x2 
 .text.SysTick_Config
                0x00000000080037e8       0x44 Drivers/STM32G4xx_HAL_Driver/Src/stm32g4xx_hal_cortex.o
 .text.HAL_NVIC_SetPriorityGrouping
                0x000000000800382c       0x16 Drivers/STM32G4xx_HAL_Driver/Src/stm32g4xx_hal_cortex.o
                0x000000000800382c                HAL_NVIC_SetPriorityGrouping
 .text.HAL_NVIC_SetPriority
                0x0000000008003842       0x34 Drivers/STM32G4xx_HAL_Driver/Src/stm32g4xx_hal_cortex.o
                0x0000000008003842                HAL_NVIC_SetPriority
 .text.HAL_SYSTICK_Config
                0x0000000008003876       0x18 Drivers/STM32G4xx_HAL_Driver/Src/stm32g4xx_hal_cortex.o
                0x0000000008003876                HAL_SYSTICK_Config
 *fill*         0x000000000800388e        0x2 
 .text.HAL_GPIO_Init
                0x0000000008003890      0x304 Drivers/STM32G4xx_HAL_Driver/Src/stm32g4xx_hal_gpio.o
                0x0000000008003890                HAL_GPIO_Init
 .text.HAL_GPIO_WritePin
                0x0000000008003b94       0x30 Drivers/STM32G4xx_HAL_Driver/Src/stm32g4xx_hal_gpio.o
                0x0000000008003b94                HAL_GPIO_WritePin
 .text.HAL_I2C_Init
                0x0000000008003bc4      0x11e Drivers/STM32G4xx_HAL_Driver/Src/stm32g4xx_hal_i2c.o
                0x0000000008003bc4                HAL_I2C_Init
 .text.HAL_I2CEx_ConfigAnalogFilter
                0x0000000008003ce2       0x96 Drivers/STM32G4xx_HAL_Driver/Src/stm32g4xx_hal_i2c_ex.o
                0x0000000008003ce2                HAL_I2CEx_ConfigAnalogFilter
 .text.HAL_I2CEx_ConfigDigitalFilter
                0x0000000008003d78       0x98 Drivers/STM32G4xx_HAL_Driver/Src/stm32g4xx_hal_i2c_ex.o
                0x0000000008003d78                HAL_I2CEx_ConfigDigitalFilter
 .text.HAL_PWREx_ControlVoltageScaling
                0x0000000008003e10      0x148 Drivers/STM32G4xx_HAL_Driver/Src/stm32g4xx_hal_pwr_ex.o
                0x0000000008003e10                HAL_PWREx_ControlVoltageScaling
 .text.HAL_PWREx_DisableUCPDDeadBattery
                0x0000000008003f58       0x20 Drivers/STM32G4xx_HAL_Driver/Src/stm32g4xx_hal_pwr_ex.o
                0x0000000008003f58                HAL_PWREx_DisableUCPDDeadBattery
 .text.HAL_RCC_OscConfig
                0x0000000008003f78      0x630 Drivers/STM32G4xx_HAL_Driver/Src/stm32g4xx_hal_rcc.o
                0x0000000008003f78                HAL_RCC_OscConfig
 .text.HAL_RCC_ClockConfig
                0x00000000080045a8      0x278 Drivers/STM32G4xx_HAL_Driver/Src/stm32g4xx_hal_rcc.o
                0x00000000080045a8                HAL_RCC_ClockConfig
 .text.HAL_RCC_GetSysClockFreq
                0x0000000008004820       0xc4 Drivers/STM32G4xx_HAL_Driver/Src/stm32g4xx_hal_rcc.o
                0x0000000008004820                HAL_RCC_GetSysClockFreq
 .text.HAL_RCC_GetHCLKFreq
                0x00000000080048e4       0x18 Drivers/STM32G4xx_HAL_Driver/Src/stm32g4xx_hal_rcc.o
                0x00000000080048e4                HAL_RCC_GetHCLKFreq
 .text.HAL_RCC_GetPCLK1Freq
                0x00000000080048fc       0x2c Drivers/STM32G4xx_HAL_Driver/Src/stm32g4xx_hal_rcc.o
                0x00000000080048fc                HAL_RCC_GetPCLK1Freq
 .text.HAL_RCC_GetPCLK2Freq
                0x0000000008004928       0x2c Drivers/STM32G4xx_HAL_Driver/Src/stm32g4xx_hal_rcc.o
                0x0000000008004928                HAL_RCC_GetPCLK2Freq
 .text.RCC_GetSysClockFreqFromPLLSource
                0x0000000008004954       0x8c Drivers/STM32G4xx_HAL_Driver/Src/stm32g4xx_hal_rcc.o
 .text.HAL_RCCEx_PeriphCLKConfig
                0x00000000080049e0      0x3e0 Drivers/STM32G4xx_HAL_Driver/Src/stm32g4xx_hal_rcc_ex.o
                0x00000000080049e0                HAL_RCCEx_PeriphCLKConfig
 .text.HAL_TIM_Base_Init
                0x0000000008004dc0       0xae Drivers/STM32G4xx_HAL_Driver/Src/stm32g4xx_hal_tim.o
                0x0000000008004dc0                HAL_TIM_Base_Init
 .text.HAL_TIM_PWM_Init
                0x0000000008004e6e       0xae Drivers/STM32G4xx_HAL_Driver/Src/stm32g4xx_hal_tim.o
                0x0000000008004e6e                HAL_TIM_PWM_Init
 .text.HAL_TIM_PWM_ConfigChannel
                0x0000000008004f1c      0x220 Drivers/STM32G4xx_HAL_Driver/Src/stm32g4xx_hal_tim.o
                0x0000000008004f1c                HAL_TIM_PWM_ConfigChannel
 .text.TIM_Base_SetConfig
                0x000000000800513c      0x120 Drivers/STM32G4xx_HAL_Driver/Src/stm32g4xx_hal_tim.o
                0x000000000800513c                TIM_Base_SetConfig
 .text.TIM_OC1_SetConfig
                0x000000000800525c      0x120 Drivers/STM32G4xx_HAL_Driver/Src/stm32g4xx_hal_tim.o
 .text.TIM_OC2_SetConfig
                0x000000000800537c      0x114 Drivers/STM32G4xx_HAL_Driver/Src/stm32g4xx_hal_tim.o
                0x000000000800537c                TIM_OC2_SetConfig
 .text.TIM_OC3_SetConfig
                0x0000000008005490      0x110 Drivers/STM32G4xx_HAL_Driver/Src/stm32g4xx_hal_tim.o
 .text.TIM_OC4_SetConfig
                0x00000000080055a0      0x114 Drivers/STM32G4xx_HAL_Driver/Src/stm32g4xx_hal_tim.o
 .text.TIM_OC5_SetConfig
                0x00000000080056b4       0xc8 Drivers/STM32G4xx_HAL_Driver/Src/stm32g4xx_hal_tim.o
 .text.TIM_OC6_SetConfig
                0x000000000800577c       0xcc Drivers/STM32G4xx_HAL_Driver/Src/stm32g4xx_hal_tim.o
 .text.HAL_TIMEx_MasterConfigSynchronization
                0x0000000008005848      0x104 Drivers/STM32G4xx_HAL_Driver/Src/stm32g4xx_hal_tim_ex.o
                0x0000000008005848                HAL_TIMEx_MasterConfigSynchronization
 .text.HAL_TIMEx_ConfigBreakDeadTime
                0x000000000800594c      0x140 Drivers/STM32G4xx_HAL_Driver/Src/stm32g4xx_hal_tim_ex.o
                0x000000000800594c                HAL_TIMEx_ConfigBreakDeadTime
 .text.HAL_USART_Init
                0x0000000008005a8c       0x94 Drivers/STM32G4xx_HAL_Driver/Src/stm32g4xx_hal_usart.o
                0x0000000008005a8c                HAL_USART_Init
 .text.HAL_USART_Transmit
                0x0000000008005b20      0x152 Drivers/STM32G4xx_HAL_Driver/Src/stm32g4xx_hal_usart.o
                0x0000000008005b20                HAL_USART_Transmit
 .text.HAL_USART_Receive
                0x0000000008005c72      0x1d2 Drivers/STM32G4xx_HAL_Driver/Src/stm32g4xx_hal_usart.o
                0x0000000008005c72                HAL_USART_Receive
 .text.USART_WaitOnFlagUntilTimeout
                0x0000000008005e44       0x6c Drivers/STM32G4xx_HAL_Driver/Src/stm32g4xx_hal_usart.o
 .text.USART_SetConfig
                0x0000000008005eb0      0x608 Drivers/STM32G4xx_HAL_Driver/Src/stm32g4xx_hal_usart.o
 .text.USART_CheckIdleState
                0x00000000080064b8       0x86 Drivers/STM32G4xx_HAL_Driver/Src/stm32g4xx_hal_usart.o
 .text.HAL_USARTEx_DisableFifoMode
                0x000000000800653e       0x72 Drivers/STM32G4xx_HAL_Driver/Src/stm32g4xx_hal_usart_ex.o
                0x000000000800653e                HAL_USARTEx_DisableFifoMode
 .text.HAL_USARTEx_SetTxFifoThreshold
                0x00000000080065b0       0x7c Drivers/STM32G4xx_HAL_Driver/Src/stm32g4xx_hal_usart_ex.o
                0x00000000080065b0                HAL_USARTEx_SetTxFifoThreshold
 .text.HAL_USARTEx_SetRxFifoThreshold
                0x000000000800662c       0x7c Drivers/STM32G4xx_HAL_Driver/Src/stm32g4xx_hal_usart_ex.o
                0x000000000800662c                HAL_USARTEx_SetRxFifoThreshold
 .text.USARTEx_SetNbDataToProcess
                0x00000000080066a8       0xc8 Drivers/STM32G4xx_HAL_Driver/Src/stm32g4xx_hal_usart_ex.o
 .text.SVC_Setup
                0x0000000008006770        0xe Middlewares/Third_Party/FreeRTOS/Source/CMSIS_RTOS_V2/cmsis_os2.o
 *fill*         0x000000000800677e        0x2 
 .text.osKernelInitialize
                0x0000000008006780       0x68 Middlewares/Third_Party/FreeRTOS/Source/CMSIS_RTOS_V2/cmsis_os2.o
                0x0000000008006780                osKernelInitialize
 .text.osKernelStart
                0x00000000080067e8       0x6c Middlewares/Third_Party/FreeRTOS/Source/CMSIS_RTOS_V2/cmsis_os2.o
                0x00000000080067e8                osKernelStart
 .text.osThreadNew
                0x0000000008006854      0x14c Middlewares/Third_Party/FreeRTOS/Source/CMSIS_RTOS_V2/cmsis_os2.o
                0x0000000008006854                osThreadNew
 .text.osDelay  0x00000000080069a0       0x5c Middlewares/Third_Party/FreeRTOS/Source/CMSIS_RTOS_V2/cmsis_os2.o
                0x00000000080069a0                osDelay
 .text.vApplicationGetIdleTaskMemory
                0x00000000080069fc       0x34 Middlewares/Third_Party/FreeRTOS/Source/CMSIS_RTOS_V2/cmsis_os2.o
                0x00000000080069fc                vApplicationGetIdleTaskMemory
 .text.vApplicationGetTimerTaskMemory
                0x0000000008006a30       0x34 Middlewares/Third_Party/FreeRTOS/Source/CMSIS_RTOS_V2/cmsis_os2.o
                0x0000000008006a30                vApplicationGetTimerTaskMemory
 .text.vListInitialise
                0x0000000008006a64       0x40 Middlewares/Third_Party/FreeRTOS/Source/list.o
                0x0000000008006a64                vListInitialise
 .text.vListInitialiseItem
                0x0000000008006aa4       0x1a Middlewares/Third_Party/FreeRTOS/Source/list.o
                0x0000000008006aa4                vListInitialiseItem
 .text.vListInsertEnd
                0x0000000008006abe       0x48 Middlewares/Third_Party/FreeRTOS/Source/list.o
                0x0000000008006abe                vListInsertEnd
 .text.vListInsert
                0x0000000008006b06       0x72 Middlewares/Third_Party/FreeRTOS/Source/list.o
                0x0000000008006b06                vListInsert
 .text.uxListRemove
                0x0000000008006b78       0x54 Middlewares/Third_Party/FreeRTOS/Source/list.o
                0x0000000008006b78                uxListRemove
 .text.xQueueGenericReset
                0x0000000008006bcc       0xd0 Middlewares/Third_Party/FreeRTOS/Source/queue.o
                0x0000000008006bcc                xQueueGenericReset
 .text.xQueueGenericCreateStatic
                0x0000000008006c9c       0xe6 Middlewares/Third_Party/FreeRTOS/Source/queue.o
                0x0000000008006c9c                xQueueGenericCreateStatic
 .text.prvInitialiseNewQueue
                0x0000000008006d82       0x46 Middlewares/Third_Party/FreeRTOS/Source/queue.o
 .text.xQueueGenericSend
                0x0000000008006dc8      0x1f4 Middlewares/Third_Party/FreeRTOS/Source/queue.o
                0x0000000008006dc8                xQueueGenericSend
 .text.xQueueGenericSendFromISR
                0x0000000008006fbc      0x128 Middlewares/Third_Party/FreeRTOS/Source/queue.o
                0x0000000008006fbc                xQueueGenericSendFromISR
 .text.xQueueReceive
                0x00000000080070e4      0x1b8 Middlewares/Third_Party/FreeRTOS/Source/queue.o
                0x00000000080070e4                xQueueReceive
 .text.prvCopyDataToQueue
                0x000000000800729c       0xd4 Middlewares/Third_Party/FreeRTOS/Source/queue.o
 .text.prvCopyDataFromQueue
                0x0000000008007370       0x4c Middlewares/Third_Party/FreeRTOS/Source/queue.o
 .text.prvUnlockQueue
                0x00000000080073bc       0xa4 Middlewares/Third_Party/FreeRTOS/Source/queue.o
 .text.prvIsQueueEmpty
                0x0000000008007460       0x2c Middlewares/Third_Party/FreeRTOS/Source/queue.o
 .text.prvIsQueueFull
                0x000000000800748c       0x30 Middlewares/Third_Party/FreeRTOS/Source/queue.o
 .text.vQueueAddToRegistry
                0x00000000080074bc       0x50 Middlewares/Third_Party/FreeRTOS/Source/queue.o
                0x00000000080074bc                vQueueAddToRegistry
 .text.vQueueWaitForMessageRestricted
                0x000000000800750c       0x68 Middlewares/Third_Party/FreeRTOS/Source/queue.o
                0x000000000800750c                vQueueWaitForMessageRestricted
 .text.xTaskCreateStatic
                0x0000000008007574       0xb4 Middlewares/Third_Party/FreeRTOS/Source/tasks.o
                0x0000000008007574                xTaskCreateStatic
 .text.xTaskCreate
                0x0000000008007628       0x8a Middlewares/Third_Party/FreeRTOS/Source/tasks.o
                0x0000000008007628                xTaskCreate
 .text.prvInitialiseNewTask
                0x00000000080076b2      0x11c Middlewares/Third_Party/FreeRTOS/Source/tasks.o
 *fill*         0x00000000080077ce        0x2 
 .text.prvAddNewTaskToReadyList
                0x00000000080077d0       0xe0 Middlewares/Third_Party/FreeRTOS/Source/tasks.o
 .text.vTaskDelay
                0x00000000080078b0       0x68 Middlewares/Third_Party/FreeRTOS/Source/tasks.o
                0x00000000080078b0                vTaskDelay
 .text.vTaskStartScheduler
                0x0000000008007918       0xc8 Middlewares/Third_Party/FreeRTOS/Source/tasks.o
                0x0000000008007918                vTaskStartScheduler
 .text.vTaskSuspendAll
                0x00000000080079e0       0x1c Middlewares/Third_Party/FreeRTOS/Source/tasks.o
                0x00000000080079e0                vTaskSuspendAll
 .text.xTaskResumeAll
                0x00000000080079fc      0x138 Middlewares/Third_Party/FreeRTOS/Source/tasks.o
                0x00000000080079fc                xTaskResumeAll
 .text.xTaskGetTickCount
                0x0000000008007b34       0x20 Middlewares/Third_Party/FreeRTOS/Source/tasks.o
                0x0000000008007b34                xTaskGetTickCount
 .text.xTaskIncrementTick
                0x0000000008007b54      0x170 Middlewares/Third_Party/FreeRTOS/Source/tasks.o
                0x0000000008007b54                xTaskIncrementTick
 .text.vTaskSwitchContext
                0x0000000008007cc4       0xb8 Middlewares/Third_Party/FreeRTOS/Source/tasks.o
                0x0000000008007cc4                vTaskSwitchContext
 .text.vTaskPlaceOnEventList
                0x0000000008007d7c       0x48 Middlewares/Third_Party/FreeRTOS/Source/tasks.o
                0x0000000008007d7c                vTaskPlaceOnEventList
 .text.vTaskPlaceOnEventListRestricted
                0x0000000008007dc4       0x54 Middlewares/Third_Party/FreeRTOS/Source/tasks.o
                0x0000000008007dc4                vTaskPlaceOnEventListRestricted
 .text.xTaskRemoveFromEventList
                0x0000000008007e18       0xc4 Middlewares/Third_Party/FreeRTOS/Source/tasks.o
                0x0000000008007e18                xTaskRemoveFromEventList
 .text.vTaskInternalSetTimeOutState
                0x0000000008007edc       0x2c Middlewares/Third_Party/FreeRTOS/Source/tasks.o
                0x0000000008007edc                vTaskInternalSetTimeOutState
 .text.xTaskCheckForTimeOut
                0x0000000008007f08       0xc0 Middlewares/Third_Party/FreeRTOS/Source/tasks.o
                0x0000000008007f08                xTaskCheckForTimeOut
 .text.vTaskMissedYield
                0x0000000008007fc8       0x18 Middlewares/Third_Party/FreeRTOS/Source/tasks.o
                0x0000000008007fc8                vTaskMissedYield
 .text.prvIdleTask
                0x0000000008007fe0       0x30 Middlewares/Third_Party/FreeRTOS/Source/tasks.o
 .text.prvInitialiseTaskLists
                0x0000000008008010       0x80 Middlewares/Third_Party/FreeRTOS/Source/tasks.o
 .text.prvCheckTasksWaitingTermination
                0x0000000008008090       0x58 Middlewares/Third_Party/FreeRTOS/Source/tasks.o
 .text.prvDeleteTCB
                0x00000000080080e8       0x5c Middlewares/Third_Party/FreeRTOS/Source/tasks.o
 .text.prvResetNextTaskUnblockTime
                0x0000000008008144       0x40 Middlewares/Third_Party/FreeRTOS/Source/tasks.o
 .text.xTaskGetSchedulerState
                0x0000000008008184       0x3c Middlewares/Third_Party/FreeRTOS/Source/tasks.o
                0x0000000008008184                xTaskGetSchedulerState
 .text.xTaskPriorityDisinherit
                0x00000000080081c0       0xd8 Middlewares/Third_Party/FreeRTOS/Source/tasks.o
                0x00000000080081c0                xTaskPriorityDisinherit
 .text.prvAddCurrentTaskToDelayedList
                0x0000000008008298       0xa8 Middlewares/Third_Party/FreeRTOS/Source/tasks.o
 .text.xTimerCreateTimerTask
                0x0000000008008340       0x90 Middlewares/Third_Party/FreeRTOS/Source/timers.o
                0x0000000008008340                xTimerCreateTimerTask
 .text.xTimerGenericCommand
                0x00000000080083d0       0x98 Middlewares/Third_Party/FreeRTOS/Source/timers.o
                0x00000000080083d0                xTimerGenericCommand
 .text.prvProcessExpiredTimer
                0x0000000008008468       0x98 Middlewares/Third_Party/FreeRTOS/Source/timers.o
 .text.prvTimerTask
                0x0000000008008500       0x24 Middlewares/Third_Party/FreeRTOS/Source/timers.o
 .text.prvProcessTimerOrBlockTask
                0x0000000008008524       0x9c Middlewares/Third_Party/FreeRTOS/Source/timers.o
 .text.prvGetNextExpireTime
                0x00000000080085c0       0x48 Middlewares/Third_Party/FreeRTOS/Source/timers.o
 .text.prvSampleTimeNow
                0x0000000008008608       0x40 Middlewares/Third_Party/FreeRTOS/Source/timers.o
 .text.prvInsertTimerInActiveList
                0x0000000008008648       0x84 Middlewares/Third_Party/FreeRTOS/Source/timers.o
 .text.prvProcessReceivedCommands
                0x00000000080086cc      0x1b8 Middlewares/Third_Party/FreeRTOS/Source/timers.o
 .text.prvSwitchTimerLists
                0x0000000008008884       0xc8 Middlewares/Third_Party/FreeRTOS/Source/timers.o
 .text.prvCheckForValidListAndQueue
                0x000000000800894c       0x80 Middlewares/Third_Party/FreeRTOS/Source/timers.o
 .text.pxPortInitialiseStack
                0x00000000080089cc       0x68 Middlewares/Third_Party/FreeRTOS/Source/portable/GCC/ARM_CM4F/port.o
                0x00000000080089cc                pxPortInitialiseStack
 .text.prvTaskExitError
                0x0000000008008a34       0x54 Middlewares/Third_Party/FreeRTOS/Source/portable/GCC/ARM_CM4F/port.o
 *fill*         0x0000000008008a88        0x8 
 .text.SVC_Handler
                0x0000000008008a90       0x28 Middlewares/Third_Party/FreeRTOS/Source/portable/GCC/ARM_CM4F/port.o
                0x0000000008008a90                SVC_Handler
 .text.prvPortStartFirstTask
                0x0000000008008ab8       0x28 Middlewares/Third_Party/FreeRTOS/Source/portable/GCC/ARM_CM4F/port.o
 .text.xPortStartScheduler
                0x0000000008008ae0      0x13c Middlewares/Third_Party/FreeRTOS/Source/portable/GCC/ARM_CM4F/port.o
                0x0000000008008ae0                xPortStartScheduler
 .text.vPortEnterCritical
                0x0000000008008c1c       0x5c Middlewares/Third_Party/FreeRTOS/Source/portable/GCC/ARM_CM4F/port.o
                0x0000000008008c1c                vPortEnterCritical
 .text.vPortExitCritical
                0x0000000008008c78       0x50 Middlewares/Third_Party/FreeRTOS/Source/portable/GCC/ARM_CM4F/port.o
                0x0000000008008c78                vPortExitCritical
 *fill*         0x0000000008008cc8        0x8 
 .text.PendSV_Handler
                0x0000000008008cd0       0x68 Middlewares/Third_Party/FreeRTOS/Source/portable/GCC/ARM_CM4F/port.o
                0x0000000008008cd0                PendSV_Handler
 .text.xPortSysTickHandler
                0x0000000008008d38       0x40 Middlewares/Third_Party/FreeRTOS/Source/portable/GCC/ARM_CM4F/port.o
                0x0000000008008d38                xPortSysTickHandler
 .text.vPortSetupTimerInterrupt
                0x0000000008008d78       0x48 Middlewares/Third_Party/FreeRTOS/Source/portable/GCC/ARM_CM4F/port.o
                0x0000000008008d78                vPortSetupTimerInterrupt
 .text.vPortEnableVFP
                0x0000000008008dc0       0x14 Middlewares/Third_Party/FreeRTOS/Source/portable/GCC/ARM_CM4F/port.o
 .text.vPortValidateInterruptPriority
                0x0000000008008dd4       0x7c Middlewares/Third_Party/FreeRTOS/Source/portable/GCC/ARM_CM4F/port.o
                0x0000000008008dd4                vPortValidateInterruptPriority
 .text.pvPortMalloc
                0x0000000008008e50      0x184 Middlewares/Third_Party/FreeRTOS/Source/portable/MemMang/heap_4.o
                0x0000000008008e50                pvPortMalloc
 .text.vPortFree
                0x0000000008008fd4       0xb0 Middlewares/Third_Party/FreeRTOS/Source/portable/MemMang/heap_4.o
                0x0000000008008fd4                vPortFree
 .text.prvHeapInit
                0x0000000008009084       0xc4 Middlewares/Third_Party/FreeRTOS/Source/portable/MemMang/heap_4.o
 .text.prvInsertBlockIntoFreeList
                0x0000000008009148       0xb4 Middlewares/Third_Party/FreeRTOS/Source/portable/MemMang/heap_4.o
 .text.__cxa_pure_virtual
                0x00000000080091fc        0x6 /opt/st/stm32cubeide_1.4.0/plugins/com.st.stm32cube.ide.mcu.externaltools.gnu-tools-for-stm32.7-2018-q2-update.linux64_1.4.0.202007081208/tools/bin/../lib/gcc/arm-none-eabi/7.3.1/../../../../arm-none-eabi/lib/thumb/v7e-m/fpv4-sp/hard/libstdc++_nano.a(pure.o)
                0x00000000080091fc                __cxa_pure_virtual
 .text._ZN10__cxxabiv111__terminateEPFvvE
                0x0000000008009202        0x8 /opt/st/stm32cubeide_1.4.0/plugins/com.st.stm32cube.ide.mcu.externaltools.gnu-tools-for-stm32.7-2018-q2-update.linux64_1.4.0.202007081208/tools/bin/../lib/gcc/arm-none-eabi/7.3.1/../../../../arm-none-eabi/lib/thumb/v7e-m/fpv4-sp/hard/libstdc++_nano.a(eh_terminate.o)
                0x0000000008009202                __cxxabiv1::__terminate(void (*)())
 *fill*         0x000000000800920a        0x2 
 .text._ZSt13get_terminatev
                0x000000000800920c       0x10 /opt/st/stm32cubeide_1.4.0/plugins/com.st.stm32cube.ide.mcu.externaltools.gnu-tools-for-stm32.7-2018-q2-update.linux64_1.4.0.202007081208/tools/bin/../lib/gcc/arm-none-eabi/7.3.1/../../../../arm-none-eabi/lib/thumb/v7e-m/fpv4-sp/hard/libstdc++_nano.a(eh_terminate.o)
                0x000000000800920c                std::get_terminate()
 .text._ZSt9terminatev
                0x000000000800921c        0xa /opt/st/stm32cubeide_1.4.0/plugins/com.st.stm32cube.ide.mcu.externaltools.gnu-tools-for-stm32.7-2018-q2-update.linux64_1.4.0.202007081208/tools/bin/../lib/gcc/arm-none-eabi/7.3.1/../../../../arm-none-eabi/lib/thumb/v7e-m/fpv4-sp/hard/libstdc++_nano.a(eh_terminate.o)
                0x000000000800921c                std::terminate()
 .text.abort    0x0000000008009226        0xe /opt/st/stm32cubeide_1.4.0/plugins/com.st.stm32cube.ide.mcu.externaltools.gnu-tools-for-stm32.7-2018-q2-update.linux64_1.4.0.202007081208/tools/bin/../lib/gcc/arm-none-eabi/7.3.1/../../../../arm-none-eabi/lib/thumb/v7e-m/fpv4-sp/hard/libc_nano.a(lib_a-abort.o)
                0x0000000008009226                abort
 .text.__errno  0x0000000008009234        0xc /opt/st/stm32cubeide_1.4.0/plugins/com.st.stm32cube.ide.mcu.externaltools.gnu-tools-for-stm32.7-2018-q2-update.linux64_1.4.0.202007081208/tools/bin/../lib/gcc/arm-none-eabi/7.3.1/../../../../arm-none-eabi/lib/thumb/v7e-m/fpv4-sp/hard/libc_nano.a(lib_a-errno.o)
                0x0000000008009234                __errno
 .text.__libc_init_array
                0x0000000008009240       0x48 /opt/st/stm32cubeide_1.4.0/plugins/com.st.stm32cube.ide.mcu.externaltools.gnu-tools-for-stm32.7-2018-q2-update.linux64_1.4.0.202007081208/tools/bin/../lib/gcc/arm-none-eabi/7.3.1/../../../../arm-none-eabi/lib/thumb/v7e-m/fpv4-sp/hard/libc_nano.a(lib_a-init.o)
                0x0000000008009240                __libc_init_array
 .text.memcpy   0x0000000008009288       0x16 /opt/st/stm32cubeide_1.4.0/plugins/com.st.stm32cube.ide.mcu.externaltools.gnu-tools-for-stm32.7-2018-q2-update.linux64_1.4.0.202007081208/tools/bin/../lib/gcc/arm-none-eabi/7.3.1/../../../../arm-none-eabi/lib/thumb/v7e-m/fpv4-sp/hard/libc_nano.a(lib_a-memcpy-stub.o)
                0x0000000008009288                memcpy
 .text.memset   0x000000000800929e       0x10 /opt/st/stm32cubeide_1.4.0/plugins/com.st.stm32cube.ide.mcu.externaltools.gnu-tools-for-stm32.7-2018-q2-update.linux64_1.4.0.202007081208/tools/bin/../lib/gcc/arm-none-eabi/7.3.1/../../../../arm-none-eabi/lib/thumb/v7e-m/fpv4-sp/hard/libc_nano.a(lib_a-memset.o)
                0x000000000800929e                memset
 *fill*         0x00000000080092ae        0x2 
 .text.realloc  0x00000000080092b0       0x10 /opt/st/stm32cubeide_1.4.0/plugins/com.st.stm32cube.ide.mcu.externaltools.gnu-tools-for-stm32.7-2018-q2-update.linux64_1.4.0.202007081208/tools/bin/../lib/gcc/arm-none-eabi/7.3.1/../../../../arm-none-eabi/lib/thumb/v7e-m/fpv4-sp/hard/libc_nano.a(lib_a-realloc.o)
                0x00000000080092b0                realloc
 .text._raise_r
                0x00000000080092c0       0x50 /opt/st/stm32cubeide_1.4.0/plugins/com.st.stm32cube.ide.mcu.externaltools.gnu-tools-for-stm32.7-2018-q2-update.linux64_1.4.0.202007081208/tools/bin/../lib/gcc/arm-none-eabi/7.3.1/../../../../arm-none-eabi/lib/thumb/v7e-m/fpv4-sp/hard/libc_nano.a(lib_a-signal.o)
                0x00000000080092c0                _raise_r
 .text.raise    0x0000000008009310       0x10 /opt/st/stm32cubeide_1.4.0/plugins/com.st.stm32cube.ide.mcu.externaltools.gnu-tools-for-stm32.7-2018-q2-update.linux64_1.4.0.202007081208/tools/bin/../lib/gcc/arm-none-eabi/7.3.1/../../../../arm-none-eabi/lib/thumb/v7e-m/fpv4-sp/hard/libc_nano.a(lib_a-signal.o)
                0x0000000008009310                raise
 .text._kill_r  0x0000000008009320       0x24 /opt/st/stm32cubeide_1.4.0/plugins/com.st.stm32cube.ide.mcu.externaltools.gnu-tools-for-stm32.7-2018-q2-update.linux64_1.4.0.202007081208/tools/bin/../lib/gcc/arm-none-eabi/7.3.1/../../../../arm-none-eabi/lib/thumb/v7e-m/fpv4-sp/hard/libc_nano.a(lib_a-signalr.o)
                0x0000000008009320                _kill_r
 .text._getpid_r
                0x0000000008009344        0x4 /opt/st/stm32cubeide_1.4.0/plugins/com.st.stm32cube.ide.mcu.externaltools.gnu-tools-for-stm32.7-2018-q2-update.linux64_1.4.0.202007081208/tools/bin/../lib/gcc/arm-none-eabi/7.3.1/../../../../arm-none-eabi/lib/thumb/v7e-m/fpv4-sp/hard/libc_nano.a(lib_a-signalr.o)
                0x0000000008009344                _getpid_r
 .text._malloc_r
                0x0000000008009348       0xb4 /opt/st/stm32cubeide_1.4.0/plugins/com.st.stm32cube.ide.mcu.externaltools.gnu-tools-for-stm32.7-2018-q2-update.linux64_1.4.0.202007081208/tools/bin/../lib/gcc/arm-none-eabi/7.3.1/../../../../arm-none-eabi/lib/thumb/v7e-m/fpv4-sp/hard/libc_nano.a(lib_a-nano-mallocr.o)
                0x0000000008009348                _malloc_r
 .text._realloc_r
                0x00000000080093fc       0x4c /opt/st/stm32cubeide_1.4.0/plugins/com.st.stm32cube.ide.mcu.externaltools.gnu-tools-for-stm32.7-2018-q2-update.linux64_1.4.0.202007081208/tools/bin/../lib/gcc/arm-none-eabi/7.3.1/../../../../arm-none-eabi/lib/thumb/v7e-m/fpv4-sp/hard/libc_nano.a(lib_a-nano-reallocr.o)
                0x00000000080093fc                _realloc_r
 .text._sbrk_r  0x0000000008009448       0x20 /opt/st/stm32cubeide_1.4.0/plugins/com.st.stm32cube.ide.mcu.externaltools.gnu-tools-for-stm32.7-2018-q2-update.linux64_1.4.0.202007081208/tools/bin/../lib/gcc/arm-none-eabi/7.3.1/../../../../arm-none-eabi/lib/thumb/v7e-m/fpv4-sp/hard/libc_nano.a(lib_a-sbrkr.o)
                0x0000000008009448                _sbrk_r
 .text.__malloc_lock
                0x0000000008009468        0x2 /opt/st/stm32cubeide_1.4.0/plugins/com.st.stm32cube.ide.mcu.externaltools.gnu-tools-for-stm32.7-2018-q2-update.linux64_1.4.0.202007081208/tools/bin/../lib/gcc/arm-none-eabi/7.3.1/../../../../arm-none-eabi/lib/thumb/v7e-m/fpv4-sp/hard/libc_nano.a(lib_a-mlock.o)
                0x0000000008009468                __malloc_lock
 .text.__malloc_unlock
                0x000000000800946a        0x2 /opt/st/stm32cubeide_1.4.0/plugins/com.st.stm32cube.ide.mcu.externaltools.gnu-tools-for-stm32.7-2018-q2-update.linux64_1.4.0.202007081208/tools/bin/../lib/gcc/arm-none-eabi/7.3.1/../../../../arm-none-eabi/lib/thumb/v7e-m/fpv4-sp/hard/libc_nano.a(lib_a-mlock.o)
                0x000000000800946a                __malloc_unlock
 .text._free_r  0x000000000800946c       0x9c /opt/st/stm32cubeide_1.4.0/plugins/com.st.stm32cube.ide.mcu.externaltools.gnu-tools-for-stm32.7-2018-q2-update.linux64_1.4.0.202007081208/tools/bin/../lib/gcc/arm-none-eabi/7.3.1/../../../../arm-none-eabi/lib/thumb/v7e-m/fpv4-sp/hard/libc_nano.a(lib_a-nano-freer.o)
                0x000000000800946c                _free_r
 .text._malloc_usable_size_r
                0x0000000008009508       0x10 /opt/st/stm32cubeide_1.4.0/plugins/com.st.stm32cube.ide.mcu.externaltools.gnu-tools-for-stm32.7-2018-q2-update.linux64_1.4.0.202007081208/tools/bin/../lib/gcc/arm-none-eabi/7.3.1/../../../../arm-none-eabi/lib/thumb/v7e-m/fpv4-sp/hard/libc_nano.a(lib_a-nano-msizer.o)
                0x0000000008009508                _malloc_usable_size_r
 *(.glue_7)
 .glue_7        0x0000000008009518        0x0 linker stubs
 *(.glue_7t)
 .glue_7t       0x0000000008009518        0x0 linker stubs
 *(.eh_frame)
 .eh_frame      0x0000000008009518        0x0 /opt/st/stm32cubeide_1.4.0/plugins/com.st.stm32cube.ide.mcu.externaltools.gnu-tools-for-stm32.7-2018-q2-update.linux64_1.4.0.202007081208/tools/bin/../lib/gcc/arm-none-eabi/7.3.1/thumb/v7e-m/fpv4-sp/hard/crtbegin.o
 *(.init)
 .init          0x0000000008009518        0x4 /opt/st/stm32cubeide_1.4.0/plugins/com.st.stm32cube.ide.mcu.externaltools.gnu-tools-for-stm32.7-2018-q2-update.linux64_1.4.0.202007081208/tools/bin/../lib/gcc/arm-none-eabi/7.3.1/thumb/v7e-m/fpv4-sp/hard/crti.o
                0x0000000008009518                _init
 .init          0x000000000800951c        0x8 /opt/st/stm32cubeide_1.4.0/plugins/com.st.stm32cube.ide.mcu.externaltools.gnu-tools-for-stm32.7-2018-q2-update.linux64_1.4.0.202007081208/tools/bin/../lib/gcc/arm-none-eabi/7.3.1/thumb/v7e-m/fpv4-sp/hard/crtn.o
 *(.fini)
 .fini          0x0000000008009524        0x4 /opt/st/stm32cubeide_1.4.0/plugins/com.st.stm32cube.ide.mcu.externaltools.gnu-tools-for-stm32.7-2018-q2-update.linux64_1.4.0.202007081208/tools/bin/../lib/gcc/arm-none-eabi/7.3.1/thumb/v7e-m/fpv4-sp/hard/crti.o
                0x0000000008009524                _fini
 .fini          0x0000000008009528        0x8 /opt/st/stm32cubeide_1.4.0/plugins/com.st.stm32cube.ide.mcu.externaltools.gnu-tools-for-stm32.7-2018-q2-update.linux64_1.4.0.202007081208/tools/bin/../lib/gcc/arm-none-eabi/7.3.1/thumb/v7e-m/fpv4-sp/hard/crtn.o
                0x0000000008009530                . = ALIGN (0x4)
                0x0000000008009530                _etext = .

.vfp11_veneer   0x0000000008009530        0x0
 .vfp11_veneer  0x0000000008009530        0x0 linker stubs

.v4_bx          0x0000000008009530        0x0
 .v4_bx         0x0000000008009530        0x0 linker stubs

.iplt           0x0000000008009530        0x0
 .iplt          0x0000000008009530        0x0 /opt/st/stm32cubeide_1.4.0/plugins/com.st.stm32cube.ide.mcu.externaltools.gnu-tools-for-stm32.7-2018-q2-update.linux64_1.4.0.202007081208/tools/bin/../lib/gcc/arm-none-eabi/7.3.1/thumb/v7e-m/fpv4-sp/hard/crtbegin.o

.rodata         0x0000000008009530      0x32c
                0x0000000008009530                . = ALIGN (0x4)
 *(.rodata)
 .rodata        0x0000000008009530      0x18e Core/Src/main.o
 *fill*         0x00000000080096be        0x2 
 .rodata        0x00000000080096c0       0x10 Drivers/STM32G4xx_HAL_Driver/Src/stm32g4xx_hal_usart_ex.o
 .rodata        0x00000000080096d0        0x5 Middlewares/Third_Party/FreeRTOS/Source/tasks.o
 *fill*         0x00000000080096d5        0x3 
 .rodata        0x00000000080096d8        0xd Middlewares/Third_Party/FreeRTOS/Source/timers.o
 *(.rodata*)
 *fill*         0x00000000080096e5        0x3 
 .rodata.SERVO_CfgParam
                0x00000000080096e8       0x40 Core/Src/Servo/Servo_cfg.o
                0x00000000080096e8                SERVO_CfgParam
 .rodata._ZN14rosserial_msgsL12REQUESTPARAME
                0x0000000008009728       0x1c Core/Src/main.o
 .rodata._ZTVN3ros10SubscriberIN8std_msgs6UInt16EvEE
                0x0000000008009744       0x18 Core/Src/main.o
                0x0000000008009744                vtable for ros::Subscriber<std_msgs::UInt16, void>
 .rodata._ZTVN3ros11NodeHandle_I13STM32HardwareLi25ELi25ELi512ELi512EEE
                0x000000000800975c       0x14 Core/Src/main.o
                0x000000000800975c                vtable for ros::NodeHandle_<STM32Hardware, 25, 25, 512, 512>
 .rodata._ZTVN3ros11Subscriber_E
                0x0000000008009770       0x18 Core/Src/main.o
                0x0000000008009770                vtable for ros::Subscriber_
 .rodata._ZTVN3ros15NodeHandleBase_E
                0x0000000008009788       0x14 Core/Src/main.o
                0x0000000008009788                vtable for ros::NodeHandleBase_
 .rodata._ZTVN14rosserial_msgs20RequestParamResponseE
                0x000000000800979c       0x18 Core/Src/main.o
                0x000000000800979c                vtable for rosserial_msgs::RequestParamResponse
 .rodata._ZTVN14rosserial_msgs3LogE
                0x00000000080097b4       0x18 Core/Src/main.o
                0x00000000080097b4                vtable for rosserial_msgs::Log
 .rodata._ZTVN14rosserial_msgs9TopicInfoE
                0x00000000080097cc       0x18 Core/Src/main.o
                0x00000000080097cc                vtable for rosserial_msgs::TopicInfo
 .rodata._ZTVN8std_msgs4TimeE
                0x00000000080097e4       0x18 Core/Src/main.o
                0x00000000080097e4                vtable for std_msgs::Time
 .rodata._ZTVN8std_msgs5UInt8E
                0x00000000080097fc       0x18 Core/Src/main.o
                0x00000000080097fc                vtable for std_msgs::UInt8
 .rodata._ZTVN8std_msgs6UInt16E
                0x0000000008009814       0x18 Core/Src/main.o
                0x0000000008009814                vtable for std_msgs::UInt16
 .rodata._ZTVN3ros3MsgE
                0x000000000800982c       0x18 Core/Src/main.o
                0x000000000800982c                vtable for ros::Msg
 .rodata.AHBPrescTable
                0x0000000008009844       0x10 Core/Src/system_stm32g4xx.o
                0x0000000008009844                AHBPrescTable
 .rodata.APBPrescTable
                0x0000000008009854        0x8 Core/Src/system_stm32g4xx.o
                0x0000000008009854                APBPrescTable
                0x000000000800985c                . = ALIGN (0x4)

.rel.dyn        0x000000000800985c        0x0
 .rel.iplt      0x000000000800985c        0x0 /opt/st/stm32cubeide_1.4.0/plugins/com.st.stm32cube.ide.mcu.externaltools.gnu-tools-for-stm32.7-2018-q2-update.linux64_1.4.0.202007081208/tools/bin/../lib/gcc/arm-none-eabi/7.3.1/thumb/v7e-m/fpv4-sp/hard/crtbegin.o

.ARM.extab      0x000000000800985c        0x0
                0x000000000800985c                . = ALIGN (0x4)
 *(.ARM.extab* .gnu.linkonce.armextab.*)
                0x000000000800985c                . = ALIGN (0x4)

.ARM            0x000000000800985c        0x0
                0x000000000800985c                . = ALIGN (0x4)
                0x000000000800985c                __exidx_start = .
 *(.ARM.exidx*)
                0x000000000800985c                __exidx_end = .
                0x000000000800985c                . = ALIGN (0x4)

.preinit_array  0x000000000800985c        0x0
                0x000000000800985c                . = ALIGN (0x4)
                0x000000000800985c                PROVIDE (__preinit_array_start = .)
 *(.preinit_array*)
                0x000000000800985c                PROVIDE (__preinit_array_end = .)
                0x000000000800985c                . = ALIGN (0x4)

.init_array     0x000000000800985c        0x8
                0x000000000800985c                . = ALIGN (0x4)
                0x000000000800985c                PROVIDE (__init_array_start = .)
 *(SORT_BY_NAME(.init_array.*))
 *(.init_array*)
 .init_array    0x000000000800985c        0x4 /opt/st/stm32cubeide_1.4.0/plugins/com.st.stm32cube.ide.mcu.externaltools.gnu-tools-for-stm32.7-2018-q2-update.linux64_1.4.0.202007081208/tools/bin/../lib/gcc/arm-none-eabi/7.3.1/thumb/v7e-m/fpv4-sp/hard/crtbegin.o
 .init_array    0x0000000008009860        0x4 Core/Src/main.o
                0x0000000008009864                PROVIDE (__init_array_end = .)
                0x0000000008009864                . = ALIGN (0x4)

.fini_array     0x0000000008009864        0x4
                0x0000000008009864                . = ALIGN (0x4)
                [!provide]                        PROVIDE (__fini_array_start = .)
 *(SORT_BY_NAME(.fini_array.*))
 *(.fini_array*)
 .fini_array    0x0000000008009864        0x4 /opt/st/stm32cubeide_1.4.0/plugins/com.st.stm32cube.ide.mcu.externaltools.gnu-tools-for-stm32.7-2018-q2-update.linux64_1.4.0.202007081208/tools/bin/../lib/gcc/arm-none-eabi/7.3.1/thumb/v7e-m/fpv4-sp/hard/crtbegin.o
                [!provide]                        PROVIDE (__fini_array_end = .)
                0x0000000008009868                . = ALIGN (0x4)
                0x0000000008009868                _sidata = LOADADDR (.data)

.data           0x0000000020000000       0x88 load address 0x0000000008009868
                0x0000000020000000                . = ALIGN (0x4)
                0x0000000020000000                _sdata = .
 *(.data)
 *(.data*)
 .data.RxBuffer
                0x0000000020000000        0x4 Core/Src/main.o
                0x0000000020000000                RxBuffer
 .data.thrusterLeft
                0x0000000020000004        0x2 Core/Src/main.o
                0x0000000020000004                thrusterLeft
 *fill*         0x0000000020000006        0x2 
 .data.powerR   0x0000000020000008        0x4 Core/Src/main.o
                0x0000000020000008                powerR
 .data.powerL   0x000000002000000c        0x4 Core/Src/main.o
                0x000000002000000c                powerL
 .data.SystemCoreClock
                0x0000000020000010        0x4 Core/Src/system_stm32g4xx.o
                0x0000000020000010                SystemCoreClock
 .data.uwTickPrio
                0x0000000020000014        0x4 Drivers/STM32G4xx_HAL_Driver/Src/stm32g4xx_hal.o
                0x0000000020000014                uwTickPrio
 .data.uwTickFreq
                0x0000000020000018        0x4 Drivers/STM32G4xx_HAL_Driver/Src/stm32g4xx_hal.o
                0x0000000020000018                uwTickFreq
 .data.uxCriticalNesting
                0x000000002000001c        0x4 Middlewares/Third_Party/FreeRTOS/Source/portable/GCC/ARM_CM4F/port.o
 .data._ZN10__cxxabiv119__terminate_handlerE
                0x0000000020000020        0x4 /opt/st/stm32cubeide_1.4.0/plugins/com.st.stm32cube.ide.mcu.externaltools.gnu-tools-for-stm32.7-2018-q2-update.linux64_1.4.0.202007081208/tools/bin/../lib/gcc/arm-none-eabi/7.3.1/../../../../arm-none-eabi/lib/thumb/v7e-m/fpv4-sp/hard/libstdc++_nano.a(eh_term_handler.o)
                0x0000000020000020                __cxxabiv1::__terminate_handler
 .data._impure_ptr
                0x0000000020000024        0x4 /opt/st/stm32cubeide_1.4.0/plugins/com.st.stm32cube.ide.mcu.externaltools.gnu-tools-for-stm32.7-2018-q2-update.linux64_1.4.0.202007081208/tools/bin/../lib/gcc/arm-none-eabi/7.3.1/../../../../arm-none-eabi/lib/thumb/v7e-m/fpv4-sp/hard/libc_nano.a(lib_a-impure.o)
                0x0000000020000024                _impure_ptr
 .data.impure_data
                0x0000000020000028       0x60 /opt/st/stm32cubeide_1.4.0/plugins/com.st.stm32cube.ide.mcu.externaltools.gnu-tools-for-stm32.7-2018-q2-update.linux64_1.4.0.202007081208/tools/bin/../lib/gcc/arm-none-eabi/7.3.1/../../../../arm-none-eabi/lib/thumb/v7e-m/fpv4-sp/hard/libc_nano.a(lib_a-impure.o)
                0x0000000020000088                . = ALIGN (0x4)
                0x0000000020000088                _edata = .

.igot.plt       0x0000000020000088        0x0 load address 0x00000000080098f0
 .igot.plt      0x0000000020000088        0x0 /opt/st/stm32cubeide_1.4.0/plugins/com.st.stm32cube.ide.mcu.externaltools.gnu-tools-for-stm32.7-2018-q2-update.linux64_1.4.0.202007081208/tools/bin/../lib/gcc/arm-none-eabi/7.3.1/thumb/v7e-m/fpv4-sp/hard/crtbegin.o
                0x0000000020000088                . = ALIGN (0x4)

.bss            0x0000000020000088     0x2108 load address 0x00000000080098f0
                0x0000000020000088                _sbss = .
                0x0000000020000088                __bss_start__ = _sbss
 *(.bss)
 .bss           0x0000000020000088       0x1c /opt/st/stm32cubeide_1.4.0/plugins/com.st.stm32cube.ide.mcu.externaltools.gnu-tools-for-stm32.7-2018-q2-update.linux64_1.4.0.202007081208/tools/bin/../lib/gcc/arm-none-eabi/7.3.1/thumb/v7e-m/fpv4-sp/hard/crtbegin.o
 *(.bss*)
 .bss.gs_SERVO_info
                0x00000000200000a4        0x8 Core/Src/Servo/servo.o
 .bss.UartHandle
                0x00000000200000ac       0x60 Core/Src/main.o
                0x00000000200000ac                UartHandle
 .bss.Buffer_1  0x000000002000010c        0x1 Core/Src/main.o
                0x000000002000010c                Buffer_1
 *fill*         0x000000002000010d        0x3 
 .bss.channel4  0x0000000020000110        0x4 Core/Src/main.o
                0x0000000020000110                channel4
 .bss.channel2  0x0000000020000114        0x4 Core/Src/main.o
                0x0000000020000114                channel2
 .bss.channel5  0x0000000020000118        0x4 Core/Src/main.o
                0x0000000020000118                channel5
 .bss.thrusterRight
                0x000000002000011c        0x2 Core/Src/main.o
                0x000000002000011c                thrusterRight
 *fill*         0x000000002000011e        0x2 
 .bss.nh        0x0000000020000120      0x530 Core/Src/main.o
                0x0000000020000120                nh
 .bss.flag      0x0000000020000650        0x8 Core/Src/main.o
                0x0000000020000650                flag
 .bss.rsub      0x0000000020000658       0x1c Core/Src/main.o
                0x0000000020000658                rsub
 .bss.lsub      0x0000000020000674       0x1c Core/Src/main.o
                0x0000000020000674                lsub
 .bss.stm32     0x0000000020000690       0x14 Core/Src/main.o
                0x0000000020000690                stm32
 .bss.hi2c1     0x00000000200006a4       0x4c Core/Src/main.o
                0x00000000200006a4                hi2c1
 .bss.htim2     0x00000000200006f0       0x4c Core/Src/main.o
                0x00000000200006f0                htim2
 .bss.htim3     0x000000002000073c       0x4c Core/Src/main.o
                0x000000002000073c                htim3
 .bss.htim17    0x0000000020000788       0x4c Core/Src/main.o
                0x0000000020000788                htim17
 .bss.husart2   0x00000000200007d4       0x60 Core/Src/main.o
                0x00000000200007d4                husart2
 .bss.__sbrk_heap_end
                0x0000000020000834        0x4 Core/Src/sysmem.o
 .bss.KernelState
                0x0000000020000838        0x4 Middlewares/Third_Party/FreeRTOS/Source/CMSIS_RTOS_V2/cmsis_os2.o
 .bss.Idle_TCB  0x000000002000083c       0x5c Middlewares/Third_Party/FreeRTOS/Source/CMSIS_RTOS_V2/cmsis_os2.o
 .bss.Idle_Stack
                0x0000000020000898      0x200 Middlewares/Third_Party/FreeRTOS/Source/CMSIS_RTOS_V2/cmsis_os2.o
 .bss.Timer_TCB
                0x0000000020000a98       0x5c Middlewares/Third_Party/FreeRTOS/Source/CMSIS_RTOS_V2/cmsis_os2.o
 .bss.Timer_Stack
                0x0000000020000af4      0x400 Middlewares/Third_Party/FreeRTOS/Source/CMSIS_RTOS_V2/cmsis_os2.o
 .bss.pxCurrentTCB
                0x0000000020000ef4        0x4 Middlewares/Third_Party/FreeRTOS/Source/tasks.o
                0x0000000020000ef4                pxCurrentTCB
 .bss.pxReadyTasksLists
                0x0000000020000ef8      0x460 Middlewares/Third_Party/FreeRTOS/Source/tasks.o
 .bss.xDelayedTaskList1
                0x0000000020001358       0x14 Middlewares/Third_Party/FreeRTOS/Source/tasks.o
 .bss.xDelayedTaskList2
                0x000000002000136c       0x14 Middlewares/Third_Party/FreeRTOS/Source/tasks.o
 .bss.pxDelayedTaskList
                0x0000000020001380        0x4 Middlewares/Third_Party/FreeRTOS/Source/tasks.o
 .bss.pxOverflowDelayedTaskList
                0x0000000020001384        0x4 Middlewares/Third_Party/FreeRTOS/Source/tasks.o
 .bss.xPendingReadyList
                0x0000000020001388       0x14 Middlewares/Third_Party/FreeRTOS/Source/tasks.o
 .bss.xTasksWaitingTermination
                0x000000002000139c       0x14 Middlewares/Third_Party/FreeRTOS/Source/tasks.o
 .bss.uxDeletedTasksWaitingCleanUp
                0x00000000200013b0        0x4 Middlewares/Third_Party/FreeRTOS/Source/tasks.o
 .bss.xSuspendedTaskList
                0x00000000200013b4       0x14 Middlewares/Third_Party/FreeRTOS/Source/tasks.o
 .bss.uxCurrentNumberOfTasks
                0x00000000200013c8        0x4 Middlewares/Third_Party/FreeRTOS/Source/tasks.o
 .bss.xTickCount
                0x00000000200013cc        0x4 Middlewares/Third_Party/FreeRTOS/Source/tasks.o
 .bss.uxTopReadyPriority
                0x00000000200013d0        0x4 Middlewares/Third_Party/FreeRTOS/Source/tasks.o
 .bss.xSchedulerRunning
                0x00000000200013d4        0x4 Middlewares/Third_Party/FreeRTOS/Source/tasks.o
 .bss.uxPendedTicks
                0x00000000200013d8        0x4 Middlewares/Third_Party/FreeRTOS/Source/tasks.o
 .bss.xYieldPending
                0x00000000200013dc        0x4 Middlewares/Third_Party/FreeRTOS/Source/tasks.o
 .bss.xNumOfOverflows
                0x00000000200013e0        0x4 Middlewares/Third_Party/FreeRTOS/Source/tasks.o
 .bss.uxTaskNumber
                0x00000000200013e4        0x4 Middlewares/Third_Party/FreeRTOS/Source/tasks.o
 .bss.xNextTaskUnblockTime
                0x00000000200013e8        0x4 Middlewares/Third_Party/FreeRTOS/Source/tasks.o
 .bss.xIdleTaskHandle
                0x00000000200013ec        0x4 Middlewares/Third_Party/FreeRTOS/Source/tasks.o
 .bss.uxSchedulerSuspended
                0x00000000200013f0        0x4 Middlewares/Third_Party/FreeRTOS/Source/tasks.o
 .bss.xActiveTimerList1
                0x00000000200013f4       0x14 Middlewares/Third_Party/FreeRTOS/Source/timers.o
 .bss.xActiveTimerList2
                0x0000000020001408       0x14 Middlewares/Third_Party/FreeRTOS/Source/timers.o
 .bss.pxCurrentTimerList
                0x000000002000141c        0x4 Middlewares/Third_Party/FreeRTOS/Source/timers.o
 .bss.pxOverflowTimerList
                0x0000000020001420        0x4 Middlewares/Third_Party/FreeRTOS/Source/timers.o
 .bss.xTimerQueue
                0x0000000020001424        0x4 Middlewares/Third_Party/FreeRTOS/Source/timers.o
 .bss.xTimerTaskHandle
                0x0000000020001428        0x4 Middlewares/Third_Party/FreeRTOS/Source/timers.o
 .bss.xLastTime.6743
                0x000000002000142c        0x4 Middlewares/Third_Party/FreeRTOS/Source/timers.o
 .bss.ucStaticTimerQueueStorage.6794
                0x0000000020001430       0xa0 Middlewares/Third_Party/FreeRTOS/Source/timers.o
 .bss.xStaticTimerQueue.6793
                0x00000000200014d0       0x50 Middlewares/Third_Party/FreeRTOS/Source/timers.o
 .bss.ucMaxSysCallPriority
                0x0000000020001520        0x1 Middlewares/Third_Party/FreeRTOS/Source/portable/GCC/ARM_CM4F/port.o
 *fill*         0x0000000020001521        0x3 
 .bss.ulMaxPRIGROUPValue
                0x0000000020001524        0x4 Middlewares/Third_Party/FreeRTOS/Source/portable/GCC/ARM_CM4F/port.o
 .bss.ucHeap    0x0000000020001528      0xc00 Middlewares/Third_Party/FreeRTOS/Source/portable/MemMang/heap_4.o
 .bss.xStart    0x0000000020002128        0x8 Middlewares/Third_Party/FreeRTOS/Source/portable/MemMang/heap_4.o
 .bss.pxEnd     0x0000000020002130        0x4 Middlewares/Third_Party/FreeRTOS/Source/portable/MemMang/heap_4.o
 .bss.xFreeBytesRemaining
                0x0000000020002134        0x4 Middlewares/Third_Party/FreeRTOS/Source/portable/MemMang/heap_4.o
 .bss.xMinimumEverFreeBytesRemaining
                0x0000000020002138        0x4 Middlewares/Third_Party/FreeRTOS/Source/portable/MemMang/heap_4.o
 .bss.xBlockAllocatedBit
                0x000000002000213c        0x4 Middlewares/Third_Party/FreeRTOS/Source/portable/MemMang/heap_4.o
 .bss.__malloc_free_list
                0x0000000020002140        0x4 /opt/st/stm32cubeide_1.4.0/plugins/com.st.stm32cube.ide.mcu.externaltools.gnu-tools-for-stm32.7-2018-q2-update.linux64_1.4.0.202007081208/tools/bin/../lib/gcc/arm-none-eabi/7.3.1/../../../../arm-none-eabi/lib/thumb/v7e-m/fpv4-sp/hard/libc_nano.a(lib_a-nano-mallocr.o)
                0x0000000020002140                __malloc_free_list
 .bss.__malloc_sbrk_start
                0x0000000020002144        0x4 /opt/st/stm32cubeide_1.4.0/plugins/com.st.stm32cube.ide.mcu.externaltools.gnu-tools-for-stm32.7-2018-q2-update.linux64_1.4.0.202007081208/tools/bin/../lib/gcc/arm-none-eabi/7.3.1/../../../../arm-none-eabi/lib/thumb/v7e-m/fpv4-sp/hard/libc_nano.a(lib_a-nano-mallocr.o)
                0x0000000020002144                __malloc_sbrk_start
 *(COMMON)
 COMMON         0x0000000020002148        0x4 Drivers/STM32G4xx_HAL_Driver/Src/stm32g4xx_hal.o
                0x0000000020002148                uwTick
 COMMON         0x000000002000214c       0x40 Middlewares/Third_Party/FreeRTOS/Source/queue.o
                0x000000002000214c                xQueueRegistry
 COMMON         0x000000002000218c        0x4 /opt/st/stm32cubeide_1.4.0/plugins/com.st.stm32cube.ide.mcu.externaltools.gnu-tools-for-stm32.7-2018-q2-update.linux64_1.4.0.202007081208/tools/bin/../lib/gcc/arm-none-eabi/7.3.1/../../../../arm-none-eabi/lib/thumb/v7e-m/fpv4-sp/hard/libc_nano.a(lib_a-reent.o)
                0x000000002000218c                errno
                0x0000000020002190                . = ALIGN (0x4)
                0x0000000020002190                _ebss = .
                0x0000000020002190                __bss_end__ = _ebss

._user_heap_stack
                0x0000000020002190      0x600 load address 0x00000000080098f0
                0x0000000020002190                . = ALIGN (0x8)
                [!provide]                        PROVIDE (end = .)
                0x0000000020002190                PROVIDE (_end = .)
                0x0000000020002390                . = (. + _Min_Heap_Size)
 *fill*         0x0000000020002190      0x200 
                0x0000000020002790                . = (. + _Min_Stack_Size)
 *fill*         0x0000000020002390      0x400 
                0x0000000020002790                . = ALIGN (0x8)

/DISCARD/
 libc.a(*)
 libm.a(*)
 libgcc.a(*)

.ARM.attributes
                0x0000000000000000       0x30
 *(.ARM.attributes)
 .ARM.attributes
                0x0000000000000000       0x22 /opt/st/stm32cubeide_1.4.0/plugins/com.st.stm32cube.ide.mcu.externaltools.gnu-tools-for-stm32.7-2018-q2-update.linux64_1.4.0.202007081208/tools/bin/../lib/gcc/arm-none-eabi/7.3.1/thumb/v7e-m/fpv4-sp/hard/crti.o
 .ARM.attributes
                0x0000000000000022       0x34 /opt/st/stm32cubeide_1.4.0/plugins/com.st.stm32cube.ide.mcu.externaltools.gnu-tools-for-stm32.7-2018-q2-update.linux64_1.4.0.202007081208/tools/bin/../lib/gcc/arm-none-eabi/7.3.1/thumb/v7e-m/fpv4-sp/hard/crtbegin.o
 .ARM.attributes
                0x0000000000000056       0x39 Core/Src/Servo/Servo_cfg.o
 .ARM.attributes
                0x000000000000008f       0x39 Core/Src/Servo/servo.o
 .ARM.attributes
                0x00000000000000c8       0x39 Core/Src/functions.o
 .ARM.attributes
                0x0000000000000101       0x39 Core/Src/gpio.o
 .ARM.attributes
                0x000000000000013a       0x39 Core/Src/i2c.o
 .ARM.attributes
                0x0000000000000173       0x39 Core/Src/main.o
 .ARM.attributes
                0x00000000000001ac       0x39 Core/Src/stm32g4xx_hal_msp.o
 .ARM.attributes
                0x00000000000001e5       0x39 Core/Src/stm32g4xx_it.o
 .ARM.attributes
                0x000000000000021e       0x39 Core/Src/syscalls.o
 .ARM.attributes
                0x0000000000000257       0x39 Core/Src/sysmem.o
 .ARM.attributes
                0x0000000000000290       0x39 Core/Src/system_stm32g4xx.o
 .ARM.attributes
                0x00000000000002c9       0x39 Core/Src/tim.o
 .ARM.attributes
                0x0000000000000302       0x39 Core/Src/usart.o
 .ARM.attributes
                0x000000000000033b       0x21 Core/Startup/startup_stm32g431kbtx.o
 .ARM.attributes
                0x000000000000035c       0x39 Drivers/STM32G4xx_HAL_Driver/Src/stm32g4xx_hal.o
 .ARM.attributes
                0x0000000000000395       0x39 Drivers/STM32G4xx_HAL_Driver/Src/stm32g4xx_hal_cortex.o
 .ARM.attributes
                0x00000000000003ce       0x39 Drivers/STM32G4xx_HAL_Driver/Src/stm32g4xx_hal_gpio.o
 .ARM.attributes
                0x0000000000000407       0x39 Drivers/STM32G4xx_HAL_Driver/Src/stm32g4xx_hal_i2c.o
 .ARM.attributes
                0x0000000000000440       0x39 Drivers/STM32G4xx_HAL_Driver/Src/stm32g4xx_hal_i2c_ex.o
 .ARM.attributes
                0x0000000000000479       0x39 Drivers/STM32G4xx_HAL_Driver/Src/stm32g4xx_hal_pwr_ex.o
 .ARM.attributes
                0x00000000000004b2       0x39 Drivers/STM32G4xx_HAL_Driver/Src/stm32g4xx_hal_rcc.o
 .ARM.attributes
                0x00000000000004eb       0x39 Drivers/STM32G4xx_HAL_Driver/Src/stm32g4xx_hal_rcc_ex.o
 .ARM.attributes
                0x0000000000000524       0x39 Drivers/STM32G4xx_HAL_Driver/Src/stm32g4xx_hal_tim.o
 .ARM.attributes
                0x000000000000055d       0x39 Drivers/STM32G4xx_HAL_Driver/Src/stm32g4xx_hal_tim_ex.o
 .ARM.attributes
                0x0000000000000596       0x39 Drivers/STM32G4xx_HAL_Driver/Src/stm32g4xx_hal_usart.o
 .ARM.attributes
                0x00000000000005cf       0x39 Drivers/STM32G4xx_HAL_Driver/Src/stm32g4xx_hal_usart_ex.o
 .ARM.attributes
                0x0000000000000608       0x39 Middlewares/Third_Party/FreeRTOS/Source/CMSIS_RTOS_V2/cmsis_os2.o
 .ARM.attributes
                0x0000000000000641       0x39 Middlewares/Third_Party/FreeRTOS/Source/list.o
 .ARM.attributes
                0x000000000000067a       0x39 Middlewares/Third_Party/FreeRTOS/Source/queue.o
 .ARM.attributes
                0x00000000000006b3       0x39 Middlewares/Third_Party/FreeRTOS/Source/tasks.o
 .ARM.attributes
                0x00000000000006ec       0x39 Middlewares/Third_Party/FreeRTOS/Source/timers.o
 .ARM.attributes
                0x0000000000000725       0x39 Middlewares/Third_Party/FreeRTOS/Source/portable/GCC/ARM_CM4F/port.o
 .ARM.attributes
                0x000000000000075e       0x39 Middlewares/Third_Party/FreeRTOS/Source/portable/MemMang/heap_4.o
 .ARM.attributes
                0x0000000000000797       0x34 /opt/st/stm32cubeide_1.4.0/plugins/com.st.stm32cube.ide.mcu.externaltools.gnu-tools-for-stm32.7-2018-q2-update.linux64_1.4.0.202007081208/tools/bin/../lib/gcc/arm-none-eabi/7.3.1/../../../../arm-none-eabi/lib/thumb/v7e-m/fpv4-sp/hard/libstdc++_nano.a(pure.o)
 .ARM.attributes
                0x00000000000007cb       0x34 /opt/st/stm32cubeide_1.4.0/plugins/com.st.stm32cube.ide.mcu.externaltools.gnu-tools-for-stm32.7-2018-q2-update.linux64_1.4.0.202007081208/tools/bin/../lib/gcc/arm-none-eabi/7.3.1/../../../../arm-none-eabi/lib/thumb/v7e-m/fpv4-sp/hard/libstdc++_nano.a(eh_terminate.o)
 .ARM.attributes
                0x00000000000007ff       0x34 /opt/st/stm32cubeide_1.4.0/plugins/com.st.stm32cube.ide.mcu.externaltools.gnu-tools-for-stm32.7-2018-q2-update.linux64_1.4.0.202007081208/tools/bin/../lib/gcc/arm-none-eabi/7.3.1/../../../../arm-none-eabi/lib/thumb/v7e-m/fpv4-sp/hard/libstdc++_nano.a(eh_term_handler.o)
 .ARM.attributes
                0x0000000000000833       0x34 /opt/st/stm32cubeide_1.4.0/plugins/com.st.stm32cube.ide.mcu.externaltools.gnu-tools-for-stm32.7-2018-q2-update.linux64_1.4.0.202007081208/tools/bin/../lib/gcc/arm-none-eabi/7.3.1/../../../../arm-none-eabi/lib/thumb/v7e-m/fpv4-sp/hard/libc_nano.a(lib_a-abort.o)
 .ARM.attributes
                0x0000000000000867       0x34 /opt/st/stm32cubeide_1.4.0/plugins/com.st.stm32cube.ide.mcu.externaltools.gnu-tools-for-stm32.7-2018-q2-update.linux64_1.4.0.202007081208/tools/bin/../lib/gcc/arm-none-eabi/7.3.1/../../../../arm-none-eabi/lib/thumb/v7e-m/fpv4-sp/hard/libc_nano.a(lib_a-errno.o)
 .ARM.attributes
                0x000000000000089b       0x34 /opt/st/stm32cubeide_1.4.0/plugins/com.st.stm32cube.ide.mcu.externaltools.gnu-tools-for-stm32.7-2018-q2-update.linux64_1.4.0.202007081208/tools/bin/../lib/gcc/arm-none-eabi/7.3.1/../../../../arm-none-eabi/lib/thumb/v7e-m/fpv4-sp/hard/libc_nano.a(lib_a-impure.o)
 .ARM.attributes
                0x00000000000008cf       0x34 /opt/st/stm32cubeide_1.4.0/plugins/com.st.stm32cube.ide.mcu.externaltools.gnu-tools-for-stm32.7-2018-q2-update.linux64_1.4.0.202007081208/tools/bin/../lib/gcc/arm-none-eabi/7.3.1/../../../../arm-none-eabi/lib/thumb/v7e-m/fpv4-sp/hard/libc_nano.a(lib_a-init.o)
 .ARM.attributes
                0x0000000000000903       0x34 /opt/st/stm32cubeide_1.4.0/plugins/com.st.stm32cube.ide.mcu.externaltools.gnu-tools-for-stm32.7-2018-q2-update.linux64_1.4.0.202007081208/tools/bin/../lib/gcc/arm-none-eabi/7.3.1/../../../../arm-none-eabi/lib/thumb/v7e-m/fpv4-sp/hard/libc_nano.a(lib_a-memcpy-stub.o)
 .ARM.attributes
                0x0000000000000937       0x34 /opt/st/stm32cubeide_1.4.0/plugins/com.st.stm32cube.ide.mcu.externaltools.gnu-tools-for-stm32.7-2018-q2-update.linux64_1.4.0.202007081208/tools/bin/../lib/gcc/arm-none-eabi/7.3.1/../../../../arm-none-eabi/lib/thumb/v7e-m/fpv4-sp/hard/libc_nano.a(lib_a-memset.o)
 .ARM.attributes
                0x000000000000096b       0x34 /opt/st/stm32cubeide_1.4.0/plugins/com.st.stm32cube.ide.mcu.externaltools.gnu-tools-for-stm32.7-2018-q2-update.linux64_1.4.0.202007081208/tools/bin/../lib/gcc/arm-none-eabi/7.3.1/../../../../arm-none-eabi/lib/thumb/v7e-m/fpv4-sp/hard/libc_nano.a(lib_a-realloc.o)
 .ARM.attributes
                0x000000000000099f       0x34 /opt/st/stm32cubeide_1.4.0/plugins/com.st.stm32cube.ide.mcu.externaltools.gnu-tools-for-stm32.7-2018-q2-update.linux64_1.4.0.202007081208/tools/bin/../lib/gcc/arm-none-eabi/7.3.1/../../../../arm-none-eabi/lib/thumb/v7e-m/fpv4-sp/hard/libc_nano.a(lib_a-signal.o)
 .ARM.attributes
                0x00000000000009d3       0x34 /opt/st/stm32cubeide_1.4.0/plugins/com.st.stm32cube.ide.mcu.externaltools.gnu-tools-for-stm32.7-2018-q2-update.linux64_1.4.0.202007081208/tools/bin/../lib/gcc/arm-none-eabi/7.3.1/../../../../arm-none-eabi/lib/thumb/v7e-m/fpv4-sp/hard/libc_nano.a(lib_a-signalr.o)
 .ARM.attributes